Component: ARM Compiler 5.06 update 7 (build 960) Tool: armlink [4d3601]

==============================================================================

Section Cross References

    main.o(i.main) refers to system_stm32f10x.o(i.SystemInit) for SystemInit
    main.o(i.main) refers to delay.o(i.delay_init) for delay_init
    main.o(i.main) refers to misc.o(i.NVIC_PriorityGroupConfig) for NVIC_PriorityGroupConfig
    main.o(i.main) refers to master.o(i.RS485_Init) for RS485_Init
    main.o(i.main) refers to relay.o(i.RELAY_Init) for RELAY_Init
    main.o(i.main) refers to flagdeal.o(i.flag_sys_init) for flag_sys_init
    main.o(i.main) refers to uart1.o(i.uart1_init) for uart1_init
    main.o(i.main) refers to ad7191.o(i.ad7191_config) for ad7191_config
    main.o(i.main) refers to exti.o(i.EXTIX_Init) for EXTIX_Init
    main.o(i.main) refers to flash.o(i.flash_read) for flash_read
    main.o(i.main) refers to flash.o(i.test_para_filled) for test_para_filled
    main.o(i.main) refers to timer.o(i.TIM2_Int_Init) for TIM2_Int_Init
    main.o(i.main) refers to hmi_1.o(i.HMI_Init) for HMI_Init
    main.o(i.main) refers to main.o(.bss) for Data_pro_edit
    system_stm32f10x.o(i.SetSysClock) refers to system_stm32f10x.o(i.SetSysClockTo72) for SetSysClockTo72
    system_stm32f10x.o(i.SystemCoreClockUpdate) refers to system_stm32f10x.o(.data) for SystemCoreClock
    system_stm32f10x.o(i.SystemInit) refers to system_stm32f10x.o(i.SetSysClock) for SetSysClock
    startup_stm32f10x_md.o(RESET) refers to startup_stm32f10x_md.o(STACK) for __initial_sp
    startup_stm32f10x_md.o(RESET) refers to startup_stm32f10x_md.o(.text) for Reset_Handler
    startup_stm32f10x_md.o(RESET) refers to stm32f10x_it.o(i.NMI_Handler) for NMI_Handler
    startup_stm32f10x_md.o(RESET) refers to stm32f10x_it.o(i.HardFault_Handler) for HardFault_Handler
    startup_stm32f10x_md.o(RESET) refers to stm32f10x_it.o(i.MemManage_Handler) for MemManage_Handler
    startup_stm32f10x_md.o(RESET) refers to stm32f10x_it.o(i.BusFault_Handler) for BusFault_Handler
    startup_stm32f10x_md.o(RESET) refers to stm32f10x_it.o(i.UsageFault_Handler) for UsageFault_Handler
    startup_stm32f10x_md.o(RESET) refers to stm32f10x_it.o(i.SVC_Handler) for SVC_Handler
    startup_stm32f10x_md.o(RESET) refers to stm32f10x_it.o(i.DebugMon_Handler) for DebugMon_Handler
    startup_stm32f10x_md.o(RESET) refers to stm32f10x_it.o(i.PendSV_Handler) for PendSV_Handler
    startup_stm32f10x_md.o(RESET) refers to stm32f10x_it.o(i.SysTick_Handler) for SysTick_Handler
    startup_stm32f10x_md.o(RESET) refers to exti.o(i.EXTI9_5_IRQHandler) for EXTI9_5_IRQHandler
    startup_stm32f10x_md.o(RESET) refers to timer.o(i.TIM2_IRQHandler) for TIM2_IRQHandler
    startup_stm32f10x_md.o(RESET) refers to master.o(i.TIM3_IRQHandler) for TIM3_IRQHandler
    startup_stm32f10x_md.o(RESET) refers to master.o(i.TIM4_IRQHandler) for TIM4_IRQHandler
    startup_stm32f10x_md.o(RESET) refers to uart1.o(i.USART1_IRQHandler) for USART1_IRQHandler
    startup_stm32f10x_md.o(RESET) refers to master.o(i.USART2_IRQHandler) for USART2_IRQHandler
    startup_stm32f10x_md.o(RESET) refers to uart3.o(i.USART3_IRQHandler) for USART3_IRQHandler
    startup_stm32f10x_md.o(RESET) refers to exti.o(i.EXTI15_10_IRQHandler) for EXTI15_10_IRQHandler
    startup_stm32f10x_md.o(.text) refers to system_stm32f10x.o(i.SystemInit) for SystemInit
    startup_stm32f10x_md.o(.text) refers to entry.o(.ARM.Collect$$$$00000000) for __main
    stm32f10x_tim.o(i.TIM_DeInit) refers to stm32f10x_rcc.o(i.RCC_APB2PeriphResetCmd) for RCC_APB2PeriphResetCmd
    stm32f10x_tim.o(i.TIM_DeInit) refers to stm32f10x_rcc.o(i.RCC_APB1PeriphResetCmd) for RCC_APB1PeriphResetCmd
    stm32f10x_tim.o(i.TIM_ETRClockMode1Config) refers to stm32f10x_tim.o(i.TIM_ETRConfig) for TIM_ETRConfig
    stm32f10x_tim.o(i.TIM_ETRClockMode2Config) refers to stm32f10x_tim.o(i.TIM_ETRConfig) for TIM_ETRConfig
    stm32f10x_tim.o(i.TIM_ICInit) refers to stm32f10x_tim.o(i.TI1_Config) for TI1_Config
    stm32f10x_tim.o(i.TIM_ICInit) refers to stm32f10x_tim.o(i.TIM_SetIC1Prescaler) for TIM_SetIC1Prescaler
    stm32f10x_tim.o(i.TIM_ICInit) refers to stm32f10x_tim.o(i.TI2_Config) for TI2_Config
    stm32f10x_tim.o(i.TIM_ICInit) refers to stm32f10x_tim.o(i.TIM_SetIC2Prescaler) for TIM_SetIC2Prescaler
    stm32f10x_tim.o(i.TIM_ICInit) refers to stm32f10x_tim.o(i.TI3_Config) for TI3_Config
    stm32f10x_tim.o(i.TIM_ICInit) refers to stm32f10x_tim.o(i.TIM_SetIC3Prescaler) for TIM_SetIC3Prescaler
    stm32f10x_tim.o(i.TIM_ICInit) refers to stm32f10x_tim.o(i.TI4_Config) for TI4_Config
    stm32f10x_tim.o(i.TIM_ICInit) refers to stm32f10x_tim.o(i.TIM_SetIC4Prescaler) for TIM_SetIC4Prescaler
    stm32f10x_tim.o(i.TIM_ITRxExternalClockConfig) refers to stm32f10x_tim.o(i.TIM_SelectInputTrigger) for TIM_SelectInputTrigger
    stm32f10x_tim.o(i.TIM_PWMIConfig) refers to stm32f10x_tim.o(i.TI1_Config) for TI1_Config
[...]
    ..\STM32F10x_FWLib\src\stm32f10x_wwdg.c  0x00000000   Number         0  stm32f10x_wwdg.o ABSOLUTE
    ..\SYSTEM\ad7191\ad7191.c                0x00000000   Number         0  ad7191.o ABSOLUTE
    ..\SYSTEM\delay\delay.c                  0x00000000   Number         0  delay.o ABSOLUTE
    ..\SYSTEM\sys\sys.c                      0x00000000   Number         0  sys.o ABSOLUTE
    ..\SYSTEM\usart\uart1.c                  0x00000000   Number         0  uart1.o ABSOLUTE
    ..\SYSTEM\usart\usart.c                  0x00000000   Number         0  usart.o ABSOLUTE
    ..\\CORE\\core_cm3.c                     0x00000000   Number         0  core_cm3.o ABSOLUTE
    ..\\SYSTEM\\sys\\sys.c                   0x00000000   Number         0  sys.o ABSOLUTE
    cdcmple.s                                0x00000000   Number         0  cdcmple.o ABSOLUTE
    cdrcmple.s                               0x00000000   Number         0  cdrcmple.o ABSOLUTE
    cfcmple.s                                0x00000000   Number         0  cfcmple.o ABSOLUTE
    cfrcmple.s                               0x00000000   Number         0  cfrcmple.o ABSOLUTE
    dc.s                                     0x00000000   Number         0  dc.o ABSOLUTE
    handlers.s                               0x00000000   Number         0  handlers.o ABSOLUTE
    init.s                                   0x00000000   Number         0  init.o ABSOLUTE
    main.c                                   0x00000000   Number         0  main.o ABSOLUTE
    stm32f10x_it.c                           0x00000000   Number         0  stm32f10x_it.o ABSOLUTE
    system_stm32f10x.c                       0x00000000   Number         0  system_stm32f10x.o ABSOLUTE
    RESET                                    0x08000000   Section      236  startup_stm32f10x_md.o(RESET)
    .ARM.Collect$$$$00000000                 0x080000ec   Section        0  entry.o(.ARM.Collect$$$$00000000)
    .ARM.Collect$$$$00000001                 0x080000ec   Section        4  entry2.o(.ARM.Collect$$$$00000001)
    .ARM.Collect$$$$00000004                 0x080000f0   Section        4  entry5.o(.ARM.Collect$$$$00000004)
    .ARM.Collect$$$$00000008                 0x080000f4   Section        0  entry7b.o(.ARM.Collect$$$$00000008)
    .ARM.Collect$$$$0000000A                 0x080000f4   Section        0  entry8b.o(.ARM.Collect$$$$0000000A)
    .ARM.Collect$$$$0000000B                 0x080000f4   Section        8  entry9a.o(.ARM.Collect$$$$0000000B)
    .ARM.Collect$$$$0000000E                 0x080000fc   Section        4  entry12b.o(.ARM.Collect$$$$0000000E)
    .ARM.Collect$$$$0000000F                 0x08000100   Section        0  entry10a.o(.ARM.Collect$$$$0000000F)
    .ARM.Collect$$$$00000011                 0x08000100   Section        0  entry11a.o(.ARM.Collect$$$$00000011)
    .ARM.Collect$$$$00002712                 0x08000100   Section        4  entry2.o(.ARM.Collect$$$$00002712)
    __lit__00000000                          0x08000100   Data           4  entry2.o(.ARM.Collect$$$$00002712)
    .text                                    0x08000104   Section       36  startup_stm32f10x_md.o(.text)
    .text                                    0x08000128   Section        0  memcpya.o(.text)
    .text                                    0x0800014c   Section        0  memseta.o(.text)
    .text                                    0x08000170   Section        0  calloc.o(.text)
    .text                                    0x0800018c   Section        0  fadd.o(.text)
    .text                                    0x0800023c   Section        0  fmul.o(.text)
    .text                                    0x080002a0   Section        0  fdiv.o(.text)
    .text                                    0x0800031c   Section        0  dadd.o(.text)
    .text                                    0x0800046a   Section        0  dmul.o(.text)
    .text                                    0x0800054e   Section        0  ddiv.o(.text)
    .text                                    0x0800062c   Section        0  fflti.o(.text)
    .text                                    0x0800063e   Section        0  ffixui.o(.text)
    .text                                    0x08000666   Section        0  f2d.o(.text)
    .text                                    0x0800068c   Section       48  cdcmple.o(.text)
    .text                                    0x080006bc   Section       48  cdrcmple.o(.text)
    .text                                    0x080006ec   Section        0  d2f.o(.text)
    .text                                    0x08000724   Section       20  cfcmple.o(.text)
    .text                                    0x08000738   Section       20  cfrcmple.o(.text)
    .text                                    0x0800074c   Section        0  uidiv.o(.text)
    .text                                    0x08000778   Section        0  uldiv.o(.text)
    .text                                    0x080007da   Section        0  llshl.o(.text)
    .text                                    0x080007f8   Section        0  llsshr.o(.text)
    .text                                    0x0800081c   Section        0  fepilogue.o(.text)
    .text                                    0x0800081c   Section        0  iusefp.o(.text)
    .text                                    0x0800088a   Section        0  depilogue.o(.text)
    .text                                    0x08000944   Section        0  dfixul.o(.text)
    .text                                    0x08000974   Section       36  init.o(.text)
    .text                                    0x08000998   Section        0  llushr.o(.text)
    .text                                    0x080009b8   Section        0  __dczerorl2.o(.text)
    i.AD7191_gpio_Configuration              0x08000a10   Section        0  ad7191.o(i.AD7191_gpio_Configuration)
    i.Beep_Config                            0x08000aac   Section        0  uart1.o(i.Beep_Config)
    i.BusFault_Handler                       0x08000ad8   Section        0  stm32f10x_it.o(i.BusFault_Handler)
    i.DebugMon_Handler                       0x08000adc   Section        0  stm32f10x_it.o(i.DebugMon_Handler)
    i.EXTI15_10_IRQHandler                   0x08000ae0   Section        0  exti.o(i.EXTI15_10_IRQHandler)
    i.EXTI9_5_IRQHandler                     0x08000b00   Section        0  exti.o(i.EXTI9_5_IRQHandler)
    i.EXTIX_Init                             0x08000d58   Section        0  exti.o(i.EXTIX_Init)
    i.EXTI_ClearITPendingBit                 0x08000de8   Section        0  stm32f10x_exti.o(i.EXTI_ClearITPendingBit)
    i.EXTI_GetITStatus                       0x08000df4   Section        0  stm32f10x_exti.o(i.EXTI_GetITStatus)
    i.EXTI_Init                              0x08000e1c   Section        0  stm32f10x_exti.o(i.EXTI_Init)
    i.FLASH_ClearFlag                        0x08000eb0   Section        0  stm32f10x_flash.o(i.FLASH_ClearFlag)
    i.FLASH_ErasePage                        0x08000ebc   Section        0  stm32f10x_flash.o(i.FLASH_ErasePage)
    i.FLASH_GetBank1Status                   0x08000f08   Section        0  stm32f10x_flash.o(i.FLASH_GetBank1Status)
    i.FLASH_LockBank1                        0x08000f3c   Section        0  stm32f10x_flash.o(i.FLASH_LockBank1)
    i.FLASH_ProgramWord                      0x08000f50   Section        0  stm32f10x_flash.o(i.FLASH_ProgramWord)
    i.FLASH_UnlockBank1                      0x08000fbc   Section        0  stm32f10x_flash.o(i.FLASH_UnlockBank1)
    i.FLASH_WaitForLastOperation             0x08000fd4   Section        0  stm32f10x_flash.o(i.FLASH_WaitForLastOperation)
    i.GPIO_EXTILineConfig                    0x08000ffc   Section        0  stm32f10x_gpio.o(i.GPIO_EXTILineConfig)
    i.GPIO_Init                              0x0800103c   Section        0  stm32f10x_gpio.o(i.GPIO_Init)
    i.GPIO_ResetBits                         0x08001152   Section        0  stm32f10x_gpio.o(i.GPIO_ResetBits)
    i.GPIO_SetBits                           0x08001156   Section        0  stm32f10x_gpio.o(i.GPIO_SetBits)
    i.GetTemperature                         0x0800115c   Section        0  ad7191.o(i.GetTemperature)
    i.HMI_Init                               0x0800122c   Section        0  hmi_1.o(i.HMI_Init)
    i.HardFault_Handler                      0x08001270   Section        0  stm32f10x_it.o(i.HardFault_Handler)
    i.HexToASCII                             0x08001284   Section        0  master.o(i.HexToASCII)
    i.MemManage_Handler                      0x080012ca   Section        0  stm32f10x_it.o(i.MemManage_Handler)
    i.NMI_Handler                            0x080012ce   Section        0  stm32f10x_it.o(i.NMI_Handler)
    i.NVIC_Init                              0x080012d0   Section        0  misc.o(i.NVIC_Init)
    i.NVIC_PriorityGroupConfig               0x08001340   Section        0  misc.o(i.NVIC_PriorityGroupConfig)
    i.PendSV_Handler                         0x08001354   Section        0  stm32f10x_it.o(i.PendSV_Handler)
    i.RCC_APB1PeriphClockCmd                 0x08001358   Section        0  stm32f10x_rcc.o(i.RCC_APB1PeriphClockCmd)
    i.RCC_APB1PeriphResetCmd                 0x08001378   Section        0  stm32f10x_rcc.o(i.RCC_APB1PeriphResetCmd)
    i.RCC_APB2PeriphClockCmd                 0x08001398   Section        0  stm32f10x_rcc.o(i.RCC_APB2PeriphClockCmd)
    i.RCC_APB2PeriphResetCmd                 0x080013b8   Section        0  stm32f10x_rcc.o(i.RCC_APB2PeriphResetCmd)
    i.RCC_GetClocksFreq                      0x080013d8   Section        0  stm32f10x_rcc.o(i.RCC_GetClocksFreq)
    i.READ_HMI                               0x080014ac   Section        0  uart1.o(i.READ_HMI)
    i.RELAY_Init                             0x080014e0   Section        0  relay.o(i.RELAY_Init)
    i.RS485_Init                             0x08001550   Section        0  master.o(i.RS485_Init)
    i.RS485_SendData                         0x08001668   Section        0  master.o(i.RS485_SendData)
    i.SVC_Handler                            0x080016c0   Section        0  stm32f10x_it.o(i.SVC_Handler)
    i.SetSysClock                            0x080016c2   Section        0  system_stm32f10x.o(i.SetSysClock)
    SetSysClock                              0x080016c3   Thumb Code     8  system_stm32f10x.o(i.SetSysClock)
    i.SetSysClockTo72                        0x080016cc   Section        0  system_stm32f10x.o(i.SetSysClockTo72)
    SetSysClockTo72                          0x080016cd   Thumb Code   214  system_stm32f10x.o(i.SetSysClockTo72)
    i.SysTick_CLKSourceConfig                0x080017ac   Section        0  misc.o(i.SysTick_CLKSourceConfig)
    i.SysTick_Handler                        0x080017d4   Section        0  stm32f10x_it.o(i.SysTick_Handler)
    i.SystemInit                             0x080017d8   Section        0  system_stm32f10x.o(i.SystemInit)
    i.TIM2_IRQHandler                        0x08001838   Section        0  timer.o(i.TIM2_IRQHandler)
    i.TIM2_Int_Init                          0x08001b04   Section        0  timer.o(i.TIM2_Int_Init)
    i.TIM3_IRQHandler                        0x08001b60   Section        0  master.o(i.TIM3_IRQHandler)
    i.TIM4_IRQHandler                        0x08001b9c   Section        0  master.o(i.TIM4_IRQHandler)
    i.TIM_ClearITPendingBit                  0x08001bb8   Section        0  stm32f10x_tim.o(i.TIM_ClearITPendingBit)
    i.TIM_Cmd                                0x08001bbe   Section        0  stm32f10x_tim.o(i.TIM_Cmd)
    i.TIM_GetITStatus                        0x08001bd6   Section        0  stm32f10x_tim.o(i.TIM_GetITStatus)
    i.TIM_ITConfig                           0x08001bf8   Section        0  stm32f10x_tim.o(i.TIM_ITConfig)
    i.TIM_SetCounter                         0x08001c0a   Section        0  stm32f10x_tim.o(i.TIM_SetCounter)
    i.TIM_TimeBaseInit                       0x08001c10   Section        0  stm32f10x_tim.o(i.TIM_TimeBaseInit)
    i.Timer3_Init                            0x08001cb4   Section        0  master.o(i.Timer3_Init)
    i.USART1_IRQHandler                      0x08001d20   Section        0  uart1.o(i.USART1_IRQHandler)
    i.USART1_Push                            0x08001dc8   Section        0  uart1.o(i.USART1_Push)
    i.USART2_IRQHandler                      0x08001e04   Section        0  master.o(i.USART2_IRQHandler)
    i.USART3_IRQHandler                      0x08001e80   Section        0  uart3.o(i.USART3_IRQHandler)
    i.USART_ClearFlag                        0x08001ef0   Section        0  stm32f10x_usart.o(i.USART_ClearFlag)
    i.USART_ClearITPendingBit                0x08001f02   Section        0  stm32f10x_usart.o(i.USART_ClearITPendingBit)
    i.USART_Cmd                              0x08001f20   Section        0  stm32f10x_usart.o(i.USART_Cmd)
    i.USART_DeInit                           0x08001f38   Section        0  stm32f10x_usart.o(i.USART_DeInit)
    i.USART_GetFlagStatus                    0x08001fd4   Section        0  stm32f10x_usart.o(i.USART_GetFlagStatus)
    i.USART_GetITStatus                      0x08001fee   Section        0  stm32f10x_usart.o(i.USART_GetITStatus)
    i.USART_ITConfig                         0x08002042   Section        0  stm32f10x_usart.o(i.USART_ITConfig)
    i.USART_Init                             0x0800208c   Section        0  stm32f10x_usart.o(i.USART_Init)
    i.USART_RecDeal                          0x08002164   Section        0  usart_op.o(i.USART_RecDeal)
    i.USART_ReceiveData                      0x08002a84   Section        0  stm32f10x_usart.o(i.USART_ReceiveData)
    i.USART_SendData                         0x08002a8e   Section        0  stm32f10x_usart.o(i.USART_SendData)
    i.UsageFault_Handler                     0x08002a96   Section        0  stm32f10x_it.o(i.UsageFault_Handler)
    i.WRITE_CF                               0x08002a9c   Section        0  master.o(i.WRITE_CF)
    i.WRITE_CF_HZ                            0x08002aec   Section        0  master.o(i.WRITE_CF_HZ)
    i.WRITE_HMI_Data                         0x08002b70   Section        0  uart1.o(i.WRITE_HMI_Data)
    i.__0sprintf                             0x08002bb4   Section        0  printfa.o(i.__0sprintf)
    i.__scatterload_copy                     0x08002bdc   Section       14  handlers.o(i.__scatterload_copy)
    i.__scatterload_null                     0x08002bea   Section        2  handlers.o(i.__scatterload_null)
    i.__scatterload_zeroinit                 0x08002bec   Section       14  handlers.o(i.__scatterload_zeroinit)
    i._fp_digits                             0x08002bfc   Section        0  printfa.o(i._fp_digits)
    _fp_digits                               0x08002bfd   Thumb Code   366  printfa.o(i._fp_digits)
    i._printf_core                           0x08002d80   Section        0  printfa.o(i._printf_core)
    _printf_core                             0x08002d81   Thumb Code  1704  printfa.o(i._printf_core)
    i._printf_post_padding                   0x08003434   Section        0  printfa.o(i._printf_post_padding)
    _printf_post_padding                     0x08003435   Thumb Code    36  printfa.o(i._printf_post_padding)
    i._printf_pre_padding                    0x08003458   Section        0  printfa.o(i._printf_pre_padding)
    _printf_pre_padding                      0x08003459   Thumb Code    46  printfa.o(i._printf_pre_padding)
    i._sputc                                 0x08003486   Section        0  printfa.o(i._sputc)
    _sputc                                   0x08003487   Thumb Code    10  printfa.o(i._sputc)
    i.ad7191_config                          0x08003490   Section        0  ad7191.o(i.ad7191_config)
    i.ad7191_off                             0x080034d0   Section        0  ad7191.o(i.ad7191_off)
    i.ad7191_on                              0x080034e4   Section        0  ad7191.o(i.ad7191_on)
    i.commdIsRec_uart1                       0x080034f8   Section        0  usart_op.o(i.commdIsRec_uart1)
    i.data_and_send                          0x08003594   Section        0  ad7191.o(i.data_and_send)
    i.data_compare                           0x0800364c   Section        0  ad7191.o(i.data_compare)
    i.deal_num                               0x08003874   Section        0  ad7191.o(i.deal_num)
    i.delay_init                             0x080038a4   Section        0  delay.o(i.delay_init)
    i.delay_ms                               0x080038e8   Section        0  delay.o(i.delay_ms)
    i.flag_sys_init                          0x08003934   Section        0  flagdeal.o(i.flag_sys_init)
    i.flash_read                             0x08003944   Section        0  flash.o(i.flash_read)
    i.flash_save                             0x0800395c   Section        0  flash.o(i.flash_save)
    i.free                                   0x08003998   Section        0  malloc.o(i.free)
    i.getStr                                 0x080039e8   Section        0  usart_op.o(i.getStr)
    i.get_data_and_send                      0x08003a10   Section        0  ad7191.o(i.get_data_and_send)
    i.get_data_and_send_static               0x08003e20   Section        0  ad7191.o(i.get_data_and_send_static)
    i.log_filled                             0x08003e44   Section        0  flash.o(i.log_filled)
    i.main                                   0x08003e70   Section        0  main.o(i.main)
    i.malloc                                 0x08003ee0   Section        0  malloc.o(i.malloc)
    i.pro_edit_filled                        0x08003f4c   Section        0  flash.o(i.pro_edit_filled)
    i.read_data_from_ad7191                  0x08003f90   Section        0  ad7191.o(i.read_data_from_ad7191)
    i.read_time                              0x08003fbc   Section        0  usart_op.o(i.read_time)
    i.select_IN_OR_EX                        0x08003fe8   Section        0  ad7191.o(i.select_IN_OR_EX)
    i.select_tem                             0x0800400c   Section        0  ad7191.o(i.select_tem)
    i.sellect_channal                        0x08004030   Section        0  ad7191.o(i.sellect_channal)
    i.set_gain                               0x08004048   Section        0  ad7191.o(i.set_gain)
    i.set_rate                               0x080040b0   Section        0  ad7191.o(i.set_rate)
    i.str_compare                            0x08004118   Section        0  usart_op.o(i.str_compare)
    i.test_para_filled                       0x0800413a   Section        0  flash.o(i.test_para_filled)
    i.uart1_init                             0x08004194   Section        0  uart1.o(i.uart1_init)
    i.write_log                              0x0800423c   Section        0  usart_op.o(i.write_log)
    i.write_time                             0x0800430c   Section        0  usart_op.o(i.write_time)
    .data                                    0x20000000   Section       20  system_stm32f10x.o(.data)
    .data                                    0x20000014   Section       20  stm32f10x_rcc.o(.data)
    APBAHBPrescTable                         0x20000014   Data          16  stm32f10x_rcc.o(.data)
    ADCPrescTable                            0x20000024   Data           4  stm32f10x_rcc.o(.data)
    .data                                    0x20000028   Section        4  delay.o(.data)
    fac_us                                   0x20000028   Data           1  delay.o(.data)
    fac_ms                                   0x2000002a   Data           2  delay.o(.data)
    .data                                    0x2000002c   Section      268  ad7191.o(.data)
    amp                                      0x20000080   Data           4  ad7191.o(.data)
    i                                        0x20000084   Data           4  ad7191.o(.data)
    data_te                                  0x20000088   Data           4  ad7191.o(.data)
    data_t                                   0x2000008c   Data           4  ad7191.o(.data)
    data1                                    0x20000090   Data           4  ad7191.o(.data)
    i_icount                                 0x20000094   Data           4  ad7191.o(.data)
    ptr                                      0x20000098   Data           4  ad7191.o(.data)
    ptr_d                                    0x2000009c   Data           4  ad7191.o(.data)
    over_flag                                0x200000a0   Data           4  ad7191.o(.data)
    j1                                       0x200000a4   Data           4  ad7191.o(.data)
    d                                        0x200000a8   Data           4  ad7191.o(.data)
    data_sum                                 0x200000ac   Data           4  ad7191.o(.data)
    sum_min                                  0x200000b0   Data           4  ad7191.o(.data)
    sum_max                                  0x200000b4   Data           4  ad7191.o(.data)
    sum_sum                                  0x200000b8   Data           4  ad7191.o(.data)
    i_max                                    0x200000bc   Data           4  ad7191.o(.data)
    i_min                                    0x200000c0   Data           4  ad7191.o(.data)
    i_sum                                    0x200000c4   Data           4  ad7191.o(.data)
    i_iamp                                   0x200000c8   Data           4  ad7191.o(.data)
    i_amp                                    0x200000cc   Data           4  ad7191.o(.data)
    flag_amp                                 0x200000d0   Data           4  ad7191.o(.data)
    sum_amp                                  0x200000d4   Data           4  ad7191.o(.data)
    pre_m                                    0x200000d8   Data           4  ad7191.o(.data)
    pre_n                                    0x200000dc   Data           4  ad7191.o(.data)
    data_t                                   0x200000e0   Data           4  ad7191.o(.data)
    i_con                                    0x200000e4   Data           4  ad7191.o(.data)
    i_m                                      0x200000e8   Data           4  ad7191.o(.data)
    m                                        0x200000ec   Data           4  ad7191.o(.data)
    n                                        0x200000f0   Data           4  ad7191.o(.data)
    t                                        0x200000f4   Data           4  ad7191.o(.data)
    sum_jj                                   0x200000f8   Data           4  ad7191.o(.data)
    sum                                      0x200000fc   Data           4  ad7191.o(.data)
    count                                    0x20000100   Data           4  ad7191.o(.data)
    damp                                     0x20000104   Data           4  ad7191.o(.data)
    i_con                                    0x20000108   Data           4  ad7191.o(.data)
    i_count                                  0x2000010c   Data           4  ad7191.o(.data)
    j                                        0x20000110   Data           4  ad7191.o(.data)
    sum_j                                    0x20000114   Data           4  ad7191.o(.data)
    sum_jj                                   0x20000118   Data           4  ad7191.o(.data)
    m                                        0x2000011c   Data           4  ad7191.o(.data)
    n                                        0x20000120   Data           4  ad7191.o(.data)
    t                                        0x20000124   Data           4  ad7191.o(.data)
    i_pre                                    0x20000128   Data           4  ad7191.o(.data)
    i_i                                      0x2000012c   Data           4  ad7191.o(.data)
    amp_comp                                 0x20000130   Data           4  ad7191.o(.data)
    i_pre                                    0x20000134   Data           4  ad7191.o(.data)
    .data                                    0x20000138   Section       32  exti.o(.data)
    .data                                    0x20000158   Section      312  usart_op.o(.data)
    num_product                              0x20000168   Data           4  usart_op.o(.data)
    Rx_flag                                  0x20000208   Data           4  usart_op.o(.data)
    times                                    0x20000248   Data           4  usart_op.o(.data)
    cnt                                      0x2000024c   Data           1  usart_op.o(.data)
    i                                        0x20000250   Data           4  usart_op.o(.data)
    state_now                                0x20000254   Data           1  usart_op.o(.data)
    state_old                                0x20000255   Data           1  usart_op.o(.data)
    value_current                            0x20000258   Data           4  usart_op.o(.data)
    tichu_current                            0x2000025c   Data           4  usart_op.o(.data)
    keep_current                             0x20000260   Data           4  usart_op.o(.data)
    change_current                           0x20000264   Data           4  usart_op.o(.data)
    load_weight                              0x20000268   Data           4  usart_op.o(.data)
    flag1                                    0x2000026c   Data           4  usart_op.o(.data)
    flag2                                    0x20000270   Data           4  usart_op.o(.data)
    flag3                                    0x20000274   Data           4  usart_op.o(.data)
    flag4                                    0x20000278   Data           4  usart_op.o(.data)
    flag5                                    0x2000027c   Data           4  usart_op.o(.data)
    flag6                                    0x20000280   Data           4  usart_op.o(.data)
    flag7                                    0x20000284   Data           4  usart_op.o(.data)
    i                                        0x20000288   Data           4  usart_op.o(.data)
    i                                        0x2000028c   Data           4  usart_op.o(.data)
    .data                                    0x20000290   Section       27  master.o(.data)
    .data                                    0x200002ac   Section       48  timer.o(.data)
    i                                        0x200002ae   Data           1  timer.o(.data)
    cnt                                      0x200002d0   Data           4  timer.o(.data)
    time_buf                                 0x200002d4   Data           4  timer.o(.data)
    sec_2                                    0x200002d8   Data           4  timer.o(.data)
    .data                                    0x200002dc   Section        4  mvars.o(.data)
    .data                                    0x200002e0   Section        4  mvars.o(.data)
    .bss                                     0x200002e4   Section      720  main.o(.bss)
    .bss                                     0x200005b4   Section      392  ad7191.o(.bss)
    data1_max                                0x200006bc   Data          64  ad7191.o(.bss)
    data1_min                                0x200006fc   Data          64  ad7191.o(.bss)
    .bss                                     0x2000073c   Section      516  flagdeal.o(.bss)
    .bss                                     0x20000940   Section    10024  exti.o(.bss)
    .bss                                     0x20003068   Section      356  usart_op.o(.bss)
    .bss                                     0x200031cc   Section     1030  uart1.o(.bss)
    .bss                                     0x200035d2   Section     4096  master.o(.bss)
    .bss                                     0x200045d2   Section      774  uart3.o(.bss)
    HEAP                                     0x200048d8   Section      512  startup_stm32f10x_md.o(HEAP)
    STACK                                    0x20004ad8   Section     1024  startup_stm32f10x_md.o(STACK)

    Global Symbols

    Symbol Name                              Value     Ov Type        Size  Object(Section)

    BuildAttributes$$THM_ISAv4$P$D$K$B$S$PE$A:L22UL41UL21$X:L11$S22US41US21$IEEE1$IW$USESV6$~STKCKD$USESV7$~SHL$OTIME$ROPI$EBA8$MICROLIB$REQ8$PRES8$EABIv2 0x00000000   Number         0  anon$$obj.o ABSOLUTE
    __ARM_use_no_argv                        0x00000000   Number         0  main.o ABSOLUTE
    __use_no_errno                           0x00000000   Number         0  useno.o ABSOLUTE
    __use_no_exception_handling              0x00000000   Number         0  useno.o ABSOLUTE
    __use_no_fp                              0x00000000   Number         0  useno.o ABSOLUTE
    __use_no_heap                            0x00000000   Number         0  useno.o ABSOLUTE
    __use_no_heap_region                     0x00000000   Number         0  useno.o ABSOLUTE
    __use_no_semihosting                     0x00000000   Number         0  useno.o ABSOLUTE
    __use_no_semihosting_swi                 0x00000000   Number         0  useno.o ABSOLUTE
    __use_no_signal_handling                 0x00000000   Number         0  useno.o ABSOLUTE
    _printf_a                                0x00000000   Number         0  stubs.o ABSOLUTE
    _printf_c                                0x00000000   Number         0  stubs.o ABSOLUTE
    _printf_charcount                        0x00000000   Number         0  stubs.o ABSOLUTE
    _printf_d                                0x00000000   Number         0  stubs.o ABSOLUTE
    _printf_e                                0x00000000   Number         0  stubs.o ABSOLUTE
    _printf_f                                0x00000000   Number         0  stubs.o ABSOLUTE
    _printf_flags                            0x00000000   Number         0  stubs.o ABSOLUTE
    _printf_fp_dec                           0x00000000   Number         0  stubs.o ABSOLUTE
    _printf_fp_hex                           0x00000000   Number         0  stubs.o ABSOLUTE
    _printf_g                                0x00000000   Number         0  stubs.o ABSOLUTE
    _printf_i                                0x00000000   Number         0  stubs.o ABSOLUTE
    _printf_int_dec                          0x00000000   Number         0  stubs.o ABSOLUTE
    _printf_l                                0x00000000   Number         0  stubs.o ABSOLUTE
    _printf_lc                               0x00000000   Number         0  stubs.o ABSOLUTE
    _printf_ll                               0x00000000   Number         0  stubs.o ABSOLUTE
    _printf_lld                              0x00000000   Number         0  stubs.o ABSOLUTE
    _printf_lli                              0x00000000   Number         0  stubs.o ABSOLUTE
    _printf_llo                              0x00000000   Number         0  stubs.o ABSOLUTE
    _printf_llu                              0x00000000   Number         0  stubs.o ABSOLUTE
    _printf_llx                              0x00000000   Number         0  stubs.o ABSOLUTE
    _printf_longlong_dec                     0x00000000   Number         0  stubs.o ABSOLUTE
    _printf_longlong_hex                     0x00000000   Number         0  stubs.o ABSOLUTE
    _printf_longlong_oct                     0x00000000   Number         0  stubs.o ABSOLUTE
    _printf_ls                               0x00000000   Number         0  stubs.o ABSOLUTE
    _printf_mbtowc                           0x00000000   Number         0  stubs.o ABSOLUTE
    _printf_n                                0x00000000   Number         0  stubs.o ABSOLUTE
    _printf_o                                0x00000000   Number         0  stubs.o ABSOLUTE
    _printf_p                                0x00000000   Number         0  stubs.o ABSOLUTE
    _printf_percent                          0x00000000   Number         0  stubs.o ABSOLUTE
    _printf_pre_padding                      0x00000000   Number         0  stubs.o ABSOLUTE
    _printf_return_value                     0x00000000   Number         0  stubs.o ABSOLUTE
    _printf_s                                0x00000000   Number         0  stubs.o ABSOLUTE
    _printf_sizespec                         0x00000000   Number         0  stubs.o ABSOLUTE
    _printf_str                              0x00000000   Number         0  stubs.o ABSOLUTE
    _printf_truncate_signed                  0x00000000   Number         0  stubs.o ABSOLUTE
    _printf_truncate_unsigned                0x00000000   Number         0  stubs.o ABSOLUTE
    _printf_u                                0x00000000   Number         0  stubs.o ABSOLUTE
    _printf_wc                               0x00000000   Number         0  stubs.o ABSOLUTE
    _printf_wctomb                           0x00000000   Number         0  stubs.o ABSOLUTE
    _printf_widthprec                        0x00000000   Number         0  stubs.o ABSOLUTE
    _printf_x                                0x00000000   Number         0  stubs.o ABSOLUTE
    __arm_fini_                               - Undefined Weak Reference
    __cpp_initialize__aeabi_                  - Undefined Weak Reference
    __cxa_finalize                            - Undefined Weak Reference
    _clock_init                               - Undefined Weak Reference
    _microlib_exit                            - Undefined Weak Reference
    __Vectors_Size                           0x000000ec   Number         0  startup_stm32f10x_md.o ABSOLUTE
    __Vectors                                0x08000000   Data           4  startup_stm32f10x_md.o(RESET)
    __Vectors_End                            0x080000ec   Data           0  startup_stm32f10x_md.o(RESET)
    __main                                   0x080000ed   Thumb Code     0  entry.o(.ARM.Collect$$$$00000000)
    _main_stk                                0x080000ed   Thumb Code     0  entry2.o(.ARM.Collect$$$$00000001)
    _main_scatterload                        0x080000f1   Thumb Code     0  entry5.o(.ARM.Collect$$$$00000004)
    __main_after_scatterload                 0x080000f5   Thumb Code     0  entry5.o(.ARM.Collect$$$$00000004)
    _main_clock                              0x080000f5   Thumb Code     0  entry7b.o(.ARM.Collect$$$$00000008)
    _main_cpp_init                           0x080000f5   Thumb Code     0  entry8b.o(.ARM.Collect$$$$0000000A)
    _main_init                               0x080000f5   Thumb Code     0  entry9a.o(.ARM.Collect$$$$0000000B)
    __rt_lib_shutdown_fini                   0x080000fd   Thumb Code     0  entry12b.o(.ARM.Collect$$$$0000000E)
    __rt_final_cpp                           0x08000101   Thumb Code     0  entry10a.o(.ARM.Collect$$$$0000000F)
    __rt_final_exit                          0x08000101   Thumb Code     0  entry11a.o(.ARM.Collect$$$$00000011)
    Reset_Handler                            0x08000105   Thumb Code     8  startup_stm32f10x_md.o(.text)
    ADC1_2_IRQHandler                        0x0800011f   Thumb Code     0  startup_stm32f10x_md.o(.text)
    CAN1_RX1_IRQHandler                      0x0800011f   Thumb Code     0  startup_stm32f10x_md.o(.text)
    CAN1_SCE_IRQHandler                      0x0800011f   Thumb Code     0  startup_stm32f10x_md.o(.text)
    DMA1_Channel1_IRQHandler                 0x0800011f   Thumb Code     0  startup_stm32f10x_md.o(.text)
    DMA1_Channel2_IRQHandler                 0x0800011f   Thumb Code     0  startup_stm32f10x_md.o(.text)
    DMA1_Channel3_IRQHandler                 0x0800011f   Thumb Code     0  startup_stm32f10x_md.o(.text)
    DMA1_Channel4_IRQHandler                 0x0800011f   Thumb Code     0  startup_stm32f10x_md.o(.text)
    DMA1_Channel5_IRQHandler                 0x0800011f   Thumb Code     0  startup_stm32f10x_md.o(.text)
    DMA1_Channel6_IRQHandler                 0x0800011f   Thumb Code     0  startup_stm32f10x_md.o(.text)
    DMA1_Channel7_IRQHandler                 0x0800011f   Thumb Code     0  startup_stm32f10x_md.o(.text)
    EXTI0_IRQHandler                         0x0800011f   Thumb Code     0  startup_stm32f10x_md.o(.text)
    EXTI1_IRQHandler                         0x0800011f   Thumb Code     0  startup_stm32f10x_md.o(.text)
    EXTI2_IRQHandler                         0x0800011f   Thumb Code     0  startup_stm32f10x_md.o(.text)
    EXTI3_IRQHandler                         0x0800011f   Thumb Code     0  startup_stm32f10x_md.o(.text)
    EXTI4_IRQHandler                         0x0800011f   Thumb Code     0  startup_stm32f10x_md.o(.text)
    FLASH_IRQHandler                         0x0800011f   Thumb Code     0  startup_stm32f10x_md.o(.text)
    I2C1_ER_IRQHandler                       0x0800011f   Thumb Code     0  startup_stm32f10x_md.o(.text)
    I2C1_EV_IRQHandler                       0x0800011f   Thumb Code     0  startup_stm32f10x_md.o(.text)
    I2C2_ER_IRQHandler                       0x0800011f   Thumb Code     0  startup_stm32f10x_md.o(.text)
    I2C2_EV_IRQHandler                       0x0800011f   Thumb Code     0  startup_stm32f10x_md.o(.text)
    PVD_IRQHandler                           0x0800011f   Thumb Code     0  startup_stm32f10x_md.o(.text)
    RCC_IRQHandler                           0x0800011f   Thumb Code     0  startup_stm32f10x_md.o(.text)
    RTCAlarm_IRQHandler                      0x0800011f   Thumb Code     0  startup_stm32f10x_md.o(.text)
    RTC_IRQHandler                           0x0800011f   Thumb Code     0  startup_stm32f10x_md.o(.text)
    SPI1_IRQHandler                          0x0800011f   Thumb Code     0  startup_stm32f10x_md.o(.text)
    SPI2_IRQHandler                          0x0800011f   Thumb Code     0  startup_stm32f10x_md.o(.text)
    TAMPER_IRQHandler                        0x0800011f   Thumb Code     0  startup_stm32f10x_md.o(.text)
    TIM1_BRK_IRQHandler                      0x0800011f   Thumb Code     0  startup_stm32f10x_md.o(.text)
    TIM1_CC_IRQHandler                       0x0800011f   Thumb Code     0  startup_stm32f10x_md.o(.text)
    TIM1_TRG_COM_IRQHandler                  0x0800011f   Thumb Code     0  startup_stm32f10x_md.o(.text)
    TIM1_UP_IRQHandler                       0x0800011f   Thumb Code     0  startup_stm32f10x_md.o(.text)
    USBWakeUp_IRQHandler                     0x0800011f   Thumb Code     0  startup_stm32f10x_md.o(.text)
    USB_HP_CAN1_TX_IRQHandler                0x0800011f   Thumb Code     0  startup_stm32f10x_md.o(.text)
    USB_LP_CAN1_RX0_IRQHandler               0x0800011f   Thumb Code     0  startup_stm32f10x_md.o(.text)
    WWDG_IRQHandler                          0x0800011f   Thumb Code     0  startup_stm32f10x_md.o(.text)
    __aeabi_memcpy                           0x08000129   Thumb Code    36  memcpya.o(.text)
    __aeabi_memcpy4                          0x08000129   Thumb Code     0  memcpya.o(.text)
    __aeabi_memcpy8                          0x08000129   Thumb Code     0  memcpya.o(.text)
    __aeabi_memset                           0x0800014d   Thumb Code    14  memseta.o(.text)
    __aeabi_memset4                          0x0800014d   Thumb Code     0  memseta.o(.text)
    __aeabi_memset8                          0x0800014d   Thumb Code     0  memseta.o(.text)
    __aeabi_memclr                           0x0800015b   Thumb Code     4  memseta.o(.text)
    __aeabi_memclr4                          0x0800015b   Thumb Code     0  memseta.o(.text)
    __aeabi_memclr8                          0x0800015b   Thumb Code     0  memseta.o(.text)
    _memset$wrapper                          0x0800015f   Thumb Code    18  memseta.o(.text)
    calloc                                   0x08000171   Thumb Code    28  calloc.o(.text)
    __aeabi_fadd                             0x0800018d   Thumb Code   164  fadd.o(.text)
    __aeabi_fsub                             0x08000231   Thumb Code     6  fadd.o(.text)
    __aeabi_frsub                            0x08000237   Thumb Code     6  fadd.o(.text)
    __aeabi_fmul                             0x0800023d   Thumb Code   100  fmul.o(.text)
    __aeabi_fdiv                             0x080002a1   Thumb Code   124  fdiv.o(.text)
    __aeabi_dadd                             0x0800031d   Thumb Code   322  dadd.o(.text)
    __aeabi_dsub                             0x0800045f   Thumb Code     6  dadd.o(.text)
    __aeabi_drsub                            0x08000465   Thumb Code     6  dadd.o(.text)
    __aeabi_dmul                             0x0800046b   Thumb Code   228  dmul.o(.text)
    __aeabi_ddiv                             0x0800054f   Thumb Code   222  ddiv.o(.text)
    __aeabi_i2f                              0x0800062d   Thumb Code    18  fflti.o(.text)
    __aeabi_f2uiz                            0x0800063f   Thumb Code    40  ffixui.o(.text)
    __aeabi_f2d                              0x08000667   Thumb Code    38  f2d.o(.text)
    __aeabi_cdcmpeq                          0x0800068d   Thumb Code     0  cdcmple.o(.text)
    __aeabi_cdcmple                          0x0800068d   Thumb Code    48  cdcmple.o(.text)
    __aeabi_cdrcmple                         0x080006bd   Thumb Code    48  cdrcmple.o(.text)
    __aeabi_d2f                              0x080006ed   Thumb Code    56  d2f.o(.text)
    __aeabi_cfcmpeq                          0x08000725   Thumb Code     0  cfcmple.o(.text)
    __aeabi_cfcmple                          0x08000725   Thumb Code    20  cfcmple.o(.text)
    __aeabi_cfrcmple                         0x08000739   Thumb Code    20  cfrcmple.o(.text)
    __aeabi_uidiv                            0x0800074d   Thumb Code     0  uidiv.o(.text)
    __aeabi_uidivmod                         0x0800074d   Thumb Code    44  uidiv.o(.text)
    __aeabi_uldivmod                         0x08000779   Thumb Code    98  uldiv.o(.text)
    __aeabi_llsl                             0x080007db   Thumb Code    30  llshl.o(.text)
    _ll_shift_l                              0x080007db   Thumb Code     0  llshl.o(.text)
    __aeabi_lasr                             0x080007f9   Thumb Code    36  llsshr.o(.text)
    _ll_sshift_r                             0x080007f9   Thumb Code     0  llsshr.o(.text)
    __I$use$fp                               0x0800081d   Thumb Code     0  iusefp.o(.text)
    _float_round                             0x0800081d   Thumb Code    18  fepilogue.o(.text)
    _float_epilogue                          0x0800082f   Thumb Code    92  fepilogue.o(.text)
    _double_round                            0x0800088b   Thumb Code    30  depilogue.o(.text)
    _double_epilogue                         0x080008a9   Thumb Code   156  depilogue.o(.text)
    __aeabi_d2ulz                            0x08000945   Thumb Code    48  dfixul.o(.text)
    __scatterload                            0x08000975   Thumb Code    28  init.o(.text)
    __scatterload_rt2                        0x08000975   Thumb Code     0  init.o(.text)
    __aeabi_llsr                             0x08000999   Thumb Code    32  llushr.o(.text)
    _ll_ushift_r                             0x08000999   Thumb Code     0  llushr.o(.text)
    __decompress                             0x080009b9   Thumb Code     0  __dczerorl2.o(.text)
    __decompress1                            0x080009b9   Thumb Code    86  __dczerorl2.o(.text)
    AD7191_gpio_Configuration                0x08000a11   Thumb Code   138  ad7191.o(i.AD7191_gpio_Configuration)
    Beep_Config                              0x08000aad   Thumb Code    38  uart1.o(i.Beep_Config)
    BusFault_Handler                         0x08000ad9   Thumb Code     4  stm32f10x_it.o(i.BusFault_Handler)
    DebugMon_Handler                         0x08000add   Thumb Code     2  stm32f10x_it.o(i.DebugMon_Handler)
    EXTI15_10_IRQHandler                     0x08000ae1   Thumb Code    28  exti.o(i.EXTI15_10_IRQHandler)
    EXTI9_5_IRQHandler                       0x08000b01   Thumb Code   520  exti.o(i.EXTI9_5_IRQHandler)
    EXTIX_Init                               0x08000d59   Thumb Code   144  exti.o(i.EXTIX_Init)
    EXTI_ClearITPendingBit                   0x08000de9   Thumb Code     6  stm32f10x_exti.o(i.EXTI_ClearITPendingBit)
    EXTI_GetITStatus                         0x08000df5   Thumb Code    34  stm32f10x_exti.o(i.EXTI_GetITStatus)
    EXTI_Init                                0x08000e1d   Thumb Code   142  stm32f10x_exti.o(i.EXTI_Init)
    FLASH_ClearFlag                          0x08000eb1   Thumb Code     6  stm32f10x_flash.o(i.FLASH_ClearFlag)
    FLASH_ErasePage                          0x08000ebd   Thumb Code    72  stm32f10x_flash.o(i.FLASH_ErasePage)
    FLASH_GetBank1Status                     0x08000f09   Thumb Code    48  stm32f10x_flash.o(i.FLASH_GetBank1Status)
    FLASH_LockBank1                          0x08000f3d   Thumb Code    14  stm32f10x_flash.o(i.FLASH_LockBank1)
    FLASH_ProgramWord                        0x08000f51   Thumb Code   102  stm32f10x_flash.o(i.FLASH_ProgramWord)
    FLASH_UnlockBank1                        0x08000fbd   Thumb Code    12  stm32f10x_flash.o(i.FLASH_UnlockBank1)
    FLASH_WaitForLastOperation               0x08000fd5   Thumb Code    38  stm32f10x_flash.o(i.FLASH_WaitForLastOperation)
    GPIO_EXTILineConfig                      0x08000ffd   Thumb Code    60  stm32f10x_gpio.o(i.GPIO_EXTILineConfig)
    GPIO_Init                                0x0800103d   Thumb Code   278  stm32f10x_gpio.o(i.GPIO_Init)
    GPIO_ResetBits                           0x08001153   Thumb Code     4  stm32f10x_gpio.o(i.GPIO_ResetBits)
    GPIO_SetBits                             0x08001157   Thumb Code     4  stm32f10x_gpio.o(i.GPIO_SetBits)
    GetTemperature                           0x0800115d   Thumb Code   166  ad7191.o(i.GetTemperature)
    HMI_Init                                 0x0800122d   Thumb Code    66  hmi_1.o(i.HMI_Init)
    HardFault_Handler                        0x08001271   Thumb Code    16  stm32f10x_it.o(i.HardFault_Handler)
    HexToASCII                               0x08001285   Thumb Code    70  master.o(i.HexToASCII)
    MemManage_Handler                        0x080012cb   Thumb Code     4  stm32f10x_it.o(i.MemManage_Handler)
    NMI_Handler                              0x080012cf   Thumb Code     2  stm32f10x_it.o(i.NMI_Handler)
    NVIC_Init                                0x080012d1   Thumb Code   100  misc.o(i.NVIC_Init)
    NVIC_PriorityGroupConfig                 0x08001341   Thumb Code    10  misc.o(i.NVIC_PriorityGroupConfig)
    PendSV_Handler                           0x08001355   Thumb Code     2  stm32f10x_it.o(i.PendSV_Handler)
    RCC_APB1PeriphClockCmd                   0x08001359   Thumb Code    26  stm32f10x_rcc.o(i.RCC_APB1PeriphClockCmd)
    RCC_APB1PeriphResetCmd                   0x08001379   Thumb Code    26  stm32f10x_rcc.o(i.RCC_APB1PeriphResetCmd)
    RCC_APB2PeriphClockCmd                   0x08001399   Thumb Code    26  stm32f10x_rcc.o(i.RCC_APB2PeriphClockCmd)
    RCC_APB2PeriphResetCmd                   0x080013b9   Thumb Code    26  stm32f10x_rcc.o(i.RCC_APB2PeriphResetCmd)
    RCC_GetClocksFreq                        0x080013d9   Thumb Code   192  stm32f10x_rcc.o(i.RCC_GetClocksFreq)
    READ_HMI                                 0x080014ad   Thumb Code    48  uart1.o(i.READ_HMI)
    RELAY_Init                               0x080014e1   Thumb Code   100  relay.o(i.RELAY_Init)
    RS485_Init                               0x08001551   Thumb Code   260  master.o(i.RS485_Init)
    RS485_SendData                           0x08001669   Thumb Code    76  master.o(i.RS485_SendData)
    SVC_Handler                              0x080016c1   Thumb Code     2  stm32f10x_it.o(i.SVC_Handler)
    SysTick_CLKSourceConfig                  0x080017ad   Thumb Code    40  misc.o(i.SysTick_CLKSourceConfig)
    SysTick_Handler                          0x080017d5   Thumb Code     2  stm32f10x_it.o(i.SysTick_Handler)
    SystemInit                               0x080017d9   Thumb Code    78  system_stm32f10x.o(i.SystemInit)
    TIM2_IRQHandler                          0x08001839   Thumb Code   614  timer.o(i.TIM2_IRQHandler)
    TIM2_Int_Init                            0x08001b05   Thumb Code    92  timer.o(i.TIM2_Int_Init)
    TIM3_IRQHandler                          0x08001b61   Thumb Code    44  master.o(i.TIM3_IRQHandler)
    TIM4_IRQHandler                          0x08001b9d   Thumb Code    24  master.o(i.TIM4_IRQHandler)
    TIM_ClearITPendingBit                    0x08001bb9   Thumb Code     6  stm32f10x_tim.o(i.TIM_ClearITPendingBit)
    TIM_Cmd                                  0x08001bbf   Thumb Code    24  stm32f10x_tim.o(i.TIM_Cmd)
    TIM_GetITStatus                          0x08001bd7   Thumb Code    34  stm32f10x_tim.o(i.TIM_GetITStatus)
    TIM_ITConfig                             0x08001bf9   Thumb Code    18  stm32f10x_tim.o(i.TIM_ITConfig)
    TIM_SetCounter                           0x08001c0b   Thumb Code     4  stm32f10x_tim.o(i.TIM_SetCounter)
    TIM_TimeBaseInit                         0x08001c11   Thumb Code   122  stm32f10x_tim.o(i.TIM_TimeBaseInit)
    Timer3_Init                              0x08001cb5   Thumb Code    98  master.o(i.Timer3_Init)
    USART1_IRQHandler                        0x08001d21   Thumb Code   156  uart1.o(i.USART1_IRQHandler)
    USART1_Push                              0x08001dc9   Thumb Code    52  uart1.o(i.USART1_Push)
    USART2_IRQHandler                        0x08001e05   Thumb Code   102  master.o(i.USART2_IRQHandler)
    USART3_IRQHandler                        0x08001e81   Thumb Code   100  uart3.o(i.USART3_IRQHandler)
    USART_ClearFlag                          0x08001ef1   Thumb Code    18  stm32f10x_usart.o(i.USART_ClearFlag)
    USART_ClearITPendingBit                  0x08001f03   Thumb Code    30  stm32f10x_usart.o(i.USART_ClearITPendingBit)
    USART_Cmd                                0x08001f21   Thumb Code    24  stm32f10x_usart.o(i.USART_Cmd)
    USART_DeInit                             0x08001f39   Thumb Code   134  stm32f10x_usart.o(i.USART_DeInit)
    USART_GetFlagStatus                      0x08001fd5   Thumb Code    26  stm32f10x_usart.o(i.USART_GetFlagStatus)
    USART_GetITStatus                        0x08001fef   Thumb Code    84  stm32f10x_usart.o(i.USART_GetITStatus)
    USART_ITConfig                           0x08002043   Thumb Code    74  stm32f10x_usart.o(i.USART_ITConfig)
    USART_Init                               0x0800208d   Thumb Code   210  stm32f10x_usart.o(i.USART_Init)
    USART_RecDeal                            0x08002165   Thumb Code  2190  usart_op.o(i.USART_RecDeal)
    USART_ReceiveData                        0x08002a85   Thumb Code    10  stm32f10x_usart.o(i.USART_ReceiveData)
    USART_SendData                           0x08002a8f   Thumb Code     8  stm32f10x_usart.o(i.USART_SendData)
    UsageFault_Handler                       0x08002a97   Thumb Code     4  stm32f10x_it.o(i.UsageFault_Handler)
    WRITE_CF                                 0x08002a9d   Thumb Code    76  master.o(i.WRITE_CF)
    WRITE_CF_HZ                              0x08002aed   Thumb Code   126  master.o(i.WRITE_CF_HZ)
    WRITE_HMI_Data                           0x08002b71   Thumb Code    68  uart1.o(i.WRITE_HMI_Data)
    __0sprintf                               0x08002bb5   Thumb Code    34  printfa.o(i.__0sprintf)
    __1sprintf                               0x08002bb5   Thumb Code     0  printfa.o(i.__0sprintf)
    __2sprintf                               0x08002bb5   Thumb Code     0  printfa.o(i.__0sprintf)
    __c89sprintf                             0x08002bb5   Thumb Code     0  printfa.o(i.__0sprintf)
    sprintf                                  0x08002bb5   Thumb Code     0  printfa.o(i.__0sprintf)
    __scatterload_copy                       0x08002bdd   Thumb Code    14  handlers.o(i.__scatterload_copy)
    __scatterload_null                       0x08002beb   Thumb Code     2  handlers.o(i.__scatterload_null)
    __scatterload_zeroinit                   0x08002bed   Thumb Code    14  handlers.o(i.__scatterload_zeroinit)
    ad7191_config                            0x08003491   Thumb Code    62  ad7191.o(i.ad7191_config)
    ad7191_off                               0x080034d1   Thumb Code    16  ad7191.o(i.ad7191_off)
    ad7191_on                                0x080034e5   Thumb Code    16  ad7191.o(i.ad7191_on)
    commdIsRec_uart1                         0x080034f9   Thumb Code   148  usart_op.o(i.commdIsRec_uart1)
    data_and_send                            0x08003595   Thumb Code   166  ad7191.o(i.data_and_send)
    data_compare                             0x0800364d   Thumb Code   512  ad7191.o(i.data_compare)
    deal_num                                 0x08003875   Thumb Code    48  ad7191.o(i.deal_num)
    delay_init                               0x080038a5   Thumb Code    50  delay.o(i.delay_init)
    delay_ms                                 0x080038e9   Thumb Code    72  delay.o(i.delay_ms)
    flag_sys_init                            0x08003935   Thumb Code    10  flagdeal.o(i.flag_sys_init)
    flash_read                               0x08003945   Thumb Code    24  flash.o(i.flash_read)
    flash_save                               0x0800395d   Thumb Code    56  flash.o(i.flash_save)
    free                                     0x08003999   Thumb Code    76  malloc.o(i.free)
    getStr                                   0x080039e9   Thumb Code    36  usart_op.o(i.getStr)
    get_data_and_send                        0x08003a11   Thumb Code   898  ad7191.o(i.get_data_and_send)
    get_data_and_send_static                 0x08003e21   Thumb Code    24  ad7191.o(i.get_data_and_send_static)
    log_filled                               0x08003e45   Thumb Code    42  flash.o(i.log_filled)
    main                                     0x08003e71   Thumb Code    98  main.o(i.main)
    malloc                                   0x08003ee1   Thumb Code    92  malloc.o(i.malloc)
    pro_edit_filled                          0x08003f4d   Thumb Code    66  flash.o(i.pro_edit_filled)
    read_data_from_ad7191                    0x08003f91   Thumb Code    36  ad7191.o(i.read_data_from_ad7191)
    read_time                                0x08003fbd   Thumb Code    38  usart_op.o(i.read_time)
    select_IN_OR_EX                          0x08003fe9   Thumb Code    30  ad7191.o(i.select_IN_OR_EX)
    select_tem                               0x0800400d   Thumb Code    30  ad7191.o(i.select_tem)
    sellect_channal                          0x08004031   Thumb Code    20  ad7191.o(i.sellect_channal)
    set_gain                                 0x08004049   Thumb Code    94  ad7191.o(i.set_gain)
    set_rate                                 0x080040b1   Thumb Code    96  ad7191.o(i.set_rate)
    str_compare                              0x08004119   Thumb Code    34  usart_op.o(i.str_compare)
    test_para_filled                         0x0800413b   Thumb Code    88  flash.o(i.test_para_filled)
    uart1_init                               0x08004195   Thumb Code   158  uart1.o(i.uart1_init)
    write_log                                0x0800423d   Thumb Code   190  usart_op.o(i.write_log)
    write_time                               0x0800430d   Thumb Code   232  usart_op.o(i.write_time)
    Region$$Table$$Base                      0x080043fc   Number         0  anon$$obj.o(Region$$Table)
    Region$$Table$$Limit                     0x0800441c   Number         0  anon$$obj.o(Region$$Table)
    SystemCoreClock                          0x20000000   Data           4  system_stm32f10x.o(.data)
    AHBPrescTable                            0x20000004   Data          16  system_stm32f10x.o(.data)
    data                                     0x2000002c   Data           4  ad7191.o(.data)
    amp                                      0x20000030   Data           4  ad7191.o(.data)
    amp_ad                                   0x20000034   Data           4  ad7191.o(.data)
    amp_v                                    0x20000038   Data           4  ad7191.o(.data)
    amp1                                     0x2000003c   Data           4  ad7191.o(.data)
    amp11                                    0x20000040   Data           4  ad7191.o(.data)
    amp11_t                                  0x20000044   Data           4  ad7191.o(.data)
    er                                       0x20000048   Data           4  ad7191.o(.data)
    amp_pre                                  0x2000004c   Data           4  ad7191.o(.data)
    amp_pre_1                                0x20000050   Data           4  ad7191.o(.data)
    er_1                                     0x20000054   Data           4  ad7191.o(.data)
    er_2                                     0x20000058   Data           4  ad7191.o(.data)
    flag_count                               0x2000005c   Data           4  ad7191.o(.data)
    flag_t                                   0x20000060   Data           4  ad7191.o(.data)
    data_1                                   0x20000064   Data           4  ad7191.o(.data)
    flag_temp                                0x20000068   Data           1  ad7191.o(.data)
    data_temp                                0x2000006c   Data           4  ad7191.o(.data)
    sum_s                                    0x20000070   Data           4  ad7191.o(.data)
    x_count                                  0x20000074   Data           4  ad7191.o(.data)
    average                                  0x20000078   Data           4  ad7191.o(.data)
    initflag                                 0x2000007c   Data           1  ad7191.o(.data)
    light_sensor                             0x2000007d   Data           1  ad7191.o(.data)
    mms_temp                                 0x20000138   Data           4  exti.o(.data)
    flag_moving                              0x2000013c   Data           4  exti.o(.data)
    state_TW                                 0x20000140   Data           1  exti.o(.data)
    once                                     0x20000144   Data           4  exti.o(.data)
    flag_zero                                0x20000148   Data           4  exti.o(.data)
    i_zero                                   0x2000014c   Data           4  exti.o(.data)
    sum_zero                                 0x20000150   Data           4  exti.o(.data)
    amp_zero                                 0x20000154   Data           4  exti.o(.data)
    value                                    0x20000158   Data           4  usart_op.o(.data)
    origin                                   0x2000015c   Data           4  usart_op.o(.data)
    F                                        0x20000160   Data           4  usart_op.o(.data)
    CommIndex_Star                           0x20000164   Data           2  usart_op.o(.data)
    UART_RecLen                              0x20000166   Data           2  usart_op.o(.data)
    num_product1                             0x2000016c   Data           4  usart_op.o(.data)
    command_1                                0x20000170   Data           5  usart_op.o(.data)
    command_2                                0x20000175   Data           6  usart_op.o(.data)
    command_7                                0x2000017b   Data           6  usart_op.o(.data)
    command_8                                0x20000181   Data           6  usart_op.o(.data)
    command_3                                0x20000187   Data           6  usart_op.o(.data)
    command_4                                0x2000018d   Data           6  usart_op.o(.data)
    command_11                               0x20000193   Data           6  usart_op.o(.data)
    command_13                               0x20000199   Data           6  usart_op.o(.data)
    command_14                               0x2000019f   Data           6  usart_op.o(.data)
    command_15                               0x200001a5   Data           6  usart_op.o(.data)
    command_16                               0x200001ab   Data           6  usart_op.o(.data)
    command_17                               0x200001b1   Data           6  usart_op.o(.data)
    command_18                               0x200001b7   Data           6  usart_op.o(.data)
    command_5                                0x200001bd   Data           6  usart_op.o(.data)
    command_6                                0x200001c3   Data           6  usart_op.o(.data)
    command_9                                0x200001c9   Data           6  usart_op.o(.data)
    command_10                               0x200001cf   Data           6  usart_op.o(.data)
    command_12                               0x200001d5   Data           6  usart_op.o(.data)
    value_old                                0x200001dc   Data           4  usart_op.o(.data)
    tichu_old                                0x200001e0   Data           4  usart_op.o(.data)
    keep_old                                 0x200001e4   Data           4  usart_op.o(.data)
    flag_state                               0x200001e8   Data           4  usart_op.o(.data)
    line_m                                   0x200001ec   Data           4  usart_op.o(.data)
    line_b                                   0x200001f0   Data           4  usart_op.o(.data)
    load_old                                 0x200001f4   Data           4  usart_op.o(.data)
    flag_line                                0x200001f8   Data           4  usart_op.o(.data)
    flag_load                                0x200001fc   Data           4  usart_op.o(.data)
    change_old                               0x20000200   Data           4  usart_op.o(.data)
    over_top                                 0x20000204   Data           1  usart_op.o(.data)
    below_bottom                             0x20000205   Data           1  usart_op.o(.data)
    shang_old                                0x2000020c   Data           4  usart_op.o(.data)
    xia_old                                  0x20000210   Data           4  usart_op.o(.data)
    sum_b                                    0x20000214   Data           4  usart_op.o(.data)
    sum_m                                    0x20000218   Data           4  usart_op.o(.data)
    i_b                                      0x2000021c   Data           4  usart_op.o(.data)
    i_m                                      0x20000220   Data           4  usart_op.o(.data)
    flag_data                                0x20000224   Data           4  usart_op.o(.data)
    flag_name                                0x20000228   Data           4  usart_op.o(.data)
    flag_min                                 0x2000022c   Data           4  usart_op.o(.data)
    flag_max                                 0x20000230   Data           4  usart_op.o(.data)
    flag_time                                0x20000234   Data           4  usart_op.o(.data)
    flag_save                                0x20000238   Data           4  usart_op.o(.data)
    flag_name_read                           0x2000023c   Data           4  usart_op.o(.data)
    flag_test_para                           0x20000240   Data           4  usart_op.o(.data)
    name_product                             0x20000244   Data           4  usart_op.o(.data)
    RS485_Baudrate                           0x20000290   Data           4  master.o(.data)
    RS485_Parity                             0x20000294   Data           1  master.o(.data)
    RS485_Frame_Distance                     0x20000296   Data           2  master.o(.data)
    RS485_RX_CNT                             0x20000298   Data           2  master.o(.data)
    RS485_RxFlag                             0x2000029a   Data           1  master.o(.data)
    RS485_TX_CNT                             0x2000029c   Data           2  master.o(.data)
    RS485_TxFlag                             0x2000029e   Data           2  master.o(.data)
    SlaverAddr                               0x200002a0   Data           1  master.o(.data)
    Fuction                                  0x200002a1   Data           1  master.o(.data)
    StartAddr                                0x200002a2   Data           2  master.o(.data)
    ValueOrLenth                             0x200002a4   Data           2  master.o(.data)
    message                                  0x200002a6   Data           1  master.o(.data)
    TX_RX_SET                                0x200002a7   Data           1  master.o(.data)
    ComErr                                   0x200002a8   Data           1  master.o(.data)
    errpace                                  0x200002a9   Data           1  master.o(.data)
    state                                    0x200002aa   Data           1  master.o(.data)
    average_flag                             0x200002ac   Data           1  timer.o(.data)
    to_get_num                               0x200002ad   Data           1  timer.o(.data)
    ms                                       0x200002b0   Data           4  timer.o(.data)
    flag_test                                0x200002b4   Data           1  timer.o(.data)
    flag_screen                              0x200002b5   Data           1  timer.o(.data)
    valve                                    0x200002b8   Data           4  timer.o(.data)
    valve_keep                               0x200002bc   Data           4  timer.o(.data)
    valve1                                   0x200002c0   Data           4  timer.o(.data)
    valve_return                             0x200002c4   Data           4  timer.o(.data)
    pro_edit_addr                            0x200002c8   Data           4  timer.o(.data)
    index_edit                               0x200002cc   Data           4  timer.o(.data)
    __microlib_freelist                      0x200002dc   Data           4  mvars.o(.data)
    __microlib_freelist_initialised          0x200002e0   Data           4  mvars.o(.data)
    Data_pro_edit                            0x200002e4   Data         720  main.o(.bss)
    arr                                      0x200005b4   Data         200  ad7191.o(.bss)
    A_BUFF                                   0x2000067c   Data          64  ad7191.o(.bss)
    flag_deal                                0x2000073c   Data         516  flagdeal.o(.bss)
    a_zero                                   0x20000940   Data       10000  exti.o(.bss)
    quantity_area                            0x20003050   Data          12  exti.o(.bss)
    quality_area                             0x2000305c   Data          12  exti.o(.bss)
    Rx_Deal_Str                              0x20003068   Data         230  usart_op.o(.bss)
    load_amp                                 0x20003150   Data          64  usart_op.o(.bss)
    widget_addr                              0x20003190   Data          16  usart_op.o(.bss)
    log_addr                                 0x200031a0   Data          20  usart_op.o(.bss)
    time_now                                 0x200031b4   Data          24  usart_op.o(.bss)
    USART1SendBuf                            0x200031cc   Data         256  uart1.o(.bss)
    USART1RecieveBuf                         0x200032cc   Data         256  uart1.o(.bss)
    USART1_Tx                                0x200033cc   Data         259  uart1.o(.bss)
    USART1_Rec                               0x200034cf   Data         259  uart1.o(.bss)
    RS485_RX_BUFF                            0x200035d2   Data        2048  master.o(.bss)
    RS485_TX_BUFF                            0x20003dd2   Data        2048  master.o(.bss)
    USART3SendBuf                            0x200045d2   Data         256  uart3.o(.bss)
    USART3_Tx                                0x200046d2   Data         259  uart3.o(.bss)
    USART3_Rec                               0x200047d5   Data         259  uart3.o(.bss)
    __heap_base                              0x200048d8   Data           0  startup_stm32f10x_md.o(HEAP)
    __heap_limit                             0x20004ad8   Data           0  startup_stm32f10x_md.o(HEAP)
    __initial_sp                             0x20004ed8   Data           0  startup_stm32f10x_md.o(STACK)



==============================================================================

Memory Map of the image

  Image Entry point : 0x080000ed

  Load Region LR_IROM1 (Base: 0x08000000, Size: 0x00004700, Max: 0x00010000, ABSOLUTE, COMPRESSED[0x0000449c])

    Execution Region ER_IROM1 (Exec base: 0x08000000, Load base: 0x08000000, Size: 0x0000441c, Max: 0x00010000, ABSOLUTE)

    Exec Addr    Load Addr    Size         Type   Attr      Idx    E Section Name        Object

    0x08000000   0x08000000   0x000000ec   Data   RO          306    RESET               startup_stm32f10x_md.o
    0x080000ec   0x080000ec   0x00000000   Code   RO         2337  * .ARM.Collect$$$$00000000  mc_w.l(entry.o)
    0x080000ec   0x080000ec   0x00000004   Code   RO         2669    .ARM.Collect$$$$00000001  mc_w.l(entry2.o)
    0x080000f0   0x080000f0   0x00000004   Code   RO         2672    .ARM.Collect$$$$00000004  mc_w.l(entry5.o)
    0x080000f4   0x080000f4   0x00000000   Code   RO         2674    .ARM.Collect$$$$00000008  mc_w.l(entry7b.o)
    0x080000f4   0x080000f4   0x00000000   Code   RO         2676    .ARM.Collect$$$$0000000A  mc_w.l(entry8b.o)
    0x080000f4   0x080000f4   0x00000008   Code   RO         2677    .ARM.Collect$$$$0000000B  mc_w.l(entry9a.o)
    0x080000fc   0x080000fc   0x00000004   Code   RO         2684    .ARM.Collect$$$$0000000E  mc_w.l(entry12b.o)
    0x08000100   0x08000100   0x00000000   Code   RO         2679    .ARM.Collect$$$$0000000F  mc_w.l(entry10a.o)
    0x08000100   0x08000100   0x00000000   Code   RO         2681    .ARM.Collect$$$$00000011  mc_w.l(entry11a.o)
    0x08000100   0x08000100   0x00000004   Code   RO         2670    .ARM.Collect$$$$00002712  mc_w.l(entry2.o)
    0x08000104   0x08000104   0x00000024   Code   RO          307    .text               startup_stm32f10x_md.o
    0x08000128   0x08000128   0x00000024   Code   RO         2340    .text               mc_w.l(memcpya.o)
    0x0800014c   0x0800014c   0x00000024   Code   RO         2342    .text               mc_w.l(memseta.o)
    0x08000170   0x08000170   0x0000001c   Code   RO         2635    .text               mc_w.l(calloc.o)
    0x0800018c   0x0800018c   0x000000b0   Code   RO         2637    .text               mf_w.l(fadd.o)
    0x0800023c   0x0800023c   0x00000064   Code   RO         2639    .text               mf_w.l(fmul.o)
    0x080002a0   0x080002a0   0x0000007c   Code   RO         2641    .text               mf_w.l(fdiv.o)
    0x0800031c   0x0800031c   0x0000014e   Code   RO         2643    .text               mf_w.l(dadd.o)
    0x0800046a   0x0800046a   0x000000e4   Code   RO         2645    .text               mf_w.l(dmul.o)
    0x0800054e   0x0800054e   0x000000de   Code   RO         2647    .text               mf_w.l(ddiv.o)
    0x0800062c   0x0800062c   0x00000012   Code   RO         2649    .text               mf_w.l(fflti.o)
    0x0800063e   0x0800063e   0x00000028   Code   RO         2655    .text               mf_w.l(ffixui.o)
    0x08000666   0x08000666   0x00000026   Code   RO         2657    .text               mf_w.l(f2d.o)
    0x0800068c   0x0800068c   0x00000030   Code   RO         2659    .text               mf_w.l(cdcmple.o)
    0x080006bc   0x080006bc   0x00000030   Code   RO         2661    .text               mf_w.l(cdrcmple.o)
    0x080006ec   0x080006ec   0x00000038   Code   RO         2663    .text               mf_w.l(d2f.o)
    0x08000724   0x08000724   0x00000014   Code   RO         2665    .text               mf_w.l(cfcmple.o)
    0x08000738   0x08000738   0x00000014   Code   RO         2667    .text               mf_w.l(cfrcmple.o)
    0x0800074c   0x0800074c   0x0000002c   Code   RO         2685    .text               mc_w.l(uidiv.o)
    0x08000778   0x08000778   0x00000062   Code   RO         2687    .text               mc_w.l(uldiv.o)
    0x080007da   0x080007da   0x0000001e   Code   RO         2689    .text               mc_w.l(llshl.o)
    0x080007f8   0x080007f8   0x00000024   Code   RO         2691    .text               mc_w.l(llsshr.o)
    0x0800081c   0x0800081c   0x00000000   Code   RO         2695    .text               mc_w.l(iusefp.o)
    0x0800081c   0x0800081c   0x0000006e   Code   RO         2696    .text               mf_w.l(fepilogue.o)
    0x0800088a   0x0800088a   0x000000ba   Code   RO         2698    .text               mf_w.l(depilogue.o)
    0x08000944   0x08000944   0x00000030   Code   RO         2700    .text               mf_w.l(dfixul.o)
    0x08000974   0x08000974   0x00000024   Code   RO         2702    .text               mc_w.l(init.o)
    0x08000998   0x08000998   0x00000020   Code   RO         2704    .text               mc_w.l(llushr.o)
    0x080009b8   0x080009b8   0x00000056   Code   RO         2714    .text               mc_w.l(__dczerorl2.o)
    0x08000a0e   0x08000a0e   0x00000002   PAD
    0x08000a10   0x08000a10   0x0000009c   Code   RO         1725    i.AD7191_gpio_Configuration  ad7191.o
    0x08000aac   0x08000aac   0x0000002c   Code   RO         2065    i.Beep_Config       uart1.o
    0x08000ad8   0x08000ad8   0x00000004   Code   RO          170    i.BusFault_Handler  stm32f10x_it.o
    0x08000adc   0x08000adc   0x00000002   Code   RO          171    i.DebugMon_Handler  stm32f10x_it.o
    0x08000ade   0x08000ade   0x00000002   PAD
    0x08000ae0   0x08000ae0   0x00000020   Code   RO         1930    i.EXTI15_10_IRQHandler  exti.o
    0x08000b00   0x08000b00   0x00000258   Code   RO         1931    i.EXTI9_5_IRQHandler  exti.o
    0x08000d58   0x08000d58   0x00000090   Code   RO         1932    i.EXTIX_Init        exti.o
    0x08000de8   0x08000de8   0x0000000c   Code   RO          896    i.EXTI_ClearITPendingBit  stm32f10x_exti.o
    0x08000df4   0x08000df4   0x00000028   Code   RO          900    i.EXTI_GetITStatus  stm32f10x_exti.o
    0x08000e1c   0x08000e1c   0x00000094   Code   RO          901    i.EXTI_Init         stm32f10x_exti.o
    0x08000eb0   0x08000eb0   0x0000000c   Code   RO         1497    i.FLASH_ClearFlag   stm32f10x_flash.o
    0x08000ebc   0x08000ebc   0x0000004c   Code   RO         1502    i.FLASH_ErasePage   stm32f10x_flash.o
    0x08000f08   0x08000f08   0x00000034   Code   RO         1503    i.FLASH_GetBank1Status  stm32f10x_flash.o
    0x08000f3c   0x08000f3c   0x00000014   Code   RO         1513    i.FLASH_LockBank1   stm32f10x_flash.o
    0x08000f50   0x08000f50   0x0000006c   Code   RO         1517    i.FLASH_ProgramWord  stm32f10x_flash.o
    0x08000fbc   0x08000fbc   0x00000018   Code   RO         1521    i.FLASH_UnlockBank1  stm32f10x_flash.o
    0x08000fd4   0x08000fd4   0x00000026   Code   RO         1524    i.FLASH_WaitForLastOperation  stm32f10x_flash.o
    0x08000ffa   0x08000ffa   0x00000002   PAD
    0x08000ffc   0x08000ffc   0x00000040   Code   RO         1186    i.GPIO_EXTILineConfig  stm32f10x_gpio.o
    0x0800103c   0x0800103c   0x00000116   Code   RO         1189    i.GPIO_Init         stm32f10x_gpio.o
    0x08001152   0x08001152   0x00000004   Code   RO         1196    i.GPIO_ResetBits    stm32f10x_gpio.o
    0x08001156   0x08001156   0x00000004   Code   RO         1197    i.GPIO_SetBits      stm32f10x_gpio.o
    0x0800115a   0x0800115a   0x00000002   PAD
    0x0800115c   0x0800115c   0x000000d0   Code   RO         1726    i.GetTemperature    ad7191.o
    0x0800122c   0x0800122c   0x00000042   Code   RO         2284    i.HMI_Init          hmi_1.o
    0x0800126e   0x0800126e   0x00000002   PAD
    0x08001270   0x08001270   0x00000014   Code   RO          172    i.HardFault_Handler  stm32f10x_it.o
    0x08001284   0x08001284   0x00000046   Code   RO         2142    i.HexToASCII        master.o
    0x080012ca   0x080012ca   0x00000004   Code   RO          173    i.MemManage_Handler  stm32f10x_it.o
    0x080012ce   0x080012ce   0x00000002   Code   RO          174    i.NMI_Handler       stm32f10x_it.o
    0x080012d0   0x080012d0   0x00000070   Code   RO          311    i.NVIC_Init         misc.o
    0x08001340   0x08001340   0x00000014   Code   RO          312    i.NVIC_PriorityGroupConfig  misc.o
    0x08001354   0x08001354   0x00000002   Code   RO          175    i.PendSV_Handler    stm32f10x_it.o
    0x08001356   0x08001356   0x00000002   PAD
    0x08001358   0x08001358   0x00000020   Code   RO         1299    i.RCC_APB1PeriphClockCmd  stm32f10x_rcc.o
    0x08001378   0x08001378   0x00000020   Code   RO         1300    i.RCC_APB1PeriphResetCmd  stm32f10x_rcc.o
    0x08001398   0x08001398   0x00000020   Code   RO         1301    i.RCC_APB2PeriphClockCmd  stm32f10x_rcc.o
    0x080013b8   0x080013b8   0x00000020   Code   RO         1302    i.RCC_APB2PeriphResetCmd  stm32f10x_rcc.o
    0x080013d8   0x080013d8   0x000000d4   Code   RO         1309    i.RCC_GetClocksFreq  stm32f10x_rcc.o
    0x080014ac   0x080014ac   0x00000034   Code   RO         2066    i.READ_HMI          uart1.o
    0x080014e0   0x080014e0   0x00000070   Code   RO         2130    i.RELAY_Init        relay.o
    0x08001550   0x08001550   0x00000118   Code   RO         2143    i.RS485_Init        master.o
    0x08001668   0x08001668   0x00000058   Code   RO         2144    i.RS485_SendData    master.o
    0x080016c0   0x080016c0   0x00000002   Code   RO          176    i.SVC_Handler       stm32f10x_it.o
    0x080016c2   0x080016c2   0x00000008   Code   RO          259    i.SetSysClock       system_stm32f10x.o
    0x080016ca   0x080016ca   0x00000002   PAD
    0x080016cc   0x080016cc   0x000000e0   Code   RO          260    i.SetSysClockTo72   system_stm32f10x.o
    0x080017ac   0x080017ac   0x00000028   Code   RO          315    i.SysTick_CLKSourceConfig  misc.o
    0x080017d4   0x080017d4   0x00000002   Code   RO          177    i.SysTick_Handler   stm32f10x_it.o
    0x080017d6   0x080017d6   0x00000002   PAD
    0x080017d8   0x080017d8   0x00000060   Code   RO          262    i.SystemInit        system_stm32f10x.o
    0x08001838   0x08001838   0x000002cc   Code   RO         2218    i.TIM2_IRQHandler   timer.o
    0x08001b04   0x08001b04   0x0000005c   Code   RO         2219    i.TIM2_Int_Init     timer.o
    0x08001b60   0x08001b60   0x0000003c   Code   RO         2145    i.TIM3_IRQHandler   master.o
    0x08001b9c   0x08001b9c   0x0000001c   Code   RO         2146    i.TIM4_IRQHandler   master.o
    0x08001bb8   0x08001bb8   0x00000006   Code   RO          358    i.TIM_ClearITPendingBit  stm32f10x_tim.o
    0x08001bbe   0x08001bbe   0x00000018   Code   RO          363    i.TIM_Cmd           stm32f10x_tim.o
    0x08001bd6   0x08001bd6   0x00000022   Code   RO          384    i.TIM_GetITStatus   stm32f10x_tim.o
    0x08001bf8   0x08001bf8   0x00000012   Code   RO          388    i.TIM_ITConfig      stm32f10x_tim.o
    0x08001c0a   0x08001c0a   0x00000004   Code   RO          428    i.TIM_SetCounter    stm32f10x_tim.o
    0x08001c0e   0x08001c0e   0x00000002   PAD
    0x08001c10   0x08001c10   0x000000a4   Code   RO          434    i.TIM_TimeBaseInit  stm32f10x_tim.o
    0x08001cb4   0x08001cb4   0x0000006c   Code   RO         2147    i.Timer3_Init       master.o
    0x08001d20   0x08001d20   0x000000a8   Code   RO         2067    i.USART1_IRQHandler  uart1.o
    0x08001dc8   0x08001dc8   0x0000003c   Code   RO         2068    i.USART1_Push       uart1.o
    0x08001e04   0x08001e04   0x0000007c   Code   RO         2150    i.USART2_IRQHandler  master.o
    0x08001e80   0x08001e80   0x00000070   Code   RO         2296    i.USART3_IRQHandler  uart3.o
    0x08001ef0   0x08001ef0   0x00000012   Code   RO          949    i.USART_ClearFlag   stm32f10x_usart.o
    0x08001f02   0x08001f02   0x0000001e   Code   RO          950    i.USART_ClearITPendingBit  stm32f10x_usart.o
    0x08001f20   0x08001f20   0x00000018   Code   RO          953    i.USART_Cmd         stm32f10x_usart.o
    0x08001f38   0x08001f38   0x0000009c   Code   RO          955    i.USART_DeInit      stm32f10x_usart.o
    0x08001fd4   0x08001fd4   0x0000001a   Code   RO          956    i.USART_GetFlagStatus  stm32f10x_usart.o
    0x08001fee   0x08001fee   0x00000054   Code   RO          957    i.USART_GetITStatus  stm32f10x_usart.o
    0x08002042   0x08002042   0x0000004a   Code   RO          959    i.USART_ITConfig    stm32f10x_usart.o
    0x0800208c   0x0800208c   0x000000d8   Code   RO          960    i.USART_Init        stm32f10x_usart.o
    0x08002164   0x08002164   0x00000920   Code   RO         1975    i.USART_RecDeal     usart_op.o
    0x08002a84   0x08002a84   0x0000000a   Code   RO          967    i.USART_ReceiveData  stm32f10x_usart.o
    0x08002a8e   0x08002a8e   0x00000008   Code   RO          970    i.USART_SendData    stm32f10x_usart.o
    0x08002a96   0x08002a96   0x00000004   Code   RO          178    i.UsageFault_Handler  stm32f10x_it.o
    0x08002a9a   0x08002a9a   0x00000002   PAD
    0x08002a9c   0x08002a9c   0x00000050   Code   RO         2151    i.WRITE_CF          master.o
    0x08002aec   0x08002aec   0x00000084   Code   RO         2152    i.WRITE_CF_HZ       master.o
    0x08002b70   0x08002b70   0x00000044   Code   RO         2070    i.WRITE_HMI_Data    uart1.o
    0x08002bb4   0x08002bb4   0x00000028   Code   RO         2581    i.__0sprintf        mc_w.l(printfa.o)
    0x08002bdc   0x08002bdc   0x0000000e   Code   RO         2708    i.__scatterload_copy  mc_w.l(handlers.o)
    0x08002bea   0x08002bea   0x00000002   Code   RO         2709    i.__scatterload_null  mc_w.l(handlers.o)
    0x08002bec   0x08002bec   0x0000000e   Code   RO         2710    i.__scatterload_zeroinit  mc_w.l(handlers.o)
    0x08002bfa   0x08002bfa   0x00000002   PAD
    0x08002bfc   0x08002bfc   0x00000184   Code   RO         2586    i._fp_digits        mc_w.l(printfa.o)
    0x08002d80   0x08002d80   0x000006b4   Code   RO         2587    i._printf_core      mc_w.l(printfa.o)
    0x08003434   0x08003434   0x00000024   Code   RO         2588    i._printf_post_padding  mc_w.l(printfa.o)
    0x08003458   0x08003458   0x0000002e   Code   RO         2589    i._printf_pre_padding  mc_w.l(printfa.o)
    0x08003486   0x08003486   0x0000000a   Code   RO         2591    i._sputc            mc_w.l(printfa.o)
    0x08003490   0x08003490   0x0000003e   Code   RO         1728    i.ad7191_config     ad7191.o
    0x080034ce   0x080034ce   0x00000002   PAD
    0x080034d0   0x080034d0   0x00000014   Code   RO         1729    i.ad7191_off        ad7191.o
    0x080034e4   0x080034e4   0x00000014   Code   RO         1730    i.ad7191_on         ad7191.o
    0x080034f8   0x080034f8   0x0000009c   Code   RO         1976    i.commdIsRec_uart1  usart_op.o
    0x08003594   0x08003594   0x000000b8   Code   RO         1733    i.data_and_send     ad7191.o
    0x0800364c   0x0800364c   0x00000228   Code   RO         1734    i.data_compare      ad7191.o
    0x08003874   0x08003874   0x00000030   Code   RO         1735    i.deal_num          ad7191.o
    0x080038a4   0x080038a4   0x00000044   Code   RO         1671    i.delay_init        delay.o
    0x080038e8   0x080038e8   0x0000004c   Code   RO         1672    i.delay_ms          delay.o
    0x08003934   0x08003934   0x00000010   Code   RO         1869    i.flag_sys_init     flagdeal.o
    0x08003944   0x08003944   0x00000018   Code   RO         2248    i.flash_read        flash.o
    0x0800395c   0x0800395c   0x0000003c   Code   RO         2249    i.flash_save        flash.o
    0x08003998   0x08003998   0x00000050   Code   RO         2607    i.free              mc_w.l(malloc.o)
    0x080039e8   0x080039e8   0x00000028   Code   RO         1977    i.getStr            usart_op.o
    0x08003a10   0x08003a10   0x00000410   Code   RO         1737    i.get_data_and_send  ad7191.o
    0x08003e20   0x08003e20   0x00000024   Code   RO         1739    i.get_data_and_send_static  ad7191.o
    0x08003e44   0x08003e44   0x0000002a   Code   RO         2250    i.log_filled        flash.o
    0x08003e6e   0x08003e6e   0x00000002   PAD
    0x08003e70   0x08003e70   0x00000070   Code   RO            1    i.main              main.o
    0x08003ee0   0x08003ee0   0x0000006c   Code   RO         2608    i.malloc            mc_w.l(malloc.o)
    0x08003f4c   0x08003f4c   0x00000042   Code   RO         2251    i.pro_edit_filled   flash.o
    0x08003f8e   0x08003f8e   0x00000002   PAD
    0x08003f90   0x08003f90   0x0000002c   Code   RO         1740    i.read_data_from_ad7191  ad7191.o
    0x08003fbc   0x08003fbc   0x0000002c   Code   RO         1978    i.read_time         usart_op.o
    0x08003fe8   0x08003fe8   0x00000024   Code   RO         1741    i.select_IN_OR_EX   ad7191.o
    0x0800400c   0x0800400c   0x00000024   Code   RO         1742    i.select_tem        ad7191.o
    0x08004030   0x08004030   0x00000018   Code   RO         1743    i.sellect_channal   ad7191.o
    0x08004048   0x08004048   0x00000068   Code   RO         1744    i.set_gain          ad7191.o
    0x080040b0   0x080040b0   0x00000068   Code   RO         1745    i.set_rate          ad7191.o
    0x08004118   0x08004118   0x00000022   Code   RO         1979    i.str_compare       usart_op.o
    0x0800413a   0x0800413a   0x00000058   Code   RO         2252    i.test_para_filled  flash.o
    0x08004192   0x08004192   0x00000002   PAD
    0x08004194   0x08004194   0x000000a8   Code   RO         2071    i.uart1_init        uart1.o
    0x0800423c   0x0800423c   0x000000d0   Code   RO         1981    i.write_log         usart_op.o
    0x0800430c   0x0800430c   0x000000f0   Code   RO         1982    i.write_time        usart_op.o
    0x080043fc   0x080043fc   0x00000020   Data   RO         2706    Region$$Table       anon$$obj.o


    Execution Region RW_IRAM1 (Exec base: 0x20000000, Load base: 0x0800441c, Size: 0x00004ed8, Max: 0x00005000, ABSOLUTE, COMPRESSED[0x00000080])

    Exec Addr    Load Addr    Size         Type   Attr      Idx    E Section Name        Object

    0x20000000   COMPRESSED   0x00000014   Data   RW          263    .data               system_stm32f10x.o
    0x20000014   COMPRESSED   0x00000014   Data   RW         1329    .data               stm32f10x_rcc.o
    0x20000028   COMPRESSED   0x00000004   Data   RW         1674    .data               delay.o
    0x2000002c   COMPRESSED   0x0000010c   Data   RW         1747    .data               ad7191.o
    0x20000138   COMPRESSED   0x00000020   Data   RW         1934    .data               exti.o
    0x20000158   COMPRESSED   0x00000138   Data   RW         1984    .data               usart_op.o
    0x20000290   COMPRESSED   0x0000001b   Data   RW         2154    .data               master.o
    0x200002ab   COMPRESSED   0x00000001   PAD
    0x200002ac   COMPRESSED   0x00000030   Data   RW         2221    .data               timer.o
    0x200002dc   COMPRESSED   0x00000004   Data   RW         2693    .data               mc_w.l(mvars.o)
    0x200002e0   COMPRESSED   0x00000004   Data   RW         2694    .data               mc_w.l(mvars.o)
    0x200002e4        -       0x000002d0   Zero   RW            2    .bss                main.o
    0x200005b4        -       0x00000188   Zero   RW         1746    .bss                ad7191.o
    0x2000073c        -       0x00000204   Zero   RW         1871    .bss                flagdeal.o
    0x20000940        -       0x00002728   Zero   RW         1933    .bss                exti.o
    0x20003068        -       0x00000164   Zero   RW         1983    .bss                usart_op.o
    0x200031cc        -       0x00000406   Zero   RW         2072    .bss                uart1.o
    0x200035d2        -       0x00001000   Zero   RW         2153    .bss                master.o
    0x200045d2        -       0x00000306   Zero   RW         2300    .bss                uart3.o
    0x200048d8        -       0x00000200   Zero   RW          305    HEAP                startup_stm32f10x_md.o
    0x20004ad8        -       0x00000400   Zero   RW          304    STACK               startup_stm32f10x_md.o


==============================================================================

Image component sizes


      Code (inc. data)   RO Data    RW Data    ZI Data      Debug   Object Name

      2674        322          0        268        392      13236   ad7191.o
         0          0          0          0          0         32   core_cm3.o
       144         22          0          4          0       1160   delay.o
       776         84          0         32      10024       3195   exti.o
        16          6          0          0        516       1168   flagdeal.o
       280          4          0          0          0       3444   flash.o
        66          0          0          0          0        479   hmi_1.o
       112         14          0          0        720     262983   main.o
       970         94          0         27       4096       6602   master.o
       172         22          0          0          0       2001   misc.o
       112         12          0          0          0        513   relay.o
        36          8        236          0       1536        784   startup_stm32f10x_md.o
       200         18          0          0          0       2056   stm32f10x_exti.o
       330         38          0          0          0       5290   stm32f10x_flash.o
       350          4          0          0          0       3590   stm32f10x_gpio.o
        42          4          0          0          0       3610   stm32f10x_it.o
       340         44          0         20          0       5484   stm32f10x_rcc.o
       250         42          0          0          0       3995   stm32f10x_tim.o
       646         28          0          0          0       7836   stm32f10x_usart.o
       328         28          0         20          0       2017   system_stm32f10x.o
       808        102          0         48          0       2187   timer.o
       560         40          0          0       1030       4520   uart1.o
       112         12          0          0        774       3359   uart3.o
      3058        410          0        312        356      10299   usart_op.o

    ----------------------------------------------------------------------
     12408       1358        268        732      19444     349840   Object Totals
         0          0         32          0          0          0   (incl. Generated)
        26          0          0          1          0          0   (incl. Padding)

    ----------------------------------------------------------------------

      Code (inc. data)   RO Data    RW Data    ZI Data      Debug   Library Member Name

        86          0          0          0          0          0   __dczerorl2.o
        28          0          0          0          0         76   calloc.o
         0          0          0          0          0          0   entry.o
         0          0          0          0          0          0   entry10a.o
         0          0          0          0          0          0   entry11a.o
         4          0          0          0          0          0   entry12b.o
         8          4          0          0          0          0   entry2.o
         4          0          0          0          0          0   entry5.o
         0          0          0          0          0          0   entry7b.o
         0          0          0          0          0          0   entry8b.o
         8          4          0          0          0          0   entry9a.o
        30          0          0          0          0          0   handlers.o
        36          8          0          0          0         68   init.o
         0          0          0          0          0          0   iusefp.o
        30          0          0          0          0         68   llshl.o
        36          0          0          0          0         68   llsshr.o
        32          0          0          0          0         68   llushr.o
       188         20          0          0          0        160   malloc.o
        36          0          0          0          0         68   memcpya.o
        36          0          0          0          0        108   memseta.o
         0          0          0          8          0          0   mvars.o
      2236         86          0          0          0        532   printfa.o
        44          0          0          0          0         80   uidiv.o
        98          0          0          0          0         92   uldiv.o
        48          0          0          0          0         68   cdcmple.o
        48          0          0          0          0         68   cdrcmple.o
        20          0          0          0          0         68   cfcmple.o
        20          0          0          0          0         68   cfrcmple.o
        56          0          0          0          0         88   d2f.o
       334          0          0          0          0        148   dadd.o
       222          0          0          0          0        100   ddiv.o
       186          0          0          0          0        176   depilogue.o
        48          0          0          0          0         68   dfixul.o
       228          0          0          0          0         96   dmul.o
        38          0          0          0          0         68   f2d.o
       176          0          0          0          0        140   fadd.o
       124          0          0          0          0         88   fdiv.o
       110          0          0          0          0        168   fepilogue.o
        40          0          0          0          0         68   ffixui.o
        18          0          0          0          0         68   fflti.o
       100          0          0          0          0         76   fmul.o

    ----------------------------------------------------------------------
      4760        122          0          8          0       3012   Library Totals
         4          0          0          0          0          0   (incl. Padding)

    ----------------------------------------------------------------------

      Code (inc. data)   RO Data    RW Data    ZI Data      Debug   Library Name

      2940        122          0          8          0       1388   mc_w.l
      1816          0          0          0          0       1624   mf_w.l

    ----------------------------------------------------------------------
      4760        122          0          8          0       3012   Library Totals

    ----------------------------------------------------------------------

==============================================================================


      Code (inc. data)   RO Data    RW Data    ZI Data      Debug   

     17168       1480        268        740      19444     346220   Grand Totals
     17168       1480        268        128      19444     346220   ELF Image Totals (compressed)
     17168       1480        268        128          0          0   ROM Totals

==============================================================================

    Total RO  Size (Code + RO Data)                17436 (  17.03kB)
    Total RW  Size (RW Data + ZI Data)             20184 (  19.71kB)
    Total ROM Size (Code + RO Data + RW Data)      17564 (  17.15kB)

==============================================================================

