Component: ARM Compiler 5.06 update 7 (build 960) Tool: armlink [4d3601]

==============================================================================

Section Cross References

    main.o(i.main) refers to system_stm32f10x.o(i.SystemInit) for SystemInit
    main.o(i.main) refers to delay.o(i.delay_init) for delay_init
    main.o(i.main) refers to misc.o(i.NVIC_PriorityGroupConfig) for NVIC_PriorityGroupConfig
    main.o(i.main) refers to master.o(i.RS485_Init) for RS485_Init
    main.o(i.main) refers to usart.o(i.uart_init) for uart_init
    main.o(i.main) refers to relay.o(i.RELAY_Init) for RELAY_Init
    main.o(i.main) refers to flagdeal.o(i.flag_sys_init) for flag_sys_init
    main.o(i.main) refers to uart1.o(i.uart1_init) for uart1_init
    main.o(i.main) refers to uart3.o(i.uart3_init) for uart3_init
    main.o(i.main) refers to timer.o(i.TIM2_Int_Init) for TIM2_Int_Init
    main.o(i.main) refers to ad7191.o(i.ad7191_config) for ad7191_config
    main.o(i.main) refers to exti.o(i.EXTIX_Init) for EXTIX_Init
    system_stm32f10x.o(i.SystemCoreClockUpdate) refers to system_stm32f10x.o(.data) for .data
    system_stm32f10x.o(i.SystemInit) refers to system_stm32f10x.o(i.SetSysClockTo72) for SetSysClockTo72
    exti.o(i.EXTI15_10_IRQHandler) refers to stm32f10x_exti.o(i.EXTI_GetITStatus) for EXTI_GetITStatus
    exti.o(i.EXTI15_10_IRQHandler) refers to stm32f10x_exti.o(i.EXTI_ClearITPendingBit) for EXTI_ClearITPendingBit
    exti.o(i.EXTI15_10_IRQHandler) refers to exti.o(.data) for .data
    exti.o(i.EXTI9_5_IRQHandler) refers to stm32f10x_exti.o(i.EXTI_GetITStatus) for EXTI_GetITStatus
    exti.o(i.EXTI9_5_IRQHandler) refers to ad7191.o(i.get_data_and_send) for get_data_and_send
    exti.o(i.EXTI9_5_IRQHandler) refers to ad7191.o(i.GetTemperature) for GetTemperature
    exti.o(i.EXTI9_5_IRQHandler) refers to stm32f10x_exti.o(i.EXTI_ClearITPendingBit) for EXTI_ClearITPendingBit
    exti.o(i.EXTI9_5_IRQHandler) refers to fflti.o(.text) for __aeabi_i2f
    exti.o(i.EXTI9_5_IRQHandler) refers to fadd.o(.text) for __aeabi_fsub
    exti.o(i.EXTI9_5_IRQHandler) refers to cfcmple.o(.text) for __aeabi_cfcmple
    exti.o(i.EXTI9_5_IRQHandler) refers to cfrcmple.o(.text) for __aeabi_cfrcmple
    exti.o(i.EXTI9_5_IRQHandler) refers to exti.o(.data) for .data
    exti.o(i.EXTI9_5_IRQHandler) refers to ad7191.o(.data) for amp_ad
    exti.o(i.EXTI9_5_IRQHandler) refers to ad7191.o(.data) for flag_count
    exti.o(i.EXTI9_5_IRQHandler) refers to usart_op.o(.data) for flag_state
    exti.o(i.EXTI9_5_IRQHandler) refers to ad7191.o(.data) for flag_temp
    exti.o(i.EXTI9_5_IRQHandler) refers to timer.o(.data) for flag_screen
    exti.o(i.EXTI9_5_IRQHandler) refers to usart_op.o(.data) for over_top
    exti.o(i.EXTI9_5_IRQHandler) refers to usart_op.o(.data) for below_bottom
    exti.o(i.EXTIX_Init) refers to stm32f10x_rcc.o(i.RCC_APB2PeriphClockCmd) for RCC_APB2PeriphClockCmd
    exti.o(i.EXTIX_Init) refers to stm32f10x_gpio.o(i.GPIO_EXTILineConfig) for GPIO_EXTILineConfig
    exti.o(i.EXTIX_Init) refers to stm32f10x_exti.o(i.EXTI_Init) for EXTI_Init
    exti.o(i.EXTIX_Init) refers to misc.o(i.NVIC_Init) for NVIC_Init
    startup_stm32f10x_md.o(RESET) refers to startup_stm32f10x_md.o(STACK) for __initial_sp
    startup_stm32f10x_md.o(RESET) refers to startup_stm32f10x_md.o(.text) for Reset_Handler
    startup_stm32f10x_md.o(RESET) refers to stm32f10x_it.o(i.NMI_Handler) for NMI_Handler
    startup_stm32f10x_md.o(RESET) refers to stm32f10x_it.o(i.HardFault_Handler) for HardFault_Handler
    startup_stm32f10x_md.o(RESET) refers to stm32f10x_it.o(i.MemManage_Handler) for MemManage_Handler
    startup_stm32f10x_md.o(RESET) refers to stm32f10x_it.o(i.BusFault_Handler) for BusFault_Handler
    startup_stm32f10x_md.o(RESET) refers to stm32f10x_it.o(i.UsageFault_Handler) for UsageFault_Handler
    startup_stm32f10x_md.o(RESET) refers to stm32f10x_it.o(i.SVC_Handler) for SVC_Handler
    startup_stm32f10x_md.o(RESET) refers to stm32f10x_it.o(i.DebugMon_Handler) for DebugMon_Handler
    startup_stm32f10x_md.o(RESET) refers to stm32f10x_it.o(i.PendSV_Handler) for PendSV_Handler
    startup_stm32f10x_md.o(RESET) refers to stm32f10x_it.o(i.SysTick_Handler) for SysTick_Handler
    startup_stm32f10x_md.o(RESET) refers to exti.o(i.EXTI9_5_IRQHandler) for EXTI9_5_IRQHandler
    startup_stm32f10x_md.o(RESET) refers to timer.o(i.TIM2_IRQHandler) for TIM2_IRQHandler
    startup_stm32f10x_md.o(RESET) refers to master.o(i.TIM3_IRQHandler) for TIM3_IRQHandler
    startup_stm32f10x_md.o(RESET) refers to master.o(i.TIM4_IRQHandler) for TIM4_IRQHandler
    startup_stm32f10x_md.o(RESET) refers to uart1.o(i.USART1_IRQHandler) for USART1_IRQHandler
    startup_stm32f10x_md.o(RESET) refers to master.o(i.USART2_IRQHandler) for USART2_IRQHandler
    startup_stm32f10x_md.o(RESET) refers to uart3.o(i.USART3_IRQHandler) for USART3_IRQHandler
    startup_stm32f10x_md.o(RESET) refers to exti.o(i.EXTI15_10_IRQHandler) for EXTI15_10_IRQHandler
[...]
    Removing stm32f10x_usart.o(i.USART_SmartCardCmd), (20 bytes).
    Removing stm32f10x_usart.o(i.USART_SmartCardNACKCmd), (20 bytes).
    Removing stm32f10x_usart.o(i.USART_StructInit), (22 bytes).
    Removing stm32f10x_usart.o(i.USART_WakeUpConfig), (16 bytes).
    Removing stm32f10x_wwdg.o(i.WWDG_ClearFlag), (12 bytes).
    Removing stm32f10x_wwdg.o(i.WWDG_DeInit), (24 bytes).
    Removing stm32f10x_wwdg.o(i.WWDG_Enable), (16 bytes).
    Removing stm32f10x_wwdg.o(i.WWDG_EnableIT), (16 bytes).
    Removing stm32f10x_wwdg.o(i.WWDG_GetFlagStatus), (12 bytes).
    Removing stm32f10x_wwdg.o(i.WWDG_SetCounter), (16 bytes).
    Removing stm32f10x_wwdg.o(i.WWDG_SetPrescaler), (20 bytes).
    Removing stm32f10x_wwdg.o(i.WWDG_SetWindowValue), (28 bytes).
    Removing stm32f10x_gpio.o(i.GPIO_AFIODeInit), (22 bytes).
    Removing stm32f10x_gpio.o(i.GPIO_DeInit), (180 bytes).
    Removing stm32f10x_gpio.o(i.GPIO_ETH_MediaInterfaceConfig), (12 bytes).
    Removing stm32f10x_gpio.o(i.GPIO_EventOutputCmd), (12 bytes).
    Removing stm32f10x_gpio.o(i.GPIO_EventOutputConfig), (28 bytes).
    Removing stm32f10x_gpio.o(i.GPIO_PinLockConfig), (16 bytes).
    Removing stm32f10x_gpio.o(i.GPIO_PinRemapConfig), (88 bytes).
    Removing stm32f10x_gpio.o(i.GPIO_ReadInputData), (6 bytes).
    Removing stm32f10x_gpio.o(i.GPIO_ReadInputDataBit), (14 bytes).
    Removing stm32f10x_gpio.o(i.GPIO_ReadOutputData), (6 bytes).
    Removing stm32f10x_gpio.o(i.GPIO_ReadOutputDataBit), (14 bytes).
    Removing stm32f10x_gpio.o(i.GPIO_StructInit), (16 bytes).
    Removing stm32f10x_gpio.o(i.GPIO_Write), (4 bytes).
    Removing stm32f10x_gpio.o(i.GPIO_WriteBit), (10 bytes).
    Removing stm32f10x_rcc.o(i.RCC_ADCCLKConfig), (20 bytes).
    Removing stm32f10x_rcc.o(i.RCC_AHBPeriphClockCmd), (24 bytes).
    Removing stm32f10x_rcc.o(i.RCC_AdjustHSICalibrationValue), (20 bytes).
    Removing stm32f10x_rcc.o(i.RCC_BackupResetCmd), (12 bytes).
    Removing stm32f10x_rcc.o(i.RCC_ClearFlag), (16 bytes).
    Removing stm32f10x_rcc.o(i.RCC_ClearITPendingBit), (12 bytes).
    Removing stm32f10x_rcc.o(i.RCC_ClockSecuritySystemCmd), (12 bytes).
    Removing stm32f10x_rcc.o(i.RCC_DeInit), (64 bytes).
    Removing stm32f10x_rcc.o(i.RCC_GetFlagStatus), (48 bytes).
    Removing stm32f10x_rcc.o(i.RCC_GetITStatus), (20 bytes).
    Removing stm32f10x_rcc.o(i.RCC_GetSYSCLKSource), (16 bytes).
    Removing stm32f10x_rcc.o(i.RCC_HCLKConfig), (20 bytes).
    Removing stm32f10x_rcc.o(i.RCC_HSEConfig), (52 bytes).
    Removing stm32f10x_rcc.o(i.RCC_HSICmd), (12 bytes).
    Removing stm32f10x_rcc.o(i.RCC_ITConfig), (24 bytes).
    Removing stm32f10x_rcc.o(i.RCC_LSEConfig), (32 bytes).
    Removing stm32f10x_rcc.o(i.RCC_LSICmd), (12 bytes).
    Removing stm32f10x_rcc.o(i.RCC_MCOConfig), (12 bytes).
    Removing stm32f10x_rcc.o(i.RCC_PCLK1Config), (20 bytes).
    Removing stm32f10x_rcc.o(i.RCC_PCLK2Config), (20 bytes).
    Removing stm32f10x_rcc.o(i.RCC_PLLCmd), (12 bytes).
    Removing stm32f10x_rcc.o(i.RCC_PLLConfig), (20 bytes).
    Removing stm32f10x_rcc.o(i.RCC_RTCCLKCmd), (12 bytes).
    Removing stm32f10x_rcc.o(i.RCC_RTCCLKConfig), (16 bytes).
    Removing stm32f10x_rcc.o(i.RCC_SYSCLKConfig), (20 bytes).
    Removing stm32f10x_rcc.o(i.RCC_USBCLKConfig), (12 bytes).
    Removing stm32f10x_rcc.o(i.RCC_WaitForHSEStartUp), (44 bytes).
    Removing delay.o(i.delay_us), (52 bytes).
    Removing sys.o(.emb_text), (6 bytes).
    Removing sys.o(i.INTX_DISABLE), (4 bytes).
    Removing sys.o(i.INTX_ENABLE), (4 bytes).
    Removing sys.o(i.WFI_SET), (4 bytes).
    Removing ad7191.o(i.GetValueMidTui), (2 bytes).
    Removing ad7191.o(i.average_ad), (136 bytes).
    Removing ad7191.o(i.average_deal), (28 bytes).
    Removing ad7191.o(i.filter_AD), (64 bytes).
    Removing ad7191.o(i.get_data_and_send_moving), (12 bytes).
    Removing ad7191.o(.bss), (200 bytes).
    Removing ad7191.o(.data), (4 bytes).
    Removing ad7191.o(.data), (4 bytes).
    Removing ad7191.o(.data), (1 bytes).
    Removing ad7191.o(.data), (4 bytes).
    Removing ad7191.o(.data), (4 bytes).
    Removing ad7191.o(.data), (4 bytes).
    Removing flagdeal.o(i.Flag_Deal), (76 bytes).
    Removing flagdeal.o(i.register_flag), (40 bytes).
    Removing usart.o(i._sys_exit), (2 bytes).
    Removing usart.o(i.fputc), (24 bytes).
    Removing usart.o(.bss), (200 bytes).
    Removing usart.o(.data), (2 bytes).
    Removing usart.o(.data), (4 bytes).
    Removing led.o(i.LED_Init), (136 bytes).
    Removing uart3.o(i.int_to_char), (102 bytes).
    Removing uart3.o(.bss), (256 bytes).
    Removing uart3.o(.data), (1 bytes).
    Removing uart3.o(.data), (1 bytes).
    Removing usart_op.o(i.Char_To_Int), (40 bytes).
    Removing usart_op.o(i.HexChar_To_int), (64 bytes).
    Removing usart_op.o(i.commdIsRec), (84 bytes).
    Removing usart_op.o(i.str_copy), (20 bytes).
    Removing usart_op.o(.data), (2 bytes).
    Removing usart_op.o(.data), (4 bytes).
    Removing uart1.o(.bss), (256 bytes).
    Removing uart1.o(.data), (1 bytes).
    Removing uart1.o(.data), (1 bytes).
    Removing master.o(i.Timer4_disable), (40 bytes).
    Removing master.o(i.Timer4_enable), (96 bytes).
    Removing master.o(.data), (2 bytes).
    Removing master.o(.data), (2 bytes).
    Removing master.o(.data), (1 bytes).
    Removing master.o(.data), (1 bytes).
    Removing master.o(.data), (2 bytes).
    Removing master.o(.data), (2 bytes).
    Removing master.o(.data), (1 bytes).
    Removing master.o(.data), (1 bytes).
    Removing master.o(.data), (1 bytes).
    Removing timer.o(i.TIM2_PWMShiftInit), (156 bytes).

218 unused section(s) (total 16704 bytes) removed from the image.

==============================================================================

Image Symbol Table

    Local Symbols

    Symbol Name                              Value     Ov Type        Size  Object(Section)

    ../clib/../cmprslib/zerorunl2.c          0x00000000   Number         0  __dczerorl2.o ABSOLUTE
    ../clib/microlib/division.c              0x00000000   Number         0  uidiv.o ABSOLUTE
    ../clib/microlib/division.c              0x00000000   Number         0  uldiv.o ABSOLUTE
    ../clib/microlib/init/entry.s            0x00000000   Number         0  entry10a.o ABSOLUTE
    ../clib/microlib/init/entry.s            0x00000000   Number         0  entry2.o ABSOLUTE
    ../clib/microlib/init/entry.s            0x00000000   Number         0  entry5.o ABSOLUTE
    ../clib/microlib/init/entry.s            0x00000000   Number         0  entry7a.o ABSOLUTE
    ../clib/microlib/init/entry.s            0x00000000   Number         0  entry7b.o ABSOLUTE
    ../clib/microlib/init/entry.s            0x00000000   Number         0  entry8a.o ABSOLUTE
    ../clib/microlib/init/entry.s            0x00000000   Number         0  entry9b.o ABSOLUTE
    ../clib/microlib/init/entry.s            0x00000000   Number         0  entry9a.o ABSOLUTE
    ../clib/microlib/init/entry.s            0x00000000   Number         0  entry.o ABSOLUTE
    ../clib/microlib/init/entry.s            0x00000000   Number         0  entry8b.o ABSOLUTE
    ../clib/microlib/init/entry.s            0x00000000   Number         0  entry12b.o ABSOLUTE
    ../clib/microlib/init/entry.s            0x00000000   Number         0  entry12a.o ABSOLUTE
    ../clib/microlib/init/entry.s            0x00000000   Number         0  entry11b.o ABSOLUTE
    ../clib/microlib/init/entry.s            0x00000000   Number         0  entry10b.o ABSOLUTE
    ../clib/microlib/init/entry.s            0x00000000   Number         0  entry11a.o ABSOLUTE
    ../clib/microlib/longlong.c              0x00000000   Number         0  llushr.o ABSOLUTE
    ../clib/microlib/longlong.c              0x00000000   Number         0  llshl.o ABSOLUTE
    ../clib/microlib/longlong.c              0x00000000   Number         0  llsshr.o ABSOLUTE
    ../clib/microlib/malloc/calloc.c         0x00000000   Number         0  calloc.o ABSOLUTE
    ../clib/microlib/malloc/malloc.c         0x00000000   Number         0  mallocra.o ABSOLUTE
    ../clib/microlib/malloc/malloc.c         0x00000000   Number         0  malloca.o ABSOLUTE
    ../clib/microlib/malloc/malloc.c         0x00000000   Number         0  malloc.o ABSOLUTE
    ../clib/microlib/malloc/malloc.c         0x00000000   Number         0  mallocr.o ABSOLUTE
    ../clib/microlib/malloc/mvars.c          0x00000000   Number         0  mvars.o ABSOLUTE
    ../clib/microlib/printf/printf.c         0x00000000   Number         0  printf0.o ABSOLUTE
    ../clib/microlib/printf/printf.c         0x00000000   Number         0  printfb.o ABSOLUTE
    ../clib/microlib/printf/printf.c         0x00000000   Number         0  printf7.o ABSOLUTE
    ../clib/microlib/printf/printf.c         0x00000000   Number         0  printf5.o ABSOLUTE
    ../clib/microlib/printf/printf.c         0x00000000   Number         0  printf1.o ABSOLUTE
    ../clib/microlib/printf/printf.c         0x00000000   Number         0  printf6.o ABSOLUTE
    ../clib/microlib/printf/printf.c         0x00000000   Number         0  printf2.o ABSOLUTE
    ../clib/microlib/printf/printf.c         0x00000000   Number         0  printf3.o ABSOLUTE
    ../clib/microlib/printf/printf.c         0x00000000   Number         0  printfa.o ABSOLUTE
    ../clib/microlib/printf/printf.c         0x00000000   Number         0  printf8.o ABSOLUTE
    ../clib/microlib/printf/printf.c         0x00000000   Number         0  printf4.o ABSOLUTE
    ../clib/microlib/printf/stubs.s          0x00000000   Number         0  stubs.o ABSOLUTE
    ../clib/microlib/string/memcpy.c         0x00000000   Number         0  memcpyb.o ABSOLUTE
    ../clib/microlib/string/memcpy.c         0x00000000   Number         0  memcpya.o ABSOLUTE
    ../clib/microlib/stubs.s                 0x00000000   Number         0  useno.o ABSOLUTE
    ../clib/microlib/stubs.s                 0x00000000   Number         0  iusefp.o ABSOLUTE
    ../fplib/microlib/d2f.c                  0x00000000   Number         0  d2f.o ABSOLUTE
    ../fplib/microlib/f2d.c                  0x00000000   Number         0  f2d.o ABSOLUTE
    ../fplib/microlib/fpadd.c                0x00000000   Number         0  fadd.o ABSOLUTE
    ../fplib/microlib/fpadd.c                0x00000000   Number         0  dadd.o ABSOLUTE
    ../fplib/microlib/fpdiv.c                0x00000000   Number         0  fdiv.o ABSOLUTE
    ../fplib/microlib/fpdiv.c                0x00000000   Number         0  ddiv.o ABSOLUTE
    ../fplib/microlib/fpepilogue.c           0x00000000   Number         0  depilogue.o ABSOLUTE
    ../fplib/microlib/fpepilogue.c           0x00000000   Number         0  fepilogue.o ABSOLUTE
    ../fplib/microlib/fpfix.c                0x00000000   Number         0  dfixul.o ABSOLUTE
    ../fplib/microlib/fpflt.c                0x00000000   Number         0  fflti.o ABSOLUTE
    ../fplib/microlib/fpflt.c                0x00000000   Number         0  ffltui.o ABSOLUTE
    ../fplib/microlib/fpmul.c                0x00000000   Number         0  fmul.o ABSOLUTE
    ../fplib/microlib/fpmul.c                0x00000000   Number         0  dmul.o ABSOLUTE
    ../fplib/microlib/fpscalb.c              0x00000000   Number         0  fscalb.o ABSOLUTE
    ../fplib/microlib/fpscalb.c              0x00000000   Number         0  dscalb.o ABSOLUTE
    ..\CORE\core_cm3.c                       0x00000000   Number         0  core_cm3.o ABSOLUTE
    ..\CORE\startup_stm32f10x_md.s           0x00000000   Number         0  startup_stm32f10x_md.o ABSOLUTE
    ..\HARDWARE\LED\FlagDeal.c               0x00000000   Number         0  flagdeal.o ABSOLUTE
    ..\HARDWARE\LED\exti.c                   0x00000000   Number         0  exti.o ABSOLUTE
    ..\HARDWARE\LED\led.c                    0x00000000   Number         0  led.o ABSOLUTE
    ..\HARDWARE\LED\master.c                 0x00000000   Number         0  master.o ABSOLUTE
    ..\HARDWARE\LED\relay.c                  0x00000000   Number         0  relay.o ABSOLUTE
    ..\HARDWARE\LED\timer.c                  0x00000000   Number         0  timer.o ABSOLUTE
    ..\HARDWARE\LED\uart3.c                  0x00000000   Number         0  uart3.o ABSOLUTE
    ..\HARDWARE\LED\usart_op.c               0x00000000   Number         0  usart_op.o ABSOLUTE
    ..\STM32F10x_FWLib\src\misc.c            0x00000000   Number         0  misc.o ABSOLUTE
    ..\STM32F10x_FWLib\src\stm32f10x_exti.c  0x00000000   Number         0  stm32f10x_exti.o ABSOLUTE
    ..\STM32F10x_FWLib\src\stm32f10x_gpio.c  0x00000000   Number         0  stm32f10x_gpio.o ABSOLUTE
    ..\STM32F10x_FWLib\src\stm32f10x_rcc.c   0x00000000   Number         0  stm32f10x_rcc.o ABSOLUTE
    ..\STM32F10x_FWLib\src\stm32f10x_tim.c   0x00000000   Number         0  stm32f10x_tim.o ABSOLUTE
    ..\STM32F10x_FWLib\src\stm32f10x_usart.c 0x00000000   Number         0  stm32f10x_usart.o ABSOLUTE
    ..\STM32F10x_FWLib\src\stm32f10x_wwdg.c  0x00000000   Number         0  stm32f10x_wwdg.o ABSOLUTE
    ..\SYSTEM\ad7191\ad7191.c                0x00000000   Number         0  ad7191.o ABSOLUTE
    ..\SYSTEM\delay\delay.c                  0x00000000   Number         0  delay.o ABSOLUTE
    ..\SYSTEM\sys\sys.c                      0x00000000   Number         0  sys.o ABSOLUTE
    ..\SYSTEM\usart\uart1.c                  0x00000000   Number         0  uart1.o ABSOLUTE
    ..\SYSTEM\usart\usart.c                  0x00000000   Number         0  usart.o ABSOLUTE
    ..\\CORE\\core_cm3.c                     0x00000000   Number         0  core_cm3.o ABSOLUTE
    ..\\SYSTEM\\sys\\sys.c                   0x00000000   Number         0  sys.o ABSOLUTE
    cdrcmple.s                               0x00000000   Number         0  cdrcmple.o ABSOLUTE
    cfcmple.s                                0x00000000   Number         0  cfcmple.o ABSOLUTE
    cfrcmple.s                               0x00000000   Number         0  cfrcmple.o ABSOLUTE
    dc.s                                     0x00000000   Number         0  dc.o ABSOLUTE
    handlers.s                               0x00000000   Number         0  handlers.o ABSOLUTE
    init.s                                   0x00000000   Number         0  init.o ABSOLUTE
    main.c                                   0x00000000   Number         0  main.o ABSOLUTE
    stm32f10x_it.c                           0x00000000   Number         0  stm32f10x_it.o ABSOLUTE
    system_stm32f10x.c                       0x00000000   Number         0  system_stm32f10x.o ABSOLUTE
    RESET                                    0x08000000   Section      236  startup_stm32f10x_md.o(RESET)
    .ARM.Collect$$$$00000000                 0x080000ec   Section        0  entry.o(.ARM.Collect$$$$00000000)
    .ARM.Collect$$$$00000001                 0x080000ec   Section        4  entry2.o(.ARM.Collect$$$$00000001)
    .ARM.Collect$$$$00000004                 0x080000f0   Section        4  entry5.o(.ARM.Collect$$$$00000004)
    .ARM.Collect$$$$00000008                 0x080000f4   Section        0  entry7b.o(.ARM.Collect$$$$00000008)
    .ARM.Collect$$$$0000000A                 0x080000f4   Section        0  entry8b.o(.ARM.Collect$$$$0000000A)
    .ARM.Collect$$$$0000000B                 0x080000f4   Section        8  entry9a.o(.ARM.Collect$$$$0000000B)
    .ARM.Collect$$$$0000000E                 0x080000fc   Section        4  entry12b.o(.ARM.Collect$$$$0000000E)
    .ARM.Collect$$$$0000000F                 0x08000100   Section        0  entry10a.o(.ARM.Collect$$$$0000000F)
    .ARM.Collect$$$$00000011                 0x08000100   Section        0  entry11a.o(.ARM.Collect$$$$00000011)
    .ARM.Collect$$$$00002712                 0x08000100   Section        4  entry2.o(.ARM.Collect$$$$00002712)
    __lit__00000000                          0x08000100   Data           4  entry2.o(.ARM.Collect$$$$00002712)
    .text                                    0x08000104   Section       36  startup_stm32f10x_md.o(.text)
    .text                                    0x08000128   Section        0  memcpya.o(.text)
    .text                                    0x0800014c   Section        0  calloc.o(.text)
    .text                                    0x08000168   Section        0  fadd.o(.text)
    .text                                    0x08000218   Section        0  fmul.o(.text)
    .text                                    0x0800027c   Section        0  fdiv.o(.text)
    .text                                    0x080002f8   Section        0  fscalb.o(.text)
    .text                                    0x08000310   Section        0  dadd.o(.text)
    .text                                    0x0800045e   Section        0  dmul.o(.text)
    .text                                    0x08000542   Section        0  dscalb.o(.text)
    .text                                    0x08000570   Section        0  fflti.o(.text)
    .text                                    0x08000582   Section        0  ffltui.o(.text)
    .text                                    0x0800058c   Section        0  f2d.o(.text)
    .text                                    0x080005b2   Section        0  d2f.o(.text)
    .text                                    0x080005ec   Section       20  cfcmple.o(.text)
    .text                                    0x08000600   Section       20  cfrcmple.o(.text)
    .text                                    0x08000614   Section        0  uidiv.o(.text)
    .text                                    0x08000640   Section        0  uldiv.o(.text)
    .text                                    0x080006a2   Section        0  llshl.o(.text)
    .text                                    0x080006c0   Section        0  llsshr.o(.text)
    .text                                    0x080006e4   Section        0  fepilogue.o(.text)
    .text                                    0x080006e4   Section        0  iusefp.o(.text)
    .text                                    0x08000752   Section        0  depilogue.o(.text)
    .text                                    0x0800080c   Section        0  ddiv.o(.text)
    .text                                    0x080008ea   Section        0  dfixul.o(.text)
    .text                                    0x0800091c   Section       48  cdrcmple.o(.text)
    .text                                    0x0800094c   Section       36  init.o(.text)
    .text                                    0x08000970   Section        0  llushr.o(.text)
    .text                                    0x08000990   Section        0  __dczerorl2.o(.text)
    i.AD7191_gpio_Configuration              0x080009e8   Section        0  ad7191.o(i.AD7191_gpio_Configuration)
    i.BusFault_Handler                       0x08000a7c   Section        0  stm32f10x_it.o(i.BusFault_Handler)
    i.DebugMon_Handler                       0x08000a7e   Section        0  stm32f10x_it.o(i.DebugMon_Handler)
    i.EXTI15_10_IRQHandler                   0x08000a80   Section        0  exti.o(i.EXTI15_10_IRQHandler)
    i.EXTI9_5_IRQHandler                     0x08000aa4   Section        0  exti.o(i.EXTI9_5_IRQHandler)
    i.EXTIX_Init                             0x08000bbc   Section        0  exti.o(i.EXTIX_Init)
    i.EXTI_ClearITPendingBit                 0x08000c3c   Section        0  stm32f10x_exti.o(i.EXTI_ClearITPendingBit)
    i.EXTI_GetITStatus                       0x08000c48   Section        0  stm32f10x_exti.o(i.EXTI_GetITStatus)
    i.EXTI_Init                              0x08000c68   Section        0  stm32f10x_exti.o(i.EXTI_Init)
    i.GPIO_EXTILineConfig                    0x08000cd8   Section        0  stm32f10x_gpio.o(i.GPIO_EXTILineConfig)
    i.GPIO_Init                              0x08000d00   Section        0  stm32f10x_gpio.o(i.GPIO_Init)
    i.GPIO_ResetBits                         0x08000d9c   Section        0  stm32f10x_gpio.o(i.GPIO_ResetBits)
    i.GPIO_SetBits                           0x08000da0   Section        0  stm32f10x_gpio.o(i.GPIO_SetBits)
    i.GetTemperature                         0x08000da4   Section        0  ad7191.o(i.GetTemperature)
    i.HardFault_Handler                      0x08000e18   Section        0  stm32f10x_it.o(i.HardFault_Handler)
    i.HexToASCII                             0x08000e1a   Section        0  master.o(i.HexToASCII)
    i.MemManage_Handler                      0x08000e4a   Section        0  stm32f10x_it.o(i.MemManage_Handler)
    i.NMI_Handler                            0x08000e4c   Section        0  stm32f10x_it.o(i.NMI_Handler)
    i.NVIC_Init                              0x08000e50   Section        0  misc.o(i.NVIC_Init)
    i.NVIC_PriorityGroupConfig               0x08000eb4   Section        0  misc.o(i.NVIC_PriorityGroupConfig)
    i.PendSV_Handler                         0x08000ec8   Section        0  stm32f10x_it.o(i.PendSV_Handler)
    i.RCC_APB1PeriphClockCmd                 0x08000ecc   Section        0  stm32f10x_rcc.o(i.RCC_APB1PeriphClockCmd)
    i.RCC_APB1PeriphResetCmd                 0x08000ee4   Section        0  stm32f10x_rcc.o(i.RCC_APB1PeriphResetCmd)
    i.RCC_APB2PeriphClockCmd                 0x08000efc   Section        0  stm32f10x_rcc.o(i.RCC_APB2PeriphClockCmd)
    i.RCC_APB2PeriphResetCmd                 0x08000f14   Section        0  stm32f10x_rcc.o(i.RCC_APB2PeriphResetCmd)
    i.RCC_GetClocksFreq                      0x08000f2c   Section        0  stm32f10x_rcc.o(i.RCC_GetClocksFreq)
    i.READ_HMI                               0x08000fc0   Section        0  uart1.o(i.READ_HMI)
    i.RELAY_Init                             0x08000fe8   Section        0  relay.o(i.RELAY_Init)
    i.RS485_Init                             0x08001058   Section        0  master.o(i.RS485_Init)
    i.RS485_SendData                         0x08001160   Section        0  master.o(i.RS485_SendData)
    i.SVC_Handler                            0x080011b8   Section        0  stm32f10x_it.o(i.SVC_Handler)
    i.SetSysClockTo72                        0x080011bc   Section        0  system_stm32f10x.o(i.SetSysClockTo72)
    SetSysClockTo72                          0x080011bd   Thumb Code   160  system_stm32f10x.o(i.SetSysClockTo72)
    i.SysTick_CLKSourceConfig                0x08001264   Section        0  misc.o(i.SysTick_CLKSourceConfig)
    i.SysTick_Handler                        0x0800127c   Section        0  stm32f10x_it.o(i.SysTick_Handler)
    i.SystemInit                             0x08001280   Section        0  system_stm32f10x.o(i.SystemInit)
    i.TIM2_IRQHandler                        0x080012d0   Section        0  timer.o(i.TIM2_IRQHandler)
    i.TIM2_Int_Init                          0x080014b4   Section        0  timer.o(i.TIM2_Int_Init)
    i.TIM3_IRQHandler                        0x08001510   Section        0  master.o(i.TIM3_IRQHandler)
    i.TIM4_IRQHandler                        0x0800154c   Section        0  master.o(i.TIM4_IRQHandler)
    i.TIM_ClearITPendingBit                  0x08001570   Section        0  stm32f10x_tim.o(i.TIM_ClearITPendingBit)
    i.TIM_Cmd                                0x08001576   Section        0  stm32f10x_tim.o(i.TIM_Cmd)
    i.TIM_GetITStatus                        0x0800158a   Section        0  stm32f10x_tim.o(i.TIM_GetITStatus)
    i.TIM_ITConfig                           0x080015a2   Section        0  stm32f10x_tim.o(i.TIM_ITConfig)
    i.TIM_SetCounter                         0x080015b2   Section        0  stm32f10x_tim.o(i.TIM_SetCounter)
    i.TIM_TimeBaseInit                       0x080015b8   Section        0  stm32f10x_tim.o(i.TIM_TimeBaseInit)
    i.Timer3_Init                            0x08001654   Section        0  master.o(i.Timer3_Init)
    i.USART1_IRQHandler                      0x080016c0   Section        0  uart1.o(i.USART1_IRQHandler)
    i.USART1_Push                            0x0800173c   Section        0  uart1.o(i.USART1_Push)
    i.USART2_IRQHandler                      0x08001770   Section        0  master.o(i.USART2_IRQHandler)
    i.USART3_IRQHandler                      0x080017e8   Section        0  uart3.o(i.USART3_IRQHandler)
    i.USART3_Push                            0x08001858   Section        0  uart3.o(i.USART3_Push)
    i.USART_ClearITPendingBit                0x0800188c   Section        0  stm32f10x_usart.o(i.USART_ClearITPendingBit)
    i.USART_Cmd                              0x08001898   Section        0  stm32f10x_usart.o(i.USART_Cmd)
    i.USART_DeInit                           0x080018ac   Section        0  stm32f10x_usart.o(i.USART_DeInit)
    i.USART_GetFlagStatus                    0x08001920   Section        0  stm32f10x_usart.o(i.USART_GetFlagStatus)
    i.USART_GetITStatus                      0x0800192e   Section        0  stm32f10x_usart.o(i.USART_GetITStatus)
    i.USART_ITConfig                         0x0800196c   Section        0  stm32f10x_usart.o(i.USART_ITConfig)
    i.USART_Init                             0x0800199c   Section        0  stm32f10x_usart.o(i.USART_Init)
    i.USART_RecDeal                          0x08001a48   Section        0  usart_op.o(i.USART_RecDeal)
    i.USART_ReceiveData                      0x08001d88   Section        0  stm32f10x_usart.o(i.USART_ReceiveData)
    i.USART_SendData                         0x08001d90   Section        0  stm32f10x_usart.o(i.USART_SendData)
    i.UsageFault_Handler                     0x08001d98   Section        0  stm32f10x_it.o(i.UsageFault_Handler)
    i.WRITE_CF                               0x08001d9c   Section        0  master.o(i.WRITE_CF)
    i.WRITE_CF_HZ                            0x08001de4   Section        0  master.o(i.WRITE_CF_HZ)
    i.WRITE_HMI                              0x08001e58   Section        0  uart1.o(i.WRITE_HMI)
    i.__0sprintf                             0x08001eec   Section        0  printfa.o(i.__0sprintf)
    i.__scatterload_copy                     0x08001f14   Section       14  handlers.o(i.__scatterload_copy)
    i.__scatterload_null                     0x08001f22   Section        2  handlers.o(i.__scatterload_null)
    i.__scatterload_zeroinit                 0x08001f24   Section       14  handlers.o(i.__scatterload_zeroinit)
    i._fp_digits                             0x08001f34   Section        0  printfa.o(i._fp_digits)
    _fp_digits                               0x08001f35   Thumb Code   366  printfa.o(i._fp_digits)
    i._printf_core                           0x080020b8   Section        0  printfa.o(i._printf_core)
    _printf_core                             0x080020b9   Thumb Code  1704  printfa.o(i._printf_core)
    i._printf_post_padding                   0x0800276c   Section        0  printfa.o(i._printf_post_padding)
    _printf_post_padding                     0x0800276d   Thumb Code    36  printfa.o(i._printf_post_padding)
    i._printf_pre_padding                    0x08002790   Section        0  printfa.o(i._printf_pre_padding)
    _printf_pre_padding                      0x08002791   Thumb Code    46  printfa.o(i._printf_pre_padding)
    i._sputc                                 0x080027be   Section        0  printfa.o(i._sputc)
    _sputc                                   0x080027bf   Thumb Code    10  printfa.o(i._sputc)
    i.ad7191_config                          0x080027c8   Section        0  ad7191.o(i.ad7191_config)
    i.ad7191_off                             0x08002804   Section        0  ad7191.o(i.ad7191_off)
    i.ad7191_on                              0x08002818   Section        0  ad7191.o(i.ad7191_on)
    i.commdIsRec_uart1                       0x0800282c   Section        0  usart_op.o(i.commdIsRec_uart1)
    i.data_and_send                          0x0800289c   Section        0  ad7191.o(i.data_and_send)
    i.data_compare                           0x08002948   Section        0  ad7191.o(i.data_compare)
    i.deal_num                               0x08002a00   Section        0  ad7191.o(i.deal_num)
    i.delay_init                             0x08002a24   Section        0  delay.o(i.delay_init)
    i.delay_ms                               0x08002a60   Section        0  delay.o(i.delay_ms)
    i.flag_sys_init                          0x08002a94   Section        0  flagdeal.o(i.flag_sys_init)
    i.free                                   0x08002aa4   Section        0  malloc.o(i.free)
    i.getStr                                 0x08002af4   Section        0  usart_op.o(i.getStr)
    i.get_data_and_send                      0x08002b14   Section        0  ad7191.o(i.get_data_and_send)
    i.get_data_and_send_static               0x08002d3c   Section        0  ad7191.o(i.get_data_and_send_static)
    i.main                                   0x08002d50   Section        0  main.o(i.main)
    i.malloc                                 0x08002dac   Section        0  malloc.o(i.malloc)
    i.read_data_from_ad7191                  0x08002e18   Section        0  ad7191.o(i.read_data_from_ad7191)
    i.select_IN_OR_EX                        0x08002e44   Section        0  ad7191.o(i.select_IN_OR_EX)
    i.select_tem                             0x08002e60   Section        0  ad7191.o(i.select_tem)
    i.sellect_channal                        0x08002e7c   Section        0  ad7191.o(i.sellect_channal)
    i.set_gain                               0x08002e94   Section        0  ad7191.o(i.set_gain)
    i.set_rate                               0x08002ecc   Section        0  ad7191.o(i.set_rate)
    i.str_compare                            0x08002f0c   Section        0  usart_op.o(i.str_compare)
    i.uart1_init                             0x08002f2c   Section        0  uart1.o(i.uart1_init)
    i.uart3_init                             0x08002fd0   Section        0  uart3.o(i.uart3_init)
    i.uart_init                              0x0800307c   Section        0  usart.o(i.uart_init)
    .data                                    0x20000000   Section       20  system_stm32f10x.o(.data)
    .data                                    0x20000014   Section       12  exti.o(.data)
    .data                                    0x20000020   Section       20  stm32f10x_rcc.o(.data)
    ADCPrescTable                            0x20000020   Data           4  stm32f10x_rcc.o(.data)
    APBAHBPrescTable                         0x20000024   Data          16  stm32f10x_rcc.o(.data)
    .data                                    0x20000034   Section        4  delay.o(.data)
    fac_us                                   0x20000034   Data           1  delay.o(.data)
    fac_ms                                   0x20000036   Data           2  delay.o(.data)
    .data                                    0x20000038   Section      148  ad7191.o(.data)
    amp                                      0x2000005c   Data           4  ad7191.o(.data)
    i                                        0x20000060   Data           4  ad7191.o(.data)
    data_te                                  0x20000064   Data           4  ad7191.o(.data)
    data_t                                   0x20000068   Data           4  ad7191.o(.data)
    data1                                    0x2000006c   Data           4  ad7191.o(.data)
    ptr                                      0x20000070   Data           4  ad7191.o(.data)
    ptr_d                                    0x20000074   Data           4  ad7191.o(.data)
    over_flag                                0x20000078   Data           4  ad7191.o(.data)
    data_sum                                 0x2000007c   Data           4  ad7191.o(.data)
    sum_min                                  0x20000080   Data           4  ad7191.o(.data)
    sum_max                                  0x20000084   Data           4  ad7191.o(.data)
    sum_sum                                  0x20000088   Data           4  ad7191.o(.data)
    i_max                                    0x2000008c   Data           4  ad7191.o(.data)
    i_min                                    0x20000090   Data           4  ad7191.o(.data)
    i_sum                                    0x20000094   Data           4  ad7191.o(.data)
    i_amp                                    0x20000098   Data           4  ad7191.o(.data)
    flag_amp                                 0x2000009c   Data           4  ad7191.o(.data)
    sum_amp                                  0x200000a0   Data           4  ad7191.o(.data)
    pre_m                                    0x200000a4   Data           4  ad7191.o(.data)
    pre_n                                    0x200000a8   Data           4  ad7191.o(.data)
    data_t                                   0x200000ac   Data           4  ad7191.o(.data)
    amp_comp                                 0x200000b0   Data           4  ad7191.o(.data)
    i_pre                                    0x200000b4   Data           4  ad7191.o(.data)
    .data                                    0x200000cc   Section        4  ad7191.o(.data)
    .data                                    0x200000d0   Section        1  ad7191.o(.data)
    .data                                    0x200000d4   Section      201  usart_op.o(.data)
    cnt                                      0x200000d4   Data           1  usart_op.o(.data)
    state_now                                0x200000d5   Data           1  usart_op.o(.data)
    state_old                                0x200000d6   Data           1  usart_op.o(.data)
    num_product                              0x200000e0   Data           4  usart_op.o(.data)
    times                                    0x20000134   Data           4  usart_op.o(.data)
    value_current                            0x20000138   Data           4  usart_op.o(.data)
    tichu_current                            0x2000013c   Data           4  usart_op.o(.data)
    keep_current                             0x20000140   Data           4  usart_op.o(.data)
    change_current                           0x20000144   Data           4  usart_op.o(.data)
    load_weight                              0x20000148   Data           4  usart_op.o(.data)
    .data                                    0x2000019d   Section        1  usart_op.o(.data)
    .data                                    0x2000019e   Section        1  usart_op.o(.data)
    .data                                    0x200001a0   Section       12  master.o(.data)
    .data                                    0x200001ac   Section       36  timer.o(.data)
    i                                        0x200001ae   Data           1  timer.o(.data)
    cnt                                      0x200001c8   Data           4  timer.o(.data)
    sec_2                                    0x200001cc   Data           4  timer.o(.data)
    .data                                    0x200001d0   Section        4  mvars.o(.data)
    .data                                    0x200001d4   Section        4  mvars.o(.data)
    .bss                                     0x200001d8   Section      208  ad7191.o(.bss)
    data1_max                                0x200001d8   Data          40  ad7191.o(.bss)
    data1_min                                0x20000200   Data          40  ad7191.o(.bss)
    .bss                                     0x200002a8   Section      516  flagdeal.o(.bss)
    .bss                                     0x200004ac   Section      518  uart3.o(.bss)
    .bss                                     0x200006b2   Section      230  usart_op.o(.bss)
    .bss                                     0x20000798   Section      774  uart1.o(.bss)
    .bss                                     0x20000a9e   Section     4096  master.o(.bss)
    HEAP                                     0x20001aa0   Section      512  startup_stm32f10x_md.o(HEAP)
    STACK                                    0x20001ca0   Section     1024  startup_stm32f10x_md.o(STACK)

    Global Symbols

    Symbol Name                              Value     Ov Type        Size  Object(Section)

    BuildAttributes$$THM_ISAv4$P$D$K$B$S$PE$A:L22UL41UL21$X:L11$S22US41US21$IEEE1$IW$USESV6$~STKCKD$USESV7$~SHL$OTIME$ROPI$EBA8$MICROLIB$REQ8$PRES8$EABIv2 0x00000000   Number         0  anon$$obj.o ABSOLUTE
    __ARM_use_no_argv                        0x00000000   Number         0  main.o ABSOLUTE
    __use_no_errno                           0x00000000   Number         0  useno.o ABSOLUTE
    __use_no_exception_handling              0x00000000   Number         0  useno.o ABSOLUTE
    __use_no_fp                              0x00000000   Number         0  useno.o ABSOLUTE
    __use_no_heap                            0x00000000   Number         0  useno.o ABSOLUTE
    __use_no_heap_region                     0x00000000   Number         0  useno.o ABSOLUTE
    __use_no_semihosting                     0x00000000   Number         0  useno.o ABSOLUTE
    __use_no_semihosting_swi                 0x00000000   Number         0  useno.o ABSOLUTE
    __use_no_signal_handling                 0x00000000   Number         0  useno.o ABSOLUTE
    _printf_a                                0x00000000   Number         0  stubs.o ABSOLUTE
    _printf_c                                0x00000000   Number         0  stubs.o ABSOLUTE
    _printf_charcount                        0x00000000   Number         0  stubs.o ABSOLUTE
    _printf_d                                0x00000000   Number         0  stubs.o ABSOLUTE
    _printf_e                                0x00000000   Number         0  stubs.o ABSOLUTE
    _printf_f                                0x00000000   Number         0  stubs.o ABSOLUTE
    _printf_flags                            0x00000000   Number         0  stubs.o ABSOLUTE
    _printf_fp_dec                           0x00000000   Number         0  stubs.o ABSOLUTE
    _printf_fp_hex                           0x00000000   Number         0  stubs.o ABSOLUTE
    _printf_g                                0x00000000   Number         0  stubs.o ABSOLUTE
    _printf_i                                0x00000000   Number         0  stubs.o ABSOLUTE
    _printf_int_dec                          0x00000000   Number         0  stubs.o ABSOLUTE
    _printf_l                                0x00000000   Number         0  stubs.o ABSOLUTE
    _printf_lc                               0x00000000   Number         0  stubs.o ABSOLUTE
    _printf_ll                               0x00000000   Number         0  stubs.o ABSOLUTE
    _printf_lld                              0x00000000   Number         0  stubs.o ABSOLUTE
    _printf_lli                              0x00000000   Number         0  stubs.o ABSOLUTE
    _printf_llo                              0x00000000   Number         0  stubs.o ABSOLUTE
    _printf_llu                              0x00000000   Number         0  stubs.o ABSOLUTE
    _printf_llx                              0x00000000   Number         0  stubs.o ABSOLUTE
    _printf_longlong_dec                     0x00000000   Number         0  stubs.o ABSOLUTE
    _printf_longlong_hex                     0x00000000   Number         0  stubs.o ABSOLUTE
    _printf_longlong_oct                     0x00000000   Number         0  stubs.o ABSOLUTE
    _printf_ls                               0x00000000   Number         0  stubs.o ABSOLUTE
    _printf_mbtowc                           0x00000000   Number         0  stubs.o ABSOLUTE
    _printf_n                                0x00000000   Number         0  stubs.o ABSOLUTE
    _printf_o                                0x00000000   Number         0  stubs.o ABSOLUTE
    _printf_p                                0x00000000   Number         0  stubs.o ABSOLUTE
    _printf_percent                          0x00000000   Number         0  stubs.o ABSOLUTE
    _printf_pre_padding                      0x00000000   Number         0  stubs.o ABSOLUTE
    _printf_return_value                     0x00000000   Number         0  stubs.o ABSOLUTE
    _printf_s                                0x00000000   Number         0  stubs.o ABSOLUTE
    _printf_sizespec                         0x00000000   Number         0  stubs.o ABSOLUTE
    _printf_str                              0x00000000   Number         0  stubs.o ABSOLUTE
    _printf_truncate_signed                  0x00000000   Number         0  stubs.o ABSOLUTE
    _printf_truncate_unsigned                0x00000000   Number         0  stubs.o ABSOLUTE
    _printf_u                                0x00000000   Number         0  stubs.o ABSOLUTE
    _printf_wc                               0x00000000   Number         0  stubs.o ABSOLUTE
    _printf_wctomb                           0x00000000   Number         0  stubs.o ABSOLUTE
    _printf_widthprec                        0x00000000   Number         0  stubs.o ABSOLUTE
    _printf_x                                0x00000000   Number         0  stubs.o ABSOLUTE
    __arm_fini_                               - Undefined Weak Reference
    __cpp_initialize__aeabi_                  - Undefined Weak Reference
    __cxa_finalize                            - Undefined Weak Reference
    _clock_init                               - Undefined Weak Reference
    _microlib_exit                            - Undefined Weak Reference
    __Vectors_Size                           0x000000ec   Number         0  startup_stm32f10x_md.o ABSOLUTE
    __Vectors                                0x08000000   Data           4  startup_stm32f10x_md.o(RESET)
    __Vectors_End                            0x080000ec   Data           0  startup_stm32f10x_md.o(RESET)
    __main                                   0x080000ed   Thumb Code     0  entry.o(.ARM.Collect$$$$00000000)
    _main_stk                                0x080000ed   Thumb Code     0  entry2.o(.ARM.Collect$$$$00000001)
    _main_scatterload                        0x080000f1   Thumb Code     0  entry5.o(.ARM.Collect$$$$00000004)
    __main_after_scatterload                 0x080000f5   Thumb Code     0  entry5.o(.ARM.Collect$$$$00000004)
    _main_clock                              0x080000f5   Thumb Code     0  entry7b.o(.ARM.Collect$$$$00000008)
    _main_cpp_init                           0x080000f5   Thumb Code     0  entry8b.o(.ARM.Collect$$$$0000000A)
    _main_init                               0x080000f5   Thumb Code     0  entry9a.o(.ARM.Collect$$$$0000000B)
    __rt_lib_shutdown_fini                   0x080000fd   Thumb Code     0  entry12b.o(.ARM.Collect$$$$0000000E)
    __rt_final_cpp                           0x08000101   Thumb Code     0  entry10a.o(.ARM.Collect$$$$0000000F)
    __rt_final_exit                          0x08000101   Thumb Code     0  entry11a.o(.ARM.Collect$$$$00000011)
    Reset_Handler                            0x08000105   Thumb Code     8  startup_stm32f10x_md.o(.text)
    ADC1_2_IRQHandler                        0x0800011f   Thumb Code     0  startup_stm32f10x_md.o(.text)
    CAN1_RX1_IRQHandler                      0x0800011f   Thumb Code     0  startup_stm32f10x_md.o(.text)
    CAN1_SCE_IRQHandler                      0x0800011f   Thumb Code     0  startup_stm32f10x_md.o(.text)
    DMA1_Channel1_IRQHandler                 0x0800011f   Thumb Code     0  startup_stm32f10x_md.o(.text)
    DMA1_Channel2_IRQHandler                 0x0800011f   Thumb Code     0  startup_stm32f10x_md.o(.text)
    DMA1_Channel3_IRQHandler                 0x0800011f   Thumb Code     0  startup_stm32f10x_md.o(.text)
    DMA1_Channel4_IRQHandler                 0x0800011f   Thumb Code     0  startup_stm32f10x_md.o(.text)
    DMA1_Channel5_IRQHandler                 0x0800011f   Thumb Code     0  startup_stm32f10x_md.o(.text)
    DMA1_Channel6_IRQHandler                 0x0800011f   Thumb Code     0  startup_stm32f10x_md.o(.text)
    DMA1_Channel7_IRQHandler                 0x0800011f   Thumb Code     0  startup_stm32f10x_md.o(.text)
    EXTI0_IRQHandler                         0x0800011f   Thumb Code     0  startup_stm32f10x_md.o(.text)
    EXTI1_IRQHandler                         0x0800011f   Thumb Code     0  startup_stm32f10x_md.o(.text)
    EXTI2_IRQHandler                         0x0800011f   Thumb Code     0  startup_stm32f10x_md.o(.text)
    EXTI3_IRQHandler                         0x0800011f   Thumb Code     0  startup_stm32f10x_md.o(.text)
    EXTI4_IRQHandler                         0x0800011f   Thumb Code     0  startup_stm32f10x_md.o(.text)
    FLASH_IRQHandler                         0x0800011f   Thumb Code     0  startup_stm32f10x_md.o(.text)
    I2C1_ER_IRQHandler                       0x0800011f   Thumb Code     0  startup_stm32f10x_md.o(.text)
    I2C1_EV_IRQHandler                       0x0800011f   Thumb Code     0  startup_stm32f10x_md.o(.text)
    I2C2_ER_IRQHandler                       0x0800011f   Thumb Code     0  startup_stm32f10x_md.o(.text)
    I2C2_EV_IRQHandler                       0x0800011f   Thumb Code     0  startup_stm32f10x_md.o(.text)
    PVD_IRQHandler                           0x0800011f   Thumb Code     0  startup_stm32f10x_md.o(.text)
    RCC_IRQHandler                           0x0800011f   Thumb Code     0  startup_stm32f10x_md.o(.text)
    RTCAlarm_IRQHandler                      0x0800011f   Thumb Code     0  startup_stm32f10x_md.o(.text)
    RTC_IRQHandler                           0x0800011f   Thumb Code     0  startup_stm32f10x_md.o(.text)
    SPI1_IRQHandler                          0x0800011f   Thumb Code     0  startup_stm32f10x_md.o(.text)
    SPI2_IRQHandler                          0x0800011f   Thumb Code     0  startup_stm32f10x_md.o(.text)
    TAMPER_IRQHandler                        0x0800011f   Thumb Code     0  startup_stm32f10x_md.o(.text)
    TIM1_BRK_IRQHandler                      0x0800011f   Thumb Code     0  startup_stm32f10x_md.o(.text)
    TIM1_CC_IRQHandler                       0x0800011f   Thumb Code     0  startup_stm32f10x_md.o(.text)
    TIM1_TRG_COM_IRQHandler                  0x0800011f   Thumb Code     0  startup_stm32f10x_md.o(.text)
    TIM1_UP_IRQHandler                       0x0800011f   Thumb Code     0  startup_stm32f10x_md.o(.text)
    USBWakeUp_IRQHandler                     0x0800011f   Thumb Code     0  startup_stm32f10x_md.o(.text)
    USB_HP_CAN1_TX_IRQHandler                0x0800011f   Thumb Code     0  startup_stm32f10x_md.o(.text)
    USB_LP_CAN1_RX0_IRQHandler               0x0800011f   Thumb Code     0  startup_stm32f10x_md.o(.text)
    WWDG_IRQHandler                          0x0800011f   Thumb Code     0  startup_stm32f10x_md.o(.text)
    __aeabi_memcpy                           0x08000129   Thumb Code    36  memcpya.o(.text)
    __aeabi_memcpy4                          0x08000129   Thumb Code     0  memcpya.o(.text)
    __aeabi_memcpy8                          0x08000129   Thumb Code     0  memcpya.o(.text)
    calloc                                   0x0800014d   Thumb Code    28  calloc.o(.text)
    __aeabi_fadd                             0x08000169   Thumb Code   164  fadd.o(.text)
    __aeabi_fsub                             0x0800020d   Thumb Code     6  fadd.o(.text)
    __aeabi_frsub                            0x08000213   Thumb Code     6  fadd.o(.text)
    __aeabi_fmul                             0x08000219   Thumb Code   100  fmul.o(.text)
    __aeabi_fdiv                             0x0800027d   Thumb Code   124  fdiv.o(.text)
    __ARM_scalbnf                            0x080002f9   Thumb Code    24  fscalb.o(.text)
    scalbnf                                  0x080002f9   Thumb Code     0  fscalb.o(.text)
    __aeabi_dadd                             0x08000311   Thumb Code   322  dadd.o(.text)
    __aeabi_dsub                             0x08000453   Thumb Code     6  dadd.o(.text)
    __aeabi_drsub                            0x08000459   Thumb Code     6  dadd.o(.text)
    __aeabi_dmul                             0x0800045f   Thumb Code   228  dmul.o(.text)
    __ARM_scalbn                             0x08000543   Thumb Code    46  dscalb.o(.text)
    scalbn                                   0x08000543   Thumb Code     0  dscalb.o(.text)
    __aeabi_i2f                              0x08000571   Thumb Code    18  fflti.o(.text)
    __aeabi_ui2f                             0x08000583   Thumb Code    10  ffltui.o(.text)
    __aeabi_f2d                              0x0800058d   Thumb Code    38  f2d.o(.text)
    __aeabi_d2f                              0x080005b3   Thumb Code    56  d2f.o(.text)
    __aeabi_cfcmpeq                          0x080005ed   Thumb Code     0  cfcmple.o(.text)
    __aeabi_cfcmple                          0x080005ed   Thumb Code    20  cfcmple.o(.text)
    __aeabi_cfrcmple                         0x08000601   Thumb Code    20  cfrcmple.o(.text)
    __aeabi_uidiv                            0x08000615   Thumb Code     0  uidiv.o(.text)
    __aeabi_uidivmod                         0x08000615   Thumb Code    44  uidiv.o(.text)
    __aeabi_uldivmod                         0x08000641   Thumb Code    98  uldiv.o(.text)
    __aeabi_llsl                             0x080006a3   Thumb Code    30  llshl.o(.text)
    _ll_shift_l                              0x080006a3   Thumb Code     0  llshl.o(.text)
    __aeabi_lasr                             0x080006c1   Thumb Code    36  llsshr.o(.text)
    _ll_sshift_r                             0x080006c1   Thumb Code     0  llsshr.o(.text)
    __I$use$fp                               0x080006e5   Thumb Code     0  iusefp.o(.text)
    _float_round                             0x080006e5   Thumb Code    18  fepilogue.o(.text)
    _float_epilogue                          0x080006f7   Thumb Code    92  fepilogue.o(.text)
    _double_round                            0x08000753   Thumb Code    30  depilogue.o(.text)
    _double_epilogue                         0x08000771   Thumb Code   156  depilogue.o(.text)
    __aeabi_ddiv                             0x0800080d   Thumb Code   222  ddiv.o(.text)
    __aeabi_d2ulz                            0x080008eb   Thumb Code    48  dfixul.o(.text)
    __aeabi_cdrcmple                         0x0800091d   Thumb Code    48  cdrcmple.o(.text)
    __scatterload                            0x0800094d   Thumb Code    28  init.o(.text)
    __scatterload_rt2                        0x0800094d   Thumb Code     0  init.o(.text)
    __aeabi_llsr                             0x08000971   Thumb Code    32  llushr.o(.text)
    _ll_ushift_r                             0x08000971   Thumb Code     0  llushr.o(.text)
    __decompress                             0x08000991   Thumb Code     0  __dczerorl2.o(.text)
    __decompress1                            0x08000991   Thumb Code    86  __dczerorl2.o(.text)
    AD7191_gpio_Configuration                0x080009e9   Thumb Code   130  ad7191.o(i.AD7191_gpio_Configuration)
    BusFault_Handler                         0x08000a7d   Thumb Code     2  stm32f10x_it.o(i.BusFault_Handler)
    DebugMon_Handler                         0x08000a7f   Thumb Code     2  stm32f10x_it.o(i.DebugMon_Handler)
    EXTI15_10_IRQHandler                     0x08000a81   Thumb Code    30  exti.o(i.EXTI15_10_IRQHandler)
    EXTI9_5_IRQHandler                       0x08000aa5   Thumb Code   222  exti.o(i.EXTI9_5_IRQHandler)
    EXTIX_Init                               0x08000bbd   Thumb Code   128  exti.o(i.EXTIX_Init)
    EXTI_ClearITPendingBit                   0x08000c3d   Thumb Code     6  stm32f10x_exti.o(i.EXTI_ClearITPendingBit)
    EXTI_GetITStatus                         0x08000c49   Thumb Code    28  stm32f10x_exti.o(i.EXTI_GetITStatus)
    EXTI_Init                                0x08000c69   Thumb Code   108  stm32f10x_exti.o(i.EXTI_Init)
    GPIO_EXTILineConfig                      0x08000cd9   Thumb Code    34  stm32f10x_gpio.o(i.GPIO_EXTILineConfig)
    GPIO_Init                                0x08000d01   Thumb Code   156  stm32f10x_gpio.o(i.GPIO_Init)
    GPIO_ResetBits                           0x08000d9d   Thumb Code     4  stm32f10x_gpio.o(i.GPIO_ResetBits)
    GPIO_SetBits                             0x08000da1   Thumb Code     4  stm32f10x_gpio.o(i.GPIO_SetBits)
    GetTemperature                           0x08000da5   Thumb Code    82  ad7191.o(i.GetTemperature)
    HardFault_Handler                        0x08000e19   Thumb Code     2  stm32f10x_it.o(i.HardFault_Handler)
    HexToASCII                               0x08000e1b   Thumb Code    48  master.o(i.HexToASCII)
    MemManage_Handler                        0x08000e4b   Thumb Code     2  stm32f10x_it.o(i.MemManage_Handler)
    NMI_Handler                              0x08000e4d   Thumb Code     2  stm32f10x_it.o(i.NMI_Handler)
    NVIC_Init                                0x08000e51   Thumb Code    94  misc.o(i.NVIC_Init)
    NVIC_PriorityGroupConfig                 0x08000eb5   Thumb Code    10  misc.o(i.NVIC_PriorityGroupConfig)
    PendSV_Handler                           0x08000ec9   Thumb Code     2  stm32f10x_it.o(i.PendSV_Handler)
    RCC_APB1PeriphClockCmd                   0x08000ecd   Thumb Code    18  stm32f10x_rcc.o(i.RCC_APB1PeriphClockCmd)
    RCC_APB1PeriphResetCmd                   0x08000ee5   Thumb Code    18  stm32f10x_rcc.o(i.RCC_APB1PeriphResetCmd)
    RCC_APB2PeriphClockCmd                   0x08000efd   Thumb Code    18  stm32f10x_rcc.o(i.RCC_APB2PeriphClockCmd)
    RCC_APB2PeriphResetCmd                   0x08000f15   Thumb Code    18  stm32f10x_rcc.o(i.RCC_APB2PeriphResetCmd)
    RCC_GetClocksFreq                        0x08000f2d   Thumb Code   132  stm32f10x_rcc.o(i.RCC_GetClocksFreq)
    READ_HMI                                 0x08000fc1   Thumb Code    34  uart1.o(i.READ_HMI)
    RELAY_Init                               0x08000fe9   Thumb Code   100  relay.o(i.RELAY_Init)
    RS485_Init                               0x08001059   Thumb Code   248  master.o(i.RS485_Init)
    RS485_SendData                           0x08001161   Thumb Code    76  master.o(i.RS485_SendData)
    SVC_Handler                              0x080011b9   Thumb Code     2  stm32f10x_it.o(i.SVC_Handler)
    SysTick_CLKSourceConfig                  0x08001265   Thumb Code    24  misc.o(i.SysTick_CLKSourceConfig)
    SysTick_Handler                          0x0800127d   Thumb Code     2  stm32f10x_it.o(i.SysTick_Handler)
    SystemInit                               0x08001281   Thumb Code    64  system_stm32f10x.o(i.SystemInit)
    TIM2_IRQHandler                          0x080012d1   Thumb Code   442  timer.o(i.TIM2_IRQHandler)
    TIM2_Int_Init                            0x080014b5   Thumb Code    92  timer.o(i.TIM2_Int_Init)
    TIM3_IRQHandler                          0x08001511   Thumb Code    48  master.o(i.TIM3_IRQHandler)
    TIM4_IRQHandler                          0x0800154d   Thumb Code    30  master.o(i.TIM4_IRQHandler)
    TIM_ClearITPendingBit                    0x08001571   Thumb Code     6  stm32f10x_tim.o(i.TIM_ClearITPendingBit)
    TIM_Cmd                                  0x08001577   Thumb Code    20  stm32f10x_tim.o(i.TIM_Cmd)
    TIM_GetITStatus                          0x0800158b   Thumb Code    24  stm32f10x_tim.o(i.TIM_GetITStatus)
    TIM_ITConfig                             0x080015a3   Thumb Code    16  stm32f10x_tim.o(i.TIM_ITConfig)
    TIM_SetCounter                           0x080015b3   Thumb Code     4  stm32f10x_tim.o(i.TIM_SetCounter)
    TIM_TimeBaseInit                         0x080015b9   Thumb Code   114  stm32f10x_tim.o(i.TIM_TimeBaseInit)
    Timer3_Init                              0x08001655   Thumb Code   100  master.o(i.Timer3_Init)
    USART1_IRQHandler                        0x080016c1   Thumb Code   112  uart1.o(i.USART1_IRQHandler)
    USART1_Push                              0x0800173d   Thumb Code    44  uart1.o(i.USART1_Push)
    USART2_IRQHandler                        0x08001771   Thumb Code   102  master.o(i.USART2_IRQHandler)
    USART3_IRQHandler                        0x080017e9   Thumb Code    98  uart3.o(i.USART3_IRQHandler)
    USART3_Push                              0x08001859   Thumb Code    44  uart3.o(i.USART3_Push)
    USART_ClearITPendingBit                  0x0800188d   Thumb Code    12  stm32f10x_usart.o(i.USART_ClearITPendingBit)
    USART_Cmd                                0x08001899   Thumb Code    20  stm32f10x_usart.o(i.USART_Cmd)
    USART_DeInit                             0x080018ad   Thumb Code    96  stm32f10x_usart.o(i.USART_DeInit)
    USART_GetFlagStatus                      0x08001921   Thumb Code    14  stm32f10x_usart.o(i.USART_GetFlagStatus)
    USART_GetITStatus                        0x0800192f   Thumb Code    62  stm32f10x_usart.o(i.USART_GetITStatus)
    USART_ITConfig                           0x0800196d   Thumb Code    48  stm32f10x_usart.o(i.USART_ITConfig)
    USART_Init                               0x0800199d   Thumb Code   166  stm32f10x_usart.o(i.USART_Init)
    USART_RecDeal                            0x08001a49   Thumb Code   790  usart_op.o(i.USART_RecDeal)
    USART_ReceiveData                        0x08001d89   Thumb Code     8  stm32f10x_usart.o(i.USART_ReceiveData)
    USART_SendData                           0x08001d91   Thumb Code     8  stm32f10x_usart.o(i.USART_SendData)
    UsageFault_Handler                       0x08001d99   Thumb Code     2  stm32f10x_it.o(i.UsageFault_Handler)
    WRITE_CF                                 0x08001d9d   Thumb Code    66  master.o(i.WRITE_CF)
    WRITE_CF_HZ                              0x08001de5   Thumb Code   110  master.o(i.WRITE_CF_HZ)
    WRITE_HMI                                0x08001e59   Thumb Code   138  uart1.o(i.WRITE_HMI)
    __0sprintf                               0x08001eed   Thumb Code    34  printfa.o(i.__0sprintf)
    __1sprintf                               0x08001eed   Thumb Code     0  printfa.o(i.__0sprintf)
    __2sprintf                               0x08001eed   Thumb Code     0  printfa.o(i.__0sprintf)
    __c89sprintf                             0x08001eed   Thumb Code     0  printfa.o(i.__0sprintf)
    sprintf                                  0x08001eed   Thumb Code     0  printfa.o(i.__0sprintf)
    __scatterload_copy                       0x08001f15   Thumb Code    14  handlers.o(i.__scatterload_copy)
    __scatterload_null                       0x08001f23   Thumb Code     2  handlers.o(i.__scatterload_null)
    __scatterload_zeroinit                   0x08001f25   Thumb Code    14  handlers.o(i.__scatterload_zeroinit)
    ad7191_config                            0x080027c9   Thumb Code    60  ad7191.o(i.ad7191_config)
    ad7191_off                               0x08002805   Thumb Code    14  ad7191.o(i.ad7191_off)
    ad7191_on                                0x08002819   Thumb Code    14  ad7191.o(i.ad7191_on)
    commdIsRec_uart1                         0x0800282d   Thumb Code   108  usart_op.o(i.commdIsRec_uart1)
    data_and_send                            0x0800289d   Thumb Code   158  ad7191.o(i.data_and_send)
    data_compare                             0x08002949   Thumb Code   176  ad7191.o(i.data_compare)
    deal_num                                 0x08002a01   Thumb Code    34  ad7191.o(i.deal_num)
    delay_init                               0x08002a25   Thumb Code    46  delay.o(i.delay_init)
    delay_ms                                 0x08002a61   Thumb Code    46  delay.o(i.delay_ms)
    flag_sys_init                            0x08002a95   Thumb Code    10  flagdeal.o(i.flag_sys_init)
    free                                     0x08002aa5   Thumb Code    76  malloc.o(i.free)
    getStr                                   0x08002af5   Thumb Code    26  usart_op.o(i.getStr)
    get_data_and_send                        0x08002b15   Thumb Code   498  ad7191.o(i.get_data_and_send)
    get_data_and_send_static                 0x08002d3d   Thumb Code    12  ad7191.o(i.get_data_and_send_static)
    main                                     0x08002d51   Thumb Code    90  main.o(i.main)
    malloc                                   0x08002dad   Thumb Code    92  malloc.o(i.malloc)
    read_data_from_ad7191                    0x08002e19   Thumb Code    38  ad7191.o(i.read_data_from_ad7191)
    select_IN_OR_EX                          0x08002e45   Thumb Code    24  ad7191.o(i.select_IN_OR_EX)
    select_tem                               0x08002e61   Thumb Code    24  ad7191.o(i.select_tem)
    sellect_channal                          0x08002e7d   Thumb Code    18  ad7191.o(i.sellect_channal)
    set_gain                                 0x08002e95   Thumb Code    52  ad7191.o(i.set_gain)
    set_rate                                 0x08002ecd   Thumb Code    56  ad7191.o(i.set_rate)
    str_compare                              0x08002f0d   Thumb Code    30  usart_op.o(i.str_compare)
    uart1_init                               0x08002f2d   Thumb Code   156  uart1.o(i.uart1_init)
    uart3_init                               0x08002fd1   Thumb Code   162  uart3.o(i.uart3_init)
    uart_init                                0x0800307d   Thumb Code   148  usart.o(i.uart_init)
    Region$$Table$$Base                      0x08003118   Number         0  anon$$obj.o(Region$$Table)
    Region$$Table$$Limit                     0x08003138   Number         0  anon$$obj.o(Region$$Table)
    SystemCoreClock                          0x20000000   Data           4  system_stm32f10x.o(.data)
    AHBPrescTable                            0x20000004   Data          16  system_stm32f10x.o(.data)
    state_TW                                 0x20000014   Data           1  exti.o(.data)
    mms_temp                                 0x20000018   Data           4  exti.o(.data)
    flag_moving                              0x2000001c   Data           4  exti.o(.data)
    initflag                                 0x20000038   Data           1  ad7191.o(.data)
    er                                       0x2000003c   Data           4  ad7191.o(.data)
    amp_pre                                  0x20000040   Data           4  ad7191.o(.data)
    amp_pre_1                                0x20000044   Data           4  ad7191.o(.data)
    er_1                                     0x20000048   Data           4  ad7191.o(.data)
    er_2                                     0x2000004c   Data           4  ad7191.o(.data)
    flag_t                                   0x20000050   Data           4  ad7191.o(.data)
    data_temp                                0x20000054   Data           4  ad7191.o(.data)
    average                                  0x20000058   Data           4  ad7191.o(.data)
    amp                                      0x200000b8   Data           4  ad7191.o(.data)
    amp_ad                                   0x200000bc   Data           4  ad7191.o(.data)
    amp_v                                    0x200000c0   Data           4  ad7191.o(.data)
    amp1                                     0x200000c4   Data           4  ad7191.o(.data)
    amp11_t                                  0x200000c8   Data           4  ad7191.o(.data)
    flag_count                               0x200000cc   Data           4  ad7191.o(.data)
    flag_temp                                0x200000d0   Data           1  ad7191.o(.data)
    UART_RecLen                              0x200000d8   Data           2  usart_op.o(.data)
    F                                        0x200000dc   Data           4  usart_op.o(.data)
    name_addr                                0x200000e4   Data           4  usart_op.o(.data)
    max_addr                                 0x200000e8   Data           4  usart_op.o(.data)
    min_addr                                 0x200000ec   Data           4  usart_op.o(.data)
    corr_addr                                0x200000f0   Data           4  usart_op.o(.data)
    value_old                                0x200000f4   Data           4  usart_op.o(.data)
    tichu_old                                0x200000f8   Data           4  usart_op.o(.data)
    keep_old                                 0x200000fc   Data           4  usart_op.o(.data)
    flag_state                               0x20000100   Data           4  usart_op.o(.data)
    line_m                                   0x20000104   Data           4  usart_op.o(.data)
    line_b                                   0x20000108   Data           4  usart_op.o(.data)
    load_old                                 0x2000010c   Data           4  usart_op.o(.data)
    flag_line                                0x20000110   Data           4  usart_op.o(.data)
    flag_load                                0x20000114   Data           4  usart_op.o(.data)
    change_old                               0x20000118   Data           4  usart_op.o(.data)
    shang_old                                0x2000011c   Data           4  usart_op.o(.data)
    xia_old                                  0x20000120   Data           4  usart_op.o(.data)
    sum_b                                    0x20000124   Data           4  usart_op.o(.data)
    sum_m                                    0x20000128   Data           4  usart_op.o(.data)
    i_b                                      0x2000012c   Data           4  usart_op.o(.data)
    i_m                                      0x20000130   Data           4  usart_op.o(.data)
    origin                                   0x2000014c   Data           4  usart_op.o(.data)
    command_1                                0x20000150   Data           5  usart_op.o(.data)
    command_2                                0x20000155   Data           6  usart_op.o(.data)
    command_3                                0x2000015b   Data           6  usart_op.o(.data)
    command_4                                0x20000161   Data           6  usart_op.o(.data)
    command_11                               0x20000167   Data           6  usart_op.o(.data)
    command_13                               0x2000016d   Data           6  usart_op.o(.data)
    command_5                                0x20000173   Data           6  usart_op.o(.data)
    command_7                                0x20000179   Data           6  usart_op.o(.data)
    command_8                                0x2000017f   Data           6  usart_op.o(.data)
    command_6                                0x20000185   Data           6  usart_op.o(.data)
    command_9                                0x2000018b   Data           6  usart_op.o(.data)
    command_10                               0x20000191   Data           6  usart_op.o(.data)
    command_12                               0x20000197   Data           6  usart_op.o(.data)
    over_top                                 0x2000019d   Data           1  usart_op.o(.data)
    below_bottom                             0x2000019e   Data           1  usart_op.o(.data)
    RS485_Parity                             0x200001a0   Data           1  master.o(.data)
    RS485_RxFlag                             0x200001a1   Data           1  master.o(.data)
    TX_RX_SET                                0x200001a2   Data           1  master.o(.data)
    errpace                                  0x200001a3   Data           1  master.o(.data)
    RS485_Frame_Distance                     0x200001a4   Data           2  master.o(.data)
    RS485_RX_CNT                             0x200001a6   Data           2  master.o(.data)
    RS485_Baudrate                           0x200001a8   Data           4  master.o(.data)
    average_flag                             0x200001ac   Data           1  timer.o(.data)
    to_get_num                               0x200001ad   Data           1  timer.o(.data)
    flag_test                                0x200001af   Data           1  timer.o(.data)
    flag_screen                              0x200001b0   Data           1  timer.o(.data)
    ms                                       0x200001b4   Data           4  timer.o(.data)
    valve                                    0x200001b8   Data           4  timer.o(.data)
    valve_keep                               0x200001bc   Data           4  timer.o(.data)
    valve1                                   0x200001c0   Data           4  timer.o(.data)
    valve_return                             0x200001c4   Data           4  timer.o(.data)
    __microlib_freelist                      0x200001d0   Data           4  mvars.o(.data)
    __microlib_freelist_initialised          0x200001d4   Data           4  mvars.o(.data)
    A_BUFF                                   0x20000228   Data          64  ad7191.o(.bss)
    load_amp                                 0x20000268   Data          64  ad7191.o(.bss)
    flag_deal                                0x200002a8   Data         516  flagdeal.o(.bss)
    USART3_Tx                                0x200004ac   Data         259  uart3.o(.bss)
    USART3_Rec                               0x200005af   Data         259  uart3.o(.bss)
    Rx_Deal_Str                              0x200006b2   Data         230  usart_op.o(.bss)
    USART1SendBuf                            0x20000798   Data         256  uart1.o(.bss)
    USART1_Tx                                0x20000898   Data         259  uart1.o(.bss)
    USART1_Rec                               0x2000099b   Data         259  uart1.o(.bss)
    RS485_RX_BUFF                            0x20000a9e   Data        2048  master.o(.bss)
    RS485_TX_BUFF                            0x2000129e   Data        2048  master.o(.bss)
    __heap_base                              0x20001aa0   Data           0  startup_stm32f10x_md.o(HEAP)
    __heap_limit                             0x20001ca0   Data           0  startup_stm32f10x_md.o(HEAP)
    __initial_sp                             0x200020a0   Data           0  startup_stm32f10x_md.o(STACK)



==============================================================================

Memory Map of the image

  Image Entry point : 0x080000ed

  Load Region LR_IROM1 (Base: 0x08000000, Size: 0x00003310, Max: 0x00010000, ABSOLUTE, COMPRESSED[0x00003190])

    Execution Region ER_IROM1 (Exec base: 0x08000000, Load base: 0x08000000, Size: 0x00003138, Max: 0x00010000, ABSOLUTE)

    Exec Addr    Load Addr    Size         Type   Attr      Idx    E Section Name        Object

    0x08000000   0x08000000   0x000000ec   Data   RO          323    RESET               startup_stm32f10x_md.o
    0x080000ec   0x080000ec   0x00000000   Code   RO         2077  * .ARM.Collect$$$$00000000  mc_w.l(entry.o)
    0x080000ec   0x080000ec   0x00000004   Code   RO         2401    .ARM.Collect$$$$00000001  mc_w.l(entry2.o)
    0x080000f0   0x080000f0   0x00000004   Code   RO         2404    .ARM.Collect$$$$00000004  mc_w.l(entry5.o)
    0x080000f4   0x080000f4   0x00000000   Code   RO         2406    .ARM.Collect$$$$00000008  mc_w.l(entry7b.o)
    0x080000f4   0x080000f4   0x00000000   Code   RO         2408    .ARM.Collect$$$$0000000A  mc_w.l(entry8b.o)
    0x080000f4   0x080000f4   0x00000008   Code   RO         2409    .ARM.Collect$$$$0000000B  mc_w.l(entry9a.o)
    0x080000fc   0x080000fc   0x00000004   Code   RO         2416    .ARM.Collect$$$$0000000E  mc_w.l(entry12b.o)
    0x08000100   0x08000100   0x00000000   Code   RO         2411    .ARM.Collect$$$$0000000F  mc_w.l(entry10a.o)
    0x08000100   0x08000100   0x00000000   Code   RO         2413    .ARM.Collect$$$$00000011  mc_w.l(entry11a.o)
    0x08000100   0x08000100   0x00000004   Code   RO         2402    .ARM.Collect$$$$00002712  mc_w.l(entry2.o)
    0x08000104   0x08000104   0x00000024   Code   RO          324    .text               startup_stm32f10x_md.o
    0x08000128   0x08000128   0x00000024   Code   RO         2080    .text               mc_w.l(memcpya.o)
    0x0800014c   0x0800014c   0x0000001c   Code   RO         2373    .text               mc_w.l(calloc.o)
    0x08000168   0x08000168   0x000000b0   Code   RO         2375    .text               mf_w.l(fadd.o)
    0x08000218   0x08000218   0x00000064   Code   RO         2377    .text               mf_w.l(fmul.o)
    0x0800027c   0x0800027c   0x0000007c   Code   RO         2379    .text               mf_w.l(fdiv.o)
    0x080002f8   0x080002f8   0x00000018   Code   RO         2381    .text               mf_w.l(fscalb.o)
    0x08000310   0x08000310   0x0000014e   Code   RO         2383    .text               mf_w.l(dadd.o)
    0x0800045e   0x0800045e   0x000000e4   Code   RO         2385    .text               mf_w.l(dmul.o)
    0x08000542   0x08000542   0x0000002e   Code   RO         2387    .text               mf_w.l(dscalb.o)
    0x08000570   0x08000570   0x00000012   Code   RO         2389    .text               mf_w.l(fflti.o)
    0x08000582   0x08000582   0x0000000a   Code   RO         2391    .text               mf_w.l(ffltui.o)
    0x0800058c   0x0800058c   0x00000026   Code   RO         2393    .text               mf_w.l(f2d.o)
    0x080005b2   0x080005b2   0x00000038   Code   RO         2395    .text               mf_w.l(d2f.o)
    0x080005ea   0x080005ea   0x00000002   PAD
    0x080005ec   0x080005ec   0x00000014   Code   RO         2397    .text               mf_w.l(cfcmple.o)
    0x08000600   0x08000600   0x00000014   Code   RO         2399    .text               mf_w.l(cfrcmple.o)
    0x08000614   0x08000614   0x0000002c   Code   RO         2417    .text               mc_w.l(uidiv.o)
    0x08000640   0x08000640   0x00000062   Code   RO         2419    .text               mc_w.l(uldiv.o)
    0x080006a2   0x080006a2   0x0000001e   Code   RO         2421    .text               mc_w.l(llshl.o)
    0x080006c0   0x080006c0   0x00000024   Code   RO         2423    .text               mc_w.l(llsshr.o)
    0x080006e4   0x080006e4   0x00000000   Code   RO         2427    .text               mc_w.l(iusefp.o)
    0x080006e4   0x080006e4   0x0000006e   Code   RO         2428    .text               mf_w.l(fepilogue.o)
    0x08000752   0x08000752   0x000000ba   Code   RO         2430    .text               mf_w.l(depilogue.o)
    0x0800080c   0x0800080c   0x000000de   Code   RO         2432    .text               mf_w.l(ddiv.o)
    0x080008ea   0x080008ea   0x00000030   Code   RO         2434    .text               mf_w.l(dfixul.o)
    0x0800091a   0x0800091a   0x00000002   PAD
    0x0800091c   0x0800091c   0x00000030   Code   RO         2436    .text               mf_w.l(cdrcmple.o)
    0x0800094c   0x0800094c   0x00000024   Code   RO         2438    .text               mc_w.l(init.o)
    0x08000970   0x08000970   0x00000020   Code   RO         2440    .text               mc_w.l(llushr.o)
    0x08000990   0x08000990   0x00000056   Code   RO         2450    .text               mc_w.l(__dczerorl2.o)
    0x080009e6   0x080009e6   0x00000002   PAD
    0x080009e8   0x080009e8   0x00000094   Code   RO         1553    i.AD7191_gpio_Configuration  ad7191.o
    0x08000a7c   0x08000a7c   0x00000002   Code   RO          159    i.BusFault_Handler  stm32f10x_it.o
    0x08000a7e   0x08000a7e   0x00000002   Code   RO          160    i.DebugMon_Handler  stm32f10x_it.o
    0x08000a80   0x08000a80   0x00000024   Code   RO          277    i.EXTI15_10_IRQHandler  exti.o
    0x08000aa4   0x08000aa4   0x00000118   Code   RO          278    i.EXTI9_5_IRQHandler  exti.o
    0x08000bbc   0x08000bbc   0x00000080   Code   RO          279    i.EXTIX_Init        exti.o
    0x08000c3c   0x08000c3c   0x0000000c   Code   RO          898    i.EXTI_ClearITPendingBit  stm32f10x_exti.o
    0x08000c48   0x08000c48   0x00000020   Code   RO          902    i.EXTI_GetITStatus  stm32f10x_exti.o
    0x08000c68   0x08000c68   0x00000070   Code   RO          903    i.EXTI_Init         stm32f10x_exti.o
    0x08000cd8   0x08000cd8   0x00000028   Code   RO         1188    i.GPIO_EXTILineConfig  stm32f10x_gpio.o
    0x08000d00   0x08000d00   0x0000009c   Code   RO         1191    i.GPIO_Init         stm32f10x_gpio.o
    0x08000d9c   0x08000d9c   0x00000004   Code   RO         1198    i.GPIO_ResetBits    stm32f10x_gpio.o
    0x08000da0   0x08000da0   0x00000004   Code   RO         1199    i.GPIO_SetBits      stm32f10x_gpio.o
    0x08000da4   0x08000da4   0x00000074   Code   RO         1554    i.GetTemperature    ad7191.o
    0x08000e18   0x08000e18   0x00000002   Code   RO          161    i.HardFault_Handler  stm32f10x_it.o
    0x08000e1a   0x08000e1a   0x00000030   Code   RO         1958    i.HexToASCII        master.o
    0x08000e4a   0x08000e4a   0x00000002   Code   RO          162    i.MemManage_Handler  stm32f10x_it.o
    0x08000e4c   0x08000e4c   0x00000002   Code   RO          163    i.NMI_Handler       stm32f10x_it.o
    0x08000e4e   0x08000e4e   0x00000002   PAD
    0x08000e50   0x08000e50   0x00000064   Code   RO          328    i.NVIC_Init         misc.o
    0x08000eb4   0x08000eb4   0x00000014   Code   RO          329    i.NVIC_PriorityGroupConfig  misc.o
    0x08000ec8   0x08000ec8   0x00000002   Code   RO          164    i.PendSV_Handler    stm32f10x_it.o
    0x08000eca   0x08000eca   0x00000002   PAD
    0x08000ecc   0x08000ecc   0x00000018   Code   RO         1301    i.RCC_APB1PeriphClockCmd  stm32f10x_rcc.o
    0x08000ee4   0x08000ee4   0x00000018   Code   RO         1302    i.RCC_APB1PeriphResetCmd  stm32f10x_rcc.o
    0x08000efc   0x08000efc   0x00000018   Code   RO         1303    i.RCC_APB2PeriphClockCmd  stm32f10x_rcc.o
    0x08000f14   0x08000f14   0x00000018   Code   RO         1304    i.RCC_APB2PeriphResetCmd  stm32f10x_rcc.o
    0x08000f2c   0x08000f2c   0x00000094   Code   RO         1311    i.RCC_GetClocksFreq  stm32f10x_rcc.o
    0x08000fc0   0x08000fc0   0x00000028   Code   RO         1901    i.READ_HMI          uart1.o
    0x08000fe8   0x08000fe8   0x00000070   Code   RO         1946    i.RELAY_Init        relay.o
    0x08001058   0x08001058   0x00000108   Code   RO         1959    i.RS485_Init        master.o
    0x08001160   0x08001160   0x00000058   Code   RO         1960    i.RS485_SendData    master.o
    0x080011b8   0x080011b8   0x00000002   Code   RO          165    i.SVC_Handler       stm32f10x_it.o
    0x080011ba   0x080011ba   0x00000002   PAD
    0x080011bc   0x080011bc   0x000000a8   Code   RO          248    i.SetSysClockTo72   system_stm32f10x.o
    0x08001264   0x08001264   0x00000018   Code   RO          332    i.SysTick_CLKSourceConfig  misc.o
    0x0800127c   0x0800127c   0x00000002   Code   RO          166    i.SysTick_Handler   stm32f10x_it.o
    0x0800127e   0x0800127e   0x00000002   PAD
    0x08001280   0x08001280   0x00000050   Code   RO          250    i.SystemInit        system_stm32f10x.o
    0x080012d0   0x080012d0   0x000001e4   Code   RO         2047    i.TIM2_IRQHandler   timer.o
    0x080014b4   0x080014b4   0x0000005c   Code   RO         2048    i.TIM2_Int_Init     timer.o
    0x08001510   0x08001510   0x0000003c   Code   RO         1961    i.TIM3_IRQHandler   master.o
    0x0800154c   0x0800154c   0x00000024   Code   RO         1962    i.TIM4_IRQHandler   master.o
    0x08001570   0x08001570   0x00000006   Code   RO          373    i.TIM_ClearITPendingBit  stm32f10x_tim.o
    0x08001576   0x08001576   0x00000014   Code   RO          378    i.TIM_Cmd           stm32f10x_tim.o
    0x0800158a   0x0800158a   0x00000018   Code   RO          399    i.TIM_GetITStatus   stm32f10x_tim.o
    0x080015a2   0x080015a2   0x00000010   Code   RO          403    i.TIM_ITConfig      stm32f10x_tim.o
    0x080015b2   0x080015b2   0x00000004   Code   RO          443    i.TIM_SetCounter    stm32f10x_tim.o
    0x080015b6   0x080015b6   0x00000002   PAD
    0x080015b8   0x080015b8   0x0000009c   Code   RO          449    i.TIM_TimeBaseInit  stm32f10x_tim.o
    0x08001654   0x08001654   0x0000006c   Code   RO         1963    i.Timer3_Init       master.o
    0x080016c0   0x080016c0   0x0000007c   Code   RO         1902    i.USART1_IRQHandler  uart1.o
    0x0800173c   0x0800173c   0x00000034   Code   RO         1903    i.USART1_Push       uart1.o
    0x08001770   0x08001770   0x00000078   Code   RO         1966    i.USART2_IRQHandler  master.o
    0x080017e8   0x080017e8   0x00000070   Code   RO         1773    i.USART3_IRQHandler  uart3.o
    0x08001858   0x08001858   0x00000034   Code   RO         1774    i.USART3_Push       uart3.o
    0x0800188c   0x0800188c   0x0000000c   Code   RO          952    i.USART_ClearITPendingBit  stm32f10x_usart.o
    0x08001898   0x08001898   0x00000014   Code   RO          955    i.USART_Cmd         stm32f10x_usart.o
    0x080018ac   0x080018ac   0x00000074   Code   RO          957    i.USART_DeInit      stm32f10x_usart.o
    0x08001920   0x08001920   0x0000000e   Code   RO          958    i.USART_GetFlagStatus  stm32f10x_usart.o
    0x0800192e   0x0800192e   0x0000003e   Code   RO          959    i.USART_GetITStatus  stm32f10x_usart.o
    0x0800196c   0x0800196c   0x00000030   Code   RO          961    i.USART_ITConfig    stm32f10x_usart.o
    0x0800199c   0x0800199c   0x000000ac   Code   RO          962    i.USART_Init        stm32f10x_usart.o
    0x08001a48   0x08001a48   0x00000340   Code   RO         1821    i.USART_RecDeal     usart_op.o
    0x08001d88   0x08001d88   0x00000008   Code   RO          969    i.USART_ReceiveData  stm32f10x_usart.o
    0x08001d90   0x08001d90   0x00000008   Code   RO          972    i.USART_SendData    stm32f10x_usart.o
    0x08001d98   0x08001d98   0x00000002   Code   RO          167    i.UsageFault_Handler  stm32f10x_it.o
    0x08001d9a   0x08001d9a   0x00000002   PAD
    0x08001d9c   0x08001d9c   0x00000048   Code   RO         1967    i.WRITE_CF          master.o
    0x08001de4   0x08001de4   0x00000074   Code   RO         1968    i.WRITE_CF_HZ       master.o
    0x08001e58   0x08001e58   0x00000094   Code   RO         1904    i.WRITE_HMI         uart1.o
    0x08001eec   0x08001eec   0x00000028   Code   RO         2319    i.__0sprintf        mc_w.l(printfa.o)
    0x08001f14   0x08001f14   0x0000000e   Code   RO         2444    i.__scatterload_copy  mc_w.l(handlers.o)
    0x08001f22   0x08001f22   0x00000002   Code   RO         2445    i.__scatterload_null  mc_w.l(handlers.o)
    0x08001f24   0x08001f24   0x0000000e   Code   RO         2446    i.__scatterload_zeroinit  mc_w.l(handlers.o)
    0x08001f32   0x08001f32   0x00000002   PAD
    0x08001f34   0x08001f34   0x00000184   Code   RO         2324    i._fp_digits        mc_w.l(printfa.o)
    0x080020b8   0x080020b8   0x000006b4   Code   RO         2325    i._printf_core      mc_w.l(printfa.o)
    0x0800276c   0x0800276c   0x00000024   Code   RO         2326    i._printf_post_padding  mc_w.l(printfa.o)
    0x08002790   0x08002790   0x0000002e   Code   RO         2327    i._printf_pre_padding  mc_w.l(printfa.o)
    0x080027be   0x080027be   0x0000000a   Code   RO         2329    i._sputc            mc_w.l(printfa.o)
    0x080027c8   0x080027c8   0x0000003c   Code   RO         1556    i.ad7191_config     ad7191.o
    0x08002804   0x08002804   0x00000014   Code   RO         1557    i.ad7191_off        ad7191.o
    0x08002818   0x08002818   0x00000014   Code   RO         1558    i.ad7191_on         ad7191.o
    0x0800282c   0x0800282c   0x00000070   Code   RO         1823    i.commdIsRec_uart1  usart_op.o
    0x0800289c   0x0800289c   0x000000ac   Code   RO         1561    i.data_and_send     ad7191.o
    0x08002948   0x08002948   0x000000b8   Code   RO         1562    i.data_compare      ad7191.o
    0x08002a00   0x08002a00   0x00000022   Code   RO         1563    i.deal_num          ad7191.o
    0x08002a22   0x08002a22   0x00000002   PAD
    0x08002a24   0x08002a24   0x0000003c   Code   RO         1499    i.delay_init        delay.o
    0x08002a60   0x08002a60   0x00000034   Code   RO         1500    i.delay_ms          delay.o
    0x08002a94   0x08002a94   0x00000010   Code   RO         1699    i.flag_sys_init     flagdeal.o
    0x08002aa4   0x08002aa4   0x00000050   Code   RO         2345    i.free              mc_w.l(malloc.o)
    0x08002af4   0x08002af4   0x00000020   Code   RO         1824    i.getStr            usart_op.o
    0x08002b14   0x08002b14   0x00000228   Code   RO         1565    i.get_data_and_send  ad7191.o
    0x08002d3c   0x08002d3c   0x00000014   Code   RO         1567    i.get_data_and_send_static  ad7191.o
    0x08002d50   0x08002d50   0x0000005a   Code   RO            1    i.main              main.o
    0x08002daa   0x08002daa   0x00000002   PAD
    0x08002dac   0x08002dac   0x0000006c   Code   RO         2346    i.malloc            mc_w.l(malloc.o)
    0x08002e18   0x08002e18   0x0000002c   Code   RO         1568    i.read_data_from_ad7191  ad7191.o
    0x08002e44   0x08002e44   0x0000001c   Code   RO         1569    i.select_IN_OR_EX   ad7191.o
    0x08002e60   0x08002e60   0x0000001c   Code   RO         1570    i.select_tem        ad7191.o
    0x08002e7c   0x08002e7c   0x00000018   Code   RO         1571    i.sellect_channal   ad7191.o
    0x08002e94   0x08002e94   0x00000038   Code   RO         1572    i.set_gain          ad7191.o
    0x08002ecc   0x08002ecc   0x00000040   Code   RO         1573    i.set_rate          ad7191.o
    0x08002f0c   0x08002f0c   0x0000001e   Code   RO         1825    i.str_compare       usart_op.o
    0x08002f2a   0x08002f2a   0x00000002   PAD
    0x08002f2c   0x08002f2c   0x000000a4   Code   RO         1905    i.uart1_init        uart1.o
    0x08002fd0   0x08002fd0   0x000000ac   Code   RO         1776    i.uart3_init        uart3.o
    0x0800307c   0x0800307c   0x0000009c   Code   RO         1727    i.uart_init         usart.o
    0x08003118   0x08003118   0x00000020   Data   RO         2442    Region$$Table       anon$$obj.o


    Execution Region RW_IRAM1 (Exec base: 0x20000000, Load base: 0x08003138, Size: 0x000020a0, Max: 0x00005000, ABSOLUTE, COMPRESSED[0x00000058])

    Exec Addr    Load Addr    Size         Type   Attr      Idx    E Section Name        Object

    0x20000000   COMPRESSED   0x00000014   Data   RW          251    .data               system_stm32f10x.o
    0x20000014   COMPRESSED   0x0000000c   Data   RW          281    .data               exti.o
    0x20000020   COMPRESSED   0x00000014   Data   RW         1331    .data               stm32f10x_rcc.o
    0x20000034   COMPRESSED   0x00000004   Data   RW         1502    .data               delay.o
    0x20000038   COMPRESSED   0x00000094   Data   RW         1576    .data               ad7191.o
    0x200000cc   COMPRESSED   0x00000004   Data   RW         1577    .data               ad7191.o
    0x200000d0   COMPRESSED   0x00000001   Data   RW         1578    .data               ad7191.o
    0x200000d1   COMPRESSED   0x00000003   PAD
    0x200000d4   COMPRESSED   0x000000c9   Data   RW         1828    .data               usart_op.o
    0x2000019d   COMPRESSED   0x00000001   Data   RW         1830    .data               usart_op.o
    0x2000019e   COMPRESSED   0x00000001   Data   RW         1831    .data               usart_op.o
    0x2000019f   COMPRESSED   0x00000001   PAD
    0x200001a0   COMPRESSED   0x0000000c   Data   RW         1970    .data               master.o
    0x200001ac   COMPRESSED   0x00000024   Data   RW         2050    .data               timer.o
    0x200001d0   COMPRESSED   0x00000004   Data   RW         2425    .data               mc_w.l(mvars.o)
    0x200001d4   COMPRESSED   0x00000004   Data   RW         2426    .data               mc_w.l(mvars.o)
    0x200001d8        -       0x000000d0   Zero   RW         1574    .bss                ad7191.o
    0x200002a8        -       0x00000204   Zero   RW         1701    .bss                flagdeal.o
    0x200004ac        -       0x00000206   Zero   RW         1778    .bss                uart3.o
    0x200006b2        -       0x000000e6   Zero   RW         1827    .bss                usart_op.o
    0x20000798        -       0x00000306   Zero   RW         1906    .bss                uart1.o
    0x20000a9e        -       0x00001000   Zero   RW         1969    .bss                master.o
    0x20001a9e   COMPRESSED   0x00000002   PAD
    0x20001aa0        -       0x00000200   Zero   RW          322    HEAP                startup_stm32f10x_md.o
    0x20001ca0        -       0x00000400   Zero   RW          321    STACK               startup_stm32f10x_md.o


==============================================================================

Image component sizes


      Code (inc. data)   RO Data    RW Data    ZI Data      Debug   Object Name

      1570        180          0        153        208      13440   ad7191.o
         0          0          0          0          0         32   core_cm3.o
       112         20          0          4          0       1272   delay.o
       444         64          0         12          0       2820   exti.o
        16          6          0          0        516       1276   flagdeal.o
        90          0          0          0          0     255494   main.o
       912         84          0         12       4096       7026   master.o
       144         16          0          0          0       2185   misc.o
       112         12          0          0          0        565   relay.o
        36          8        236          0       1536        816   startup_stm32f10x_md.o
       156         14          0          0          0       2328   stm32f10x_exti.o
       204          6          0          0          0       3850   stm32f10x_gpio.o
        18          0          0          0          0       3902   stm32f10x_it.o
       244         40          0         20          0       5864   stm32f10x_rcc.o
       226         42          0          0          0       5218   stm32f10x_tim.o
       460         26          0          0          0       7878   stm32f10x_usart.o
       248         24          0         20          0       1825   system_stm32f10x.o
       576         42          0         36          0       2194   timer.o
       528         44          0          0        774       4329   uart1.o
       336         32          0          0        518       2862   uart3.o
       156          8          0          0          0        748   usart.o
      1006         52          0        203        230       6846   usart_op.o

    ----------------------------------------------------------------------
      7612        720        268        464       7880     332770   Object Totals
         0          0         32          0          0          0   (incl. Generated)
        18          0          0          4          2          0   (incl. Padding)

    ----------------------------------------------------------------------

      Code (inc. data)   RO Data    RW Data    ZI Data      Debug   Library Member Name

        86          0          0          0          0          0   __dczerorl2.o
        28          0          0          0          0         76   calloc.o
         0          0          0          0          0          0   entry.o
         0          0          0          0          0          0   entry10a.o
         0          0          0          0          0          0   entry11a.o
         4          0          0          0          0          0   entry12b.o
         8          4          0          0          0          0   entry2.o
         4          0          0          0          0          0   entry5.o
         0          0          0          0          0          0   entry7b.o
         0          0          0          0          0          0   entry8b.o
         8          4          0          0          0          0   entry9a.o
        30          0          0          0          0          0   handlers.o
        36          8          0          0          0         68   init.o
         0          0          0          0          0          0   iusefp.o
        30          0          0          0          0         68   llshl.o
        36          0          0          0          0         68   llsshr.o
        32          0          0          0          0         68   llushr.o
       188         20          0          0          0        160   malloc.o
        36          0          0          0          0         68   memcpya.o
         0          0          0          8          0          0   mvars.o
      2236         86          0          0          0        532   printfa.o
        44          0          0          0          0         80   uidiv.o
        98          0          0          0          0         92   uldiv.o
        48          0          0          0          0         68   cdrcmple.o
        20          0          0          0          0         68   cfcmple.o
        20          0          0          0          0         68   cfrcmple.o
        56          0          0          0          0         88   d2f.o
       334          0          0          0          0        148   dadd.o
       222          0          0          0          0        100   ddiv.o
       186          0          0          0          0        176   depilogue.o
        48          0          0          0          0         68   dfixul.o
       228          0          0          0          0         96   dmul.o
        46          0          0          0          0         80   dscalb.o
        38          0          0          0          0         68   f2d.o
       176          0          0          0          0        140   fadd.o
       124          0          0          0          0         88   fdiv.o
       110          0          0          0          0        168   fepilogue.o
        18          0          0          0          0         68   fflti.o
        10          0          0          0          0         68   ffltui.o
       100          0          0          0          0         76   fmul.o
        24          0          0          0          0         68   fscalb.o

    ----------------------------------------------------------------------
      4720        122          0          8          0       2984   Library Totals
         8          0          0          0          0          0   (incl. Padding)

    ----------------------------------------------------------------------

      Code (inc. data)   RO Data    RW Data    ZI Data      Debug   Library Name

      2904        122          0          8          0       1280   mc_w.l
      1808          0          0          0          0       1704   mf_w.l

    ----------------------------------------------------------------------
      4720        122          0          8          0       2984   Library Totals

    ----------------------------------------------------------------------

==============================================================================


      Code (inc. data)   RO Data    RW Data    ZI Data      Debug   

     12332        842        268        472       7880     329850   Grand Totals
     12332        842        268         88       7880     329850   ELF Image Totals (compressed)
     12332        842        268         88          0          0   ROM Totals

==============================================================================

    Total RO  Size (Code + RO Data)                12600 (  12.30kB)
    Total RW  Size (RW Data + ZI Data)              8352 (   8.16kB)
    Total ROM Size (Code + RO Data + RW Data)      12688 (  12.39kB)

==============================================================================

