<html>
<body>
<pre>
<h1>µVision Build Log</h1>
<h2>Tool Versions:</h2>
IDE-Version: ¶ÃVision V5.31.0.0
Copyright (C) 2020 ARM Ltd and ARM Germany GmbH. All rights reserved.
License Information: zhang yuan, usst, LIC=ATTQ1-C8QWT-X73RZ-J2YDJ-JDCA6-1XKQ5
 
Tool Versions:
Toolchain:       MDK-ARM Plus  Version: 5.31.0.0
Toolchain Path:  D:\keil\ARM\ARMCC\Bin
C Compiler:      Armcc.exe V5.06 update 6 (build 750)
Assembler:       Armasm.exe V5.06 update 6 (build 750)
Linker/Locator:  ArmLink.exe V5.06 update 6 (build 750)
Library Manager: ArmAr.exe V5.06 update 6 (build 750)
Hex Converter:   FromElf.exe V5.06 update 6 (build 750)
CPU DLL:         SARMCM3.DLL V5.31.0.0
Dialog DLL:      DCM.DLL V1.17.3.0
Target DLL:      STLink\ST-LINKIII-KEIL_SWO.dll V3.0.7.0
Dialog DLL:      TCM.DLL V1.46.0.0
 
<h2>Project:</h2>
E:\≥∆÷ÿ\software\weight_4_22 _6 -1 - huadong - chuanMAXMIN\USER\LED.uvprojx
Project File Date:  06/01/2021

<h2>Output:</h2>
*** Using Compiler 'V5.06 update 6 (build 750)', folder: 'D:\keil\ARM\ARMCC\Bin'
Rebuild target 'LED'
assembling startup_stm32f10x_md.s...
compiling core_cm3.c...
compiling stm32f10x_exti.c...
compiling stm32f10x_it.c...
compiling system_stm32f10x.c...
compiling main.c...
..\HARDWARE\LED\relay.h(10): warning:  #1-D: last line of file ends without a newline
  #endif
..\SYSTEM\ad7191\ad7191.h(37): warning:  #1295-D: Deprecated declaration read_data_from_ad7191 - give arg types
  unsigned int read_data_from_ad7191();
..\SYSTEM\ad7191\ad7191.h(38): warning:  #1295-D: Deprecated declaration get_data_and_send_moving - give arg types
  float get_data_and_send_moving();
..\SYSTEM\ad7191\ad7191.h(39): warning:  #1295-D: Deprecated declaration get_data_and_send_static - give arg types
  float get_data_and_send_static();
..\SYSTEM\ad7191\ad7191.h(40): warning:  #1295-D: Deprecated declaration ad7191_on - give arg types
  void ad7191_on();
..\SYSTEM\ad7191\ad7191.h(41): warning:  #1295-D: Deprecated declaration ad7191_off - give arg types
  void ad7191_off();
..\SYSTEM\ad7191\ad7191.h(42): warning:  #1295-D: Deprecated declaration data_compare - give arg types
  float data_compare();
..\SYSTEM\ad7191\ad7191.h(43): warning:  #1295-D: Deprecated declaration get_data_and_send - give arg types
  float get_data_and_send();
..\SYSTEM\ad7191\ad7191.h(57): warning:  #1295-D: Deprecated declaration To_zero - give arg types
  extern void To_zero();
..\SYSTEM\ad7191\ad7191.h(63): warning:  #1295-D: Deprecated declaration GetTemperature - give arg types
   float	GetTemperature();
main.c: 10 warnings, 0 errors
compiling misc.c...
compiling stm32f10x_gpio.c...
compiling stm32f10x_wwdg.c...
compiling delay.c...
compiling stm32f10x_usart.c...
compiling exti.c...
..\SYSTEM\ad7191\ad7191.h(37): warning:  #1295-D: Deprecated declaration read_data_from_ad7191 - give arg types
  unsigned int read_data_from_ad7191();
..\SYSTEM\ad7191\ad7191.h(38): warning:  #1295-D: Deprecated declaration get_data_and_send_moving - give arg types
  float get_data_and_send_moving();
..\SYSTEM\ad7191\ad7191.h(39): warning:  #1295-D: Deprecated declaration get_data_and_send_static - give arg types
  float get_data_and_send_static();
..\SYSTEM\ad7191\ad7191.h(40): warning:  #1295-D: Deprecated declaration ad7191_on - give arg types
  void ad7191_on();
..\SYSTEM\ad7191\ad7191.h(41): warning:  #1295-D: Deprecated declaration ad7191_off - give arg types
  void ad7191_off();
..\SYSTEM\ad7191\ad7191.h(42): warning:  #1295-D: Deprecated declaration data_compare - give arg types
  float data_compare();
..\SYSTEM\ad7191\ad7191.h(43): warning:  #1295-D: Deprecated declaration get_data_and_send - give arg types
  float get_data_and_send();
..\SYSTEM\ad7191\ad7191.h(57): warning:  #1295-D: Deprecated declaration To_zero - give arg types
  extern void To_zero();
..\SYSTEM\ad7191\ad7191.h(63): warning:  #1295-D: Deprecated declaration GetTemperature - give arg types
   float	GetTemperature();
..\HARDWARE\LED\exti.c: 9 warnings, 0 errors
compiling stm32f10x_rcc.c...
compiling FlagDeal.c...
..\SYSTEM\ad7191\ad7191.h(37): warning:  #1295-D: Deprecated declaration read_data_from_ad7191 - give arg types
  unsigned int read_data_from_ad7191();
..\SYSTEM\ad7191\ad7191.h(38): warning:  #1295-D: Deprecated declaration get_data_and_send_moving - give arg types
  float get_data_and_send_moving();
..\SYSTEM\ad7191\ad7191.h(39): warning:  #1295-D: Deprecated declaration get_data_and_send_static - give arg types
  float get_data_and_send_static();
..\SYSTEM\ad7191\ad7191.h(40): warning:  #1295-D: Deprecated declaration ad7191_on - give arg types
  void ad7191_on();
..\SYSTEM\ad7191\ad7191.h(41): warning:  #1295-D: Deprecated declaration ad7191_off - give arg types
  void ad7191_off();
..\SYSTEM\ad7191\ad7191.h(42): warning:  #1295-D: Deprecated declaration data_compare - give arg types
  float data_compare();
..\SYSTEM\ad7191\ad7191.h(43): warning:  #1295-D: Deprecated declaration get_data_and_send - give arg types
  float get_data_and_send();
..\SYSTEM\ad7191\ad7191.h(57): warning:  #1295-D: Deprecated declaration To_zero - give arg types
  extern void To_zero();
..\SYSTEM\ad7191\ad7191.h(63): warning:  #1295-D: Deprecated declaration GetTemperature - give arg types
   float	GetTemperature();
..\HARDWARE\LED\FlagDeal.c: 9 warnings, 0 errors
compiling ad7191.c...
..\SYSTEM\ad7191\ad7191.h(37): warning:  #1295-D: Deprecated declaration read_data_from_ad7191 - give arg types
  unsigned int read_data_from_ad7191();
..\SYSTEM\ad7191\ad7191.h(38): warning:  #1295-D: Deprecated declaration get_data_and_send_moving - give arg types
  float get_data_and_send_moving();
..\SYSTEM\ad7191\ad7191.h(39): warning:  #1295-D: Deprecated declaration get_data_and_send_static - give arg types
  float get_data_and_send_static();
..\SYSTEM\ad7191\ad7191.h(40): warning:  #1295-D: Deprecated declaration ad7191_on - give arg types
  void ad7191_on();
..\SYSTEM\ad7191\ad7191.h(41): warning:  #1295-D: Deprecated declaration ad7191_off - give arg types
  void ad7191_off();
..\SYSTEM\ad7191\ad7191.h(42): warning:  #1295-D: Deprecated declaration data_compare - give arg types
  float data_compare();
..\SYSTEM\ad7191\ad7191.h(43): warning:  #1295-D: Deprecated declaration get_data_and_send - give arg types
  float get_data_and_send();
..\SYSTEM\ad7191\ad7191.h(57): warning:  #1295-D: Deprecated declaration To_zero - give arg types
  extern void To_zero();
..\SYSTEM\ad7191\ad7191.h(63): warning:  #1295-D: Deprecated declaration GetTemperature - give arg types
   float	GetTemperature();
..\SYSTEM\ad7191\ad7191.c(264): warning:  #940-D: missing return statement at end of non-void function "GetValueMidTui" 
  }
..\SYSTEM\ad7191\ad7191.c(280): warning:  #940-D: missing return statement at end of non-void function "GetTemperature" 
  }
..\SYSTEM\ad7191\ad7191.c(317): warning:  #177-D: variable "i_icount"  was declared but never referenced
  	static int i_icount=0;
..\SYSTEM\ad7191\ad7191.c(320): warning:  #177-D: variable "j1"  was declared but never referenced
  	static int j1=0;
..\SYSTEM\ad7191\ad7191.c(321): warning:  #177-D: variable "d"  was declared but never referenced
  	static int  d =0 ;
..\SYSTEM\ad7191\ad7191.c(324): warning:  #177-D: variable "i_iamp"  was declared but never referenced
  	static int i_max=0,i_min= 0,i_sum = 0,i_iamp = 0;
..\SYSTEM\ad7191\ad7191.c(326): warning:  #550-D: variable "flag_amp"  was set but never used
  	static int flag_amp=0;
..\SYSTEM\ad7191\ad7191.c(327): warning:  #550-D: variable "sum_amp"  was set but never used
  	static float sum_amp = 0;
..\SYSTEM\ad7191\ad7191.c(434): warning:  #177-D: variable "i_m"  was declared but never referenced
  	static int i_m =0;
..\SYSTEM\ad7191\ad7191.c(435): warning:  #177-D: variable "m"  was declared but never referenced
  		static int m=0;
..\SYSTEM\ad7191\ad7191.c(436): warning:  #177-D: variable "n"  was declared but never referenced
    static int n = 0;
..\SYSTEM\ad7191\ad7191.c(437): warning:  #177-D: variable "t"  was declared but never referenced
  	static float t = 0;
..\SYSTEM\ad7191\ad7191.c(438): warning:  #177-D: variable "sum_jj"  was declared but never referenced
  	static float sum_jj= 0;
..\SYSTEM\ad7191\ad7191.c(466): warning:  #177-D: variable "sum"  was declared but never referenced
  	static long sum = 0;
..\SYSTEM\ad7191\ad7191.c(467): warning:  #177-D: variable "count"  was declared but never referenced
  	static int count = 0;
..\SYSTEM\ad7191\ad7191.c(468): warning:  #177-D: variable "damp"  was declared but never referenced
  	static float damp;
..\SYSTEM\ad7191\ad7191.c(469): warning:  #177-D: variable "i_con"  was declared but never referenced
  	static int i_con=0;
..\SYSTEM\ad7191\ad7191.c(471): warning:  #177-D: variable "i_count"  was declared but never referenced
  	static int i_count=0;
..\SYSTEM\ad7191\ad7191.c(472): warning:  #177-D: variable "j"  was declared but never referenced
    static int j = 0;
..\SYSTEM\ad7191\ad7191.c(473): warning:  #177-D: variable "sum_j"  was declared but never referenced
    static float sum_j = 0,sum_jj= 0;
..\SYSTEM\ad7191\ad7191.c(473): warning:  #177-D: variable "sum_jj"  was declared but never referenced
    static float sum_j = 0,sum_jj= 0;
..\SYSTEM\ad7191\ad7191.c(474): warning:  #177-D: variable "m"  was declared but never referenced
  	static int m=0;
..\SYSTEM\ad7191\ad7191.c(475): warning:  #177-D: variable "n"  was declared but never referenced
    static int n = 0;
..\SYSTEM\ad7191\ad7191.c(476): warning:  #177-D: variable "t"  was declared but never referenced
  	static float t = 0;
..\SYSTEM\ad7191\ad7191.c(477): warning:  #177-D: variable "i_pre"  was declared but never referenced
  	static int i_pre=0;
..\SYSTEM\ad7191\ad7191.c(478): warning:  #177-D: variable "i_i"  was declared but never referenced
  	static int i_i=0;
..\SYSTEM\ad7191\ad7191.c: 35 warnings, 0 errors
compiling sys.c...
compiling stm32f10x_tim.c...
compiling usart.c...
compiling led.c...
compiling uart3.c...
compiling uart1.c...
compiling relay.c...
..\HARDWARE\LED\relay.h(10): warning:  #1-D: last line of file ends without a newline
  #endif
..\SYSTEM\ad7191\ad7191.h(37): warning:  #1295-D: Deprecated declaration read_data_from_ad7191 - give arg types
  unsigned int read_data_from_ad7191();
..\SYSTEM\ad7191\ad7191.h(38): warning:  #1295-D: Deprecated declaration get_data_and_send_moving - give arg types
  float get_data_and_send_moving();
..\SYSTEM\ad7191\ad7191.h(39): warning:  #1295-D: Deprecated declaration get_data_and_send_static - give arg types
  float get_data_and_send_static();
..\SYSTEM\ad7191\ad7191.h(40): warning:  #1295-D: Deprecated declaration ad7191_on - give arg types
  void ad7191_on();
..\SYSTEM\ad7191\ad7191.h(41): warning:  #1295-D: Deprecated declaration ad7191_off - give arg types
  void ad7191_off();
..\SYSTEM\ad7191\ad7191.h(42): warning:  #1295-D: Deprecated declaration data_compare - give arg types
  float data_compare();
..\SYSTEM\ad7191\ad7191.h(43): warning:  #1295-D: Deprecated declaration get_data_and_send - give arg types
  float get_data_and_send();
..\SYSTEM\ad7191\ad7191.h(57): warning:  #1295-D: Deprecated declaration To_zero - give arg types
  extern void To_zero();
..\SYSTEM\ad7191\ad7191.h(63): warning:  #1295-D: Deprecated declaration GetTemperature - give arg types
   float	GetTemperature();
..\HARDWARE\LED\relay.c: 10 warnings, 0 errors
compiling timer.c...
..\SYSTEM\ad7191\ad7191.h(37): warning:  #1295-D: Deprecated declaration read_data_from_ad7191 - give arg types
  unsigned int read_data_from_ad7191();
..\SYSTEM\ad7191\ad7191.h(38): warning:  #1295-D: Deprecated declaration get_data_and_send_moving - give arg types
  float get_data_and_send_moving();
..\SYSTEM\ad7191\ad7191.h(39): warning:  #1295-D: Deprecated declaration get_data_and_send_static - give arg types
  float get_data_and_send_static();
..\SYSTEM\ad7191\ad7191.h(40): warning:  #1295-D: Deprecated declaration ad7191_on - give arg types
  void ad7191_on();
..\SYSTEM\ad7191\ad7191.h(41): warning:  #1295-D: Deprecated declaration ad7191_off - give arg types
  void ad7191_off();
..\SYSTEM\ad7191\ad7191.h(42): warning:  #1295-D: Deprecated declaration data_compare - give arg types
  float data_compare();
..\SYSTEM\ad7191\ad7191.h(43): warning:  #1295-D: Deprecated declaration get_data_and_send - give arg types
  float get_data_and_send();
..\SYSTEM\ad7191\ad7191.h(57): warning:  #1295-D: Deprecated declaration To_zero - give arg types
  extern void To_zero();
..\SYSTEM\ad7191\ad7191.h(63): warning:  #1295-D: Deprecated declaration GetTemperature - give arg types
   float	GetTemperature();
..\HARDWARE\LED\timer.c(161): warning:  #177-D: variable "time_buf"  was declared but never referenced
  	static unsigned int cnt = 0,time_buf = 0,sec_2= 0;
..\HARDWARE\LED\timer.c: 10 warnings, 0 errors
compiling master.c...
compiling usart_op.c...
..\HARDWARE\LED\relay.h(10): warning:  #1-D: last line of file ends without a newline
  #endif
..\SYSTEM\ad7191\ad7191.h(37): warning:  #1295-D: Deprecated declaration read_data_from_ad7191 - give arg types
  unsigned int read_data_from_ad7191();
..\SYSTEM\ad7191\ad7191.h(38): warning:  #1295-D: Deprecated declaration get_data_and_send_moving - give arg types
  float get_data_and_send_moving();
..\SYSTEM\ad7191\ad7191.h(39): warning:  #1295-D: Deprecated declaration get_data_and_send_static - give arg types
  float get_data_and_send_static();
..\SYSTEM\ad7191\ad7191.h(40): warning:  #1295-D: Deprecated declaration ad7191_on - give arg types
  void ad7191_on();
..\SYSTEM\ad7191\ad7191.h(41): warning:  #1295-D: Deprecated declaration ad7191_off - give arg types
  void ad7191_off();
..\SYSTEM\ad7191\ad7191.h(42): warning:  #1295-D: Deprecated declaration data_compare - give arg types
  float data_compare();
..\SYSTEM\ad7191\ad7191.h(43): warning:  #1295-D: Deprecated declaration get_data_and_send - give arg types
  float get_data_and_send();
..\SYSTEM\ad7191\ad7191.h(57): warning:  #1295-D: Deprecated declaration To_zero - give arg types
  extern void To_zero();
..\SYSTEM\ad7191\ad7191.h(63): warning:  #1295-D: Deprecated declaration GetTemperature - give arg types
   float	GetTemperature();
..\HARDWARE\LED\usart_op.c(224): warning:  #223-D: function "WRITE_CF_HZ" declared implicitly
  						WRITE_CF_HZ(Rx_Deal_Str[10]);
..\HARDWARE\LED\usart_op.c(167): warning:  #177-D: variable "cnt_bl"  was declared but never referenced
  	unsigned char cnt_bl = 0;
..\HARDWARE\LED\usart_op.c(156): warning:  #177-D: variable "Rx_flag"  was declared but never referenced
  static int Rx_flag = 0;
..\HARDWARE\LED\usart_op.c: 13 warnings, 0 errors
linking...
Program Size: Code=14448 RO-data=268 RW-data=600 ZI-data=8592  
FromELF: creating hex file...
"..\OBJ\template.axf" - 0 Error(s), 96 Warning(s).

<h2>Software Packages used:</h2>

Package Vendor: Keil
                http://www.keil.com/pack/Keil.STM32F1xx_DFP.2.1.0.pack
                Keil.STM32F1xx_DFP.2.1.0
                STMicroelectronics STM32F1 Series Device Support, Drivers and Examples

<h2>Collection of Component include folders:</h2>
  D:\keil\Keil\STM32F1xx_DFP\2.1.0\Device\Include

<h2>Collection of Component Files used:</h2>
Build Time Elapsed:  00:00:02
</pre>
</body>
</html>
