<html>
<body>
<pre>
<h1>礦ision Build Log</h1>
<h2>Tool Versions:</h2>
IDE-Version: μVision V5.34.0.0
Copyright (C) 2021 ARM Ltd and ARM Germany GmbH. All rights reserved.
License Information: . ., ., LIC=X1E4T-R32YT-F1XPT-RJRCQ-61JV1-KEPPE
 
Tool Versions:
Toolchain:       MDK-ARM Professional  Version: 5.34.0.0
Toolchain Path:  D:\Keil\ARM\ARMCC\Bin
C Compiler:      Armcc.exe V5.06 update 7 (build 960)
Assembler:       Armasm.exe V5.06 update 7 (build 960)
Linker/Locator:  ArmLink.exe V5.06 update 7 (build 960)
Library Manager: ArmAr.exe V5.06 update 7 (build 960)
Hex Converter:   FromElf.exe V5.06 update 7 (build 960)
CPU DLL:         SARMCM3.DLL V5.34.0.0
Dialog DLL:      DCM.DLL V1.17.3.0
Target DLL:      STLink\ST-LINKIII-KEIL_SWO.dll V3.0.8.0
Dialog DLL:      TCM.DLL V1.48.0.0
 
<h2>Project:</h2>
C:\Users\Administrator\Desktop\称重机\weight_4_22 _6 -1 - huadong - chuanMAXMIN\USER\LED.uvprojx
Project File Date:  07/16/2021

<h2>Output:</h2>
*** Using Compiler 'V5.06 update 7 (build 960)', folder: 'D:\Keil\ARM\ARMCC\Bin'
Rebuild target 'LED'
compiling stm32f10x_it.c...
compiling main.c...
..\SYSTEM\ad7191\ad7191.h(37): warning:  #1295-D: Deprecated declaration read_data_from_ad7191 - give arg types
  unsigned int read_data_from_ad7191();
..\SYSTEM\ad7191\ad7191.h(38): warning:  #1295-D: Deprecated declaration get_data_and_send_moving - give arg types
  float get_data_and_send_moving();
..\SYSTEM\ad7191\ad7191.h(39): warning:  #1295-D: Deprecated declaration get_data_and_send_static - give arg types
  float get_data_and_send_static();
..\SYSTEM\ad7191\ad7191.h(40): warning:  #1295-D: Deprecated declaration ad7191_on - give arg types
  void ad7191_on();
..\SYSTEM\ad7191\ad7191.h(41): warning:  #1295-D: Deprecated declaration ad7191_off - give arg types
  void ad7191_off();
..\SYSTEM\ad7191\ad7191.h(42): warning:  #1295-D: Deprecated declaration data_compare - give arg types
  float data_compare();
..\SYSTEM\ad7191\ad7191.h(43): warning:  #1295-D: Deprecated declaration get_data_and_send - give arg types
  float get_data_and_send();
..\SYSTEM\ad7191\ad7191.h(57): warning:  #1295-D: Deprecated declaration To_zero - give arg types
  extern void To_zero();
..\SYSTEM\ad7191\ad7191.h(63): warning:  #1295-D: Deprecated declaration GetTemperature - give arg types
   float	GetTemperature();
main.c: 9 warnings, 0 errors
compiling exti.c...
..\SYSTEM\ad7191\ad7191.h(37): warning:  #1295-D: Deprecated declaration read_data_from_ad7191 - give arg types
  unsigned int read_data_from_ad7191();
..\SYSTEM\ad7191\ad7191.h(38): warning:  #1295-D: Deprecated declaration get_data_and_send_moving - give arg types
  float get_data_and_send_moving();
..\SYSTEM\ad7191\ad7191.h(39): warning:  #1295-D: Deprecated declaration get_data_and_send_static - give arg types
  float get_data_and_send_static();
..\SYSTEM\ad7191\ad7191.h(40): warning:  #1295-D: Deprecated declaration ad7191_on - give arg types
  void ad7191_on();
..\SYSTEM\ad7191\ad7191.h(41): warning:  #1295-D: Deprecated declaration ad7191_off - give arg types
  void ad7191_off();
..\SYSTEM\ad7191\ad7191.h(42): warning:  #1295-D: Deprecated declaration data_compare - give arg types
  float data_compare();
..\SYSTEM\ad7191\ad7191.h(43): warning:  #1295-D: Deprecated declaration get_data_and_send - give arg types
  float get_data_and_send();
..\SYSTEM\ad7191\ad7191.h(57): warning:  #1295-D: Deprecated declaration To_zero - give arg types
  extern void To_zero();
..\SYSTEM\ad7191\ad7191.h(63): warning:  #1295-D: Deprecated declaration GetTemperature - give arg types
   float	GetTemperature();
..\HARDWARE\LED\exti.c: 9 warnings, 0 errors
compiling system_stm32f10x.c...
assembling startup_stm32f10x_md.s...
compiling core_cm3.c...
compiling misc.c...
compiling stm32f10x_exti.c...
compiling stm32f10x_tim.c...
compiling stm32f10x_usart.c...
compiling stm32f10x_wwdg.c...
compiling stm32f10x_gpio.c...
compiling stm32f10x_rcc.c...
compiling delay.c...
compiling sys.c...
compiling ad7191.c...
..\SYSTEM\ad7191\ad7191.h(37): warning:  #1295-D: Deprecated declaration read_data_from_ad7191 - give arg types
  unsigned int read_data_from_ad7191();
..\SYSTEM\ad7191\ad7191.h(38): warning:  #1295-D: Deprecated declaration get_data_and_send_moving - give arg types
  float get_data_and_send_moving();
..\SYSTEM\ad7191\ad7191.h(39): warning:  #1295-D: Deprecated declaration get_data_and_send_static - give arg types
  float get_data_and_send_static();
..\SYSTEM\ad7191\ad7191.h(40): warning:  #1295-D: Deprecated declaration ad7191_on - give arg types
  void ad7191_on();
..\SYSTEM\ad7191\ad7191.h(41): warning:  #1295-D: Deprecated declaration ad7191_off - give arg types
  void ad7191_off();
..\SYSTEM\ad7191\ad7191.h(42): warning:  #1295-D: Deprecated declaration data_compare - give arg types
  float data_compare();
..\SYSTEM\ad7191\ad7191.h(43): warning:  #1295-D: Deprecated declaration get_data_and_send - give arg types
  float get_data_and_send();
..\SYSTEM\ad7191\ad7191.h(57): warning:  #1295-D: Deprecated declaration To_zero - give arg types
  extern void To_zero();
..\SYSTEM\ad7191\ad7191.h(63): warning:  #1295-D: Deprecated declaration GetTemperature - give arg types
   float	GetTemperature();
..\SYSTEM\ad7191\ad7191.c(264): warning:  #940-D: missing return statement at end of non-void function "GetValueMidTui" 
  }
..\SYSTEM\ad7191\ad7191.c(280): warning:  #940-D: missing return statement at end of non-void function "GetTemperature" 
  }
..\SYSTEM\ad7191\ad7191.c(319): warning:  #177-D: variable "i_icount"  was declared but never referenced
  	static int i_icount=0;
..\SYSTEM\ad7191\ad7191.c(322): warning:  #177-D: variable "j1"  was declared but never referenced
  	static int j1=0;
..\SYSTEM\ad7191\ad7191.c(323): warning:  #177-D: variable "d"  was declared but never referenced
  	static int  d =0 ;
..\SYSTEM\ad7191\ad7191.c(326): warning:  #177-D: variable "i_iamp"  was declared but never referenced
  	static int i_max=0,i_min= 0,i_sum = 0,i_iamp = 0;	//max	min 极值的个数
..\SYSTEM\ad7191\ad7191.c(328): warning:  #550-D: variable "flag_amp"  was set but never used
  	static int flag_amp=0;
..\SYSTEM\ad7191\ad7191.c(329): warning:  #550-D: variable "sum_amp"  was set but never used
  	static float sum_amp = 0;
..\SYSTEM\ad7191\ad7191.c(442): warning:  #177-D: variable "i_m"  was declared but never referenced
  	static int i_m =0;
..\SYSTEM\ad7191\ad7191.c(443): warning:  #177-D: variable "m"  was declared but never referenced
  	static int m=0;
..\SYSTEM\ad7191\ad7191.c(444): warning:  #177-D: variable "n"  was declared but never referenced
  	static int n = 0;
..\SYSTEM\ad7191\ad7191.c(445): warning:  #177-D: variable "t"  was declared but never referenced
  	static float t = 0;
..\SYSTEM\ad7191\ad7191.c(446): warning:  #177-D: variable "sum_jj"  was declared but never referenced
  	static float sum_jj= 0;
..\SYSTEM\ad7191\ad7191.c(474): warning:  #177-D: variable "sum"  was declared but never referenced
  	static long sum = 0;
..\SYSTEM\ad7191\ad7191.c(475): warning:  #177-D: variable "count"  was declared but never referenced
  	static int count = 0;
..\SYSTEM\ad7191\ad7191.c(476): warning:  #177-D: variable "damp"  was declared but never referenced
  	static float damp;
..\SYSTEM\ad7191\ad7191.c(477): warning:  #177-D: variable "i_con"  was declared but never referenced
  	static int i_con=0;
..\SYSTEM\ad7191\ad7191.c(479): warning:  #177-D: variable "i_count"  was declared but never referenced
  	static int i_count=0;
..\SYSTEM\ad7191\ad7191.c(480): warning:  #177-D: variable "j"  was declared but never referenced
  	static int j = 0;
..\SYSTEM\ad7191\ad7191.c(481): warning:  #177-D: variable "sum_j"  was declared but never referenced
  	static float sum_j = 0,sum_jj= 0;
..\SYSTEM\ad7191\ad7191.c(481): warning:  #177-D: variable "sum_jj"  was declared but never referenced
  	static float sum_j = 0,sum_jj= 0;
..\SYSTEM\ad7191\ad7191.c(482): warning:  #177-D: variable "m"  was declared but never referenced
  	static int m=0;
..\SYSTEM\ad7191\ad7191.c(483): warning:  #177-D: variable "n"  was declared but never referenced
  	static int n = 0;
..\SYSTEM\ad7191\ad7191.c(484): warning:  #177-D: variable "t"  was declared but never referenced
  	static float t = 0;
..\SYSTEM\ad7191\ad7191.c(485): warning:  #177-D: variable "i_pre"  was declared but never referenced
  	static int i_pre=0;
..\SYSTEM\ad7191\ad7191.c(486): warning:  #177-D: variable "i_i"  was declared but never referenced
  	static int i_i=0;
..\SYSTEM\ad7191\ad7191.c: 35 warnings, 0 errors
compiling FlagDeal.c...
..\SYSTEM\ad7191\ad7191.h(37): warning:  #1295-D: Deprecated declaration read_data_from_ad7191 - give arg types
  unsigned int read_data_from_ad7191();
..\SYSTEM\ad7191\ad7191.h(38): warning:  #1295-D: Deprecated declaration get_data_and_send_moving - give arg types
  float get_data_and_send_moving();
..\SYSTEM\ad7191\ad7191.h(39): warning:  #1295-D: Deprecated declaration get_data_and_send_static - give arg types
  float get_data_and_send_static();
..\SYSTEM\ad7191\ad7191.h(40): warning:  #1295-D: Deprecated declaration ad7191_on - give arg types
  void ad7191_on();
..\SYSTEM\ad7191\ad7191.h(41): warning:  #1295-D: Deprecated declaration ad7191_off - give arg types
  void ad7191_off();
..\SYSTEM\ad7191\ad7191.h(42): warning:  #1295-D: Deprecated declaration data_compare - give arg types
  float data_compare();
..\SYSTEM\ad7191\ad7191.h(43): warning:  #1295-D: Deprecated declaration get_data_and_send - give arg types
  float get_data_and_send();
..\SYSTEM\ad7191\ad7191.h(57): warning:  #1295-D: Deprecated declaration To_zero - give arg types
  extern void To_zero();
..\SYSTEM\ad7191\ad7191.h(63): warning:  #1295-D: Deprecated declaration GetTemperature - give arg types
   float	GetTemperature();
..\HARDWARE\LED\FlagDeal.c: 9 warnings, 0 errors
compiling usart.c...
compiling led.c...
compiling uart3.c...
compiling uart1.c...
..\SYSTEM\usart\uart1.c(94): warning:  #223-D: function "calloc" declared implicitly
  	printbuf = (unsigned char *) calloc (40,sizeof(unsigned char));
..\SYSTEM\usart\uart1.c(99): warning:  #223-D: function "deal_num" declared implicitly
  	length = deal_num(pp,data_print);
..\SYSTEM\usart\uart1.c(100): warning:  #223-D: function "USART3_Push" declared implicitly
  	USART3_Push(data_print,length);       //调试串口
..\SYSTEM\usart\uart1.c(107): warning:  #223-D: function "memcpy" declared implicitly
  	memcpy((printbuf + 6),pp,length);
..\SYSTEM\usart\uart1.c(109): warning:  #223-D: function "free" declared implicitly
  	free(data_print);
..\SYSTEM\usart\uart1.c: 5 warnings, 0 errors
compiling usart_op.c...
..\SYSTEM\ad7191\ad7191.h(37): warning:  #1295-D: Deprecated declaration read_data_from_ad7191 - give arg types
  unsigned int read_data_from_ad7191();
..\SYSTEM\ad7191\ad7191.h(38): warning:  #1295-D: Deprecated declaration get_data_and_send_moving - give arg types
  float get_data_and_send_moving();
..\SYSTEM\ad7191\ad7191.h(39): warning:  #1295-D: Deprecated declaration get_data_and_send_static - give arg types
  float get_data_and_send_static();
..\SYSTEM\ad7191\ad7191.h(40): warning:  #1295-D: Deprecated declaration ad7191_on - give arg types
  void ad7191_on();
..\SYSTEM\ad7191\ad7191.h(41): warning:  #1295-D: Deprecated declaration ad7191_off - give arg types
  void ad7191_off();
..\SYSTEM\ad7191\ad7191.h(42): warning:  #1295-D: Deprecated declaration data_compare - give arg types
  float data_compare();
..\SYSTEM\ad7191\ad7191.h(43): warning:  #1295-D: Deprecated declaration get_data_and_send - give arg types
  float get_data_and_send();
..\SYSTEM\ad7191\ad7191.h(57): warning:  #1295-D: Deprecated declaration To_zero - give arg types
  extern void To_zero();
..\SYSTEM\ad7191\ad7191.h(63): warning:  #1295-D: Deprecated declaration GetTemperature - give arg types
   float	GetTemperature();
..\HARDWARE\LED\usart_op.c(248): warning:  #223-D: function "WRITE_CF_HZ" declared implicitly
  				if(Rx_Deal_Str[10] != 0x00){WRITE_CF_HZ(Rx_Deal_Str[10]);}
..\HARDWARE\LED\usart_op.c(189): warning:  #177-D: variable "cnt_bl"  was declared but never referenced
  	unsigned char cnt_bl = 0;
..\HARDWARE\LED\usart_op.c(178): warning:  #177-D: variable "Rx_flag"  was declared but never referenced
  static int Rx_flag = 0;
..\HARDWARE\LED\usart_op.c: 12 warnings, 0 errors
compiling relay.c...
..\SYSTEM\ad7191\ad7191.h(37): warning:  #1295-D: Deprecated declaration read_data_from_ad7191 - give arg types
  unsigned int read_data_from_ad7191();
..\SYSTEM\ad7191\ad7191.h(38): warning:  #1295-D: Deprecated declaration get_data_and_send_moving - give arg types
  float get_data_and_send_moving();
..\SYSTEM\ad7191\ad7191.h(39): warning:  #1295-D: Deprecated declaration get_data_and_send_static - give arg types
  float get_data_and_send_static();
..\SYSTEM\ad7191\ad7191.h(40): warning:  #1295-D: Deprecated declaration ad7191_on - give arg types
  void ad7191_on();
..\SYSTEM\ad7191\ad7191.h(41): warning:  #1295-D: Deprecated declaration ad7191_off - give arg types
  void ad7191_off();
..\SYSTEM\ad7191\ad7191.h(42): warning:  #1295-D: Deprecated declaration data_compare - give arg types
  float data_compare();
..\SYSTEM\ad7191\ad7191.h(43): warning:  #1295-D: Deprecated declaration get_data_and_send - give arg types
  float get_data_and_send();
..\SYSTEM\ad7191\ad7191.h(57): warning:  #1295-D: Deprecated declaration To_zero - give arg types
  extern void To_zero();
..\SYSTEM\ad7191\ad7191.h(63): warning:  #1295-D: Deprecated declaration GetTemperature - give arg types
   float	GetTemperature();
..\HARDWARE\LED\relay.c: 9 warnings, 0 errors
compiling master.c...
compiling timer.c...
..\SYSTEM\ad7191\ad7191.h(37): warning:  #1295-D: Deprecated declaration read_data_from_ad7191 - give arg types
  unsigned int read_data_from_ad7191();
..\SYSTEM\ad7191\ad7191.h(38): warning:  #1295-D: Deprecated declaration get_data_and_send_moving - give arg types
  float get_data_and_send_moving();
..\SYSTEM\ad7191\ad7191.h(39): warning:  #1295-D: Deprecated declaration get_data_and_send_static - give arg types
  float get_data_and_send_static();
..\SYSTEM\ad7191\ad7191.h(40): warning:  #1295-D: Deprecated declaration ad7191_on - give arg types
  void ad7191_on();
..\SYSTEM\ad7191\ad7191.h(41): warning:  #1295-D: Deprecated declaration ad7191_off - give arg types
  void ad7191_off();
..\SYSTEM\ad7191\ad7191.h(42): warning:  #1295-D: Deprecated declaration data_compare - give arg types
  float data_compare();
..\SYSTEM\ad7191\ad7191.h(43): warning:  #1295-D: Deprecated declaration get_data_and_send - give arg types
  float get_data_and_send();
..\SYSTEM\ad7191\ad7191.h(57): warning:  #1295-D: Deprecated declaration To_zero - give arg types
  extern void To_zero();
..\SYSTEM\ad7191\ad7191.h(63): warning:  #1295-D: Deprecated declaration GetTemperature - give arg types
   float	GetTemperature();
..\HARDWARE\LED\timer.c(162): warning:  #177-D: variable "time_buf"  was declared but never referenced
  	static unsigned int cnt = 0,time_buf = 0,sec_2= 0;
..\HARDWARE\LED\timer.c: 10 warnings, 0 errors
linking...
Program Size: Code=12332 RO-data=268 RW-data=472 ZI-data=7880  
FromELF: creating hex file...
"..\OBJ\template.axf" - 0 Error(s), 98 Warning(s).

<h2>Software Packages used:</h2>

Package Vendor: Keil
                http://www.keil.com/pack/Keil.STM32F1xx_DFP.2.3.0.pack
                Keil.STM32F1xx_DFP.2.3.0
                STMicroelectronics STM32F1 Series Device Support, Drivers and Examples

<h2>Collection of Component include folders:</h2>
  D:\Keil\Arm\Packs\Keil\STM32F1xx_DFP\2.3.0\Device\Include

<h2>Collection of Component Files used:</h2>
Build Time Elapsed:  00:00:13
</pre>
</body>
</html>
